Archive member included to satisfy reference by file (symbol)

D:\1_Studying\1_IoT\1_FUNIX\Libraries_Add\SDK_1.0.3_NUCLEO-F401RE\lib_stm\libLibraries.a(system_stm32f4xx.o)
                              ./Src/main_Asm2_IOT302.o (SystemCoreClockUpdate)
D:\1_Studying\1_IoT\1_FUNIX\Libraries_Add\SDK_1.0.3_NUCLEO-F401RE\lib_stm\libLibraries.a(eventbutton.o)
                              ./Src/main_Asm2_IOT302.o (EventButton_Init)
D:\1_Studying\1_IoT\1_FUNIX\Libraries_Add\SDK_1.0.3_NUCLEO-F401RE\lib_stm\libLibraries.a(buzzer.o)
                              ./Src/main_Asm2_IOT302.o (BuzzerControl_Init)
D:\1_Studying\1_IoT\1_FUNIX\Libraries_Add\SDK_1.0.3_NUCLEO-F401RE\lib_stm\libLibraries.a(melody.o)
                              ./Src/main_Asm2_IOT302.o (pbeep)
D:\1_Studying\1_IoT\1_FUNIX\Libraries_Add\SDK_1.0.3_NUCLEO-F401RE\lib_stm\libLibraries.a(led.o)
                              ./Src/main_Asm2_IOT302.o (LedControl_Init)
D:\1_Studying\1_IoT\1_FUNIX\Libraries_Add\SDK_1.0.3_NUCLEO-F401RE\lib_stm\libLibraries.a(eventman.o)
                              ./Src/main_Asm2_IOT302.o (EventSchedulerInit)
D:\1_Studying\1_IoT\1_FUNIX\Libraries_Add\SDK_1.0.3_NUCLEO-F401RE\lib_stm\libLibraries.a(timer.o)
                              ./Src/main_Asm2_IOT302.o (TimerInit)
D:\1_Studying\1_IoT\1_FUNIX\Libraries_Add\SDK_1.0.3_NUCLEO-F401RE\lib_stm\libLibraries.a(lightsensor.o)
                              ./Src/main_Asm2_IOT302.o (LightSensor_Init)
D:\1_Studying\1_IoT\1_FUNIX\Libraries_Add\SDK_1.0.3_NUCLEO-F401RE\lib_stm\libLibraries.a(temhumsensor.o)
                              ./Src/main_Asm2_IOT302.o (TemHumSensor_Init)
D:\1_Studying\1_IoT\1_FUNIX\Libraries_Add\SDK_1.0.3_NUCLEO-F401RE\lib_stm\libLibraries.a(serial.o)
                              ./Src/main_Asm2_IOT302.o (processSerialReceiver)
D:\1_Studying\1_IoT\1_FUNIX\Libraries_Add\SDK_1.0.3_NUCLEO-F401RE\lib_stm\libLibraries.a(uartcmd.o)
                              ./Src/main_Asm2_IOT302.o (EventSerial_Init)
D:\1_Studying\1_IoT\1_FUNIX\Libraries_Add\SDK_1.0.3_NUCLEO-F401RE\lib_stm\libLibraries.a(Ucglib.o)
                              ./Src/main_Asm2_IOT302.o (Ucglib4WireSWSPI_begin)
D:\1_Studying\1_IoT\1_FUNIX\Libraries_Add\SDK_1.0.3_NUCLEO-F401RE\lib_stm\libLibraries.a(ucg_box.o)
                              ./Src/main_Asm2_IOT302.o (ucg_ClearScreen)
D:\1_Studying\1_IoT\1_FUNIX\Libraries_Add\SDK_1.0.3_NUCLEO-F401RE\lib_stm\libLibraries.a(ucg_ccs.o)
                              D:\1_Studying\1_IoT\1_FUNIX\Libraries_Add\SDK_1.0.3_NUCLEO-F401RE\lib_stm\libLibraries.a(ucg_box.o) (ucg_ccs_init)
D:\1_Studying\1_IoT\1_FUNIX\Libraries_Add\SDK_1.0.3_NUCLEO-F401RE\lib_stm\libLibraries.a(ucg_circle.o)
                              D:\1_Studying\1_IoT\1_FUNIX\Libraries_Add\SDK_1.0.3_NUCLEO-F401RE\lib_stm\libLibraries.a(ucg_box.o) (ucg_DrawCircle)
D:\1_Studying\1_IoT\1_FUNIX\Libraries_Add\SDK_1.0.3_NUCLEO-F401RE\lib_stm\libLibraries.a(ucg_dev_default_cb.o)
                              D:\1_Studying\1_IoT\1_FUNIX\Libraries_Add\SDK_1.0.3_NUCLEO-F401RE\lib_stm\libLibraries.a(Ucglib.o) (ucg_dev_default_cb)
D:\1_Studying\1_IoT\1_FUNIX\Libraries_Add\SDK_1.0.3_NUCLEO-F401RE\lib_stm\libLibraries.a(ucg_dev_ic_st7735.o)
                              D:\1_Studying\1_IoT\1_FUNIX\Libraries_Add\SDK_1.0.3_NUCLEO-F401RE\lib_stm\libLibraries.a(Ucglib.o) (ucg_ext_st7735_18)
D:\1_Studying\1_IoT\1_FUNIX\Libraries_Add\SDK_1.0.3_NUCLEO-F401RE\lib_stm\libLibraries.a(ucg_dev_msg_api.o)
                              D:\1_Studying\1_IoT\1_FUNIX\Libraries_Add\SDK_1.0.3_NUCLEO-F401RE\lib_stm\libLibraries.a(ucg_box.o) (ucg_SetMaxClipRange)
D:\1_Studying\1_IoT\1_FUNIX\Libraries_Add\SDK_1.0.3_NUCLEO-F401RE\lib_stm\libLibraries.a(ucg_dev_tft_128x128_st7735.o)
                              D:\1_Studying\1_IoT\1_FUNIX\Libraries_Add\SDK_1.0.3_NUCLEO-F401RE\lib_stm\libLibraries.a(Ucglib.o) (ucg_dev_st7735_18x128x128)
D:\1_Studying\1_IoT\1_FUNIX\Libraries_Add\SDK_1.0.3_NUCLEO-F401RE\lib_stm\libLibraries.a(ucg_font.o)
                              D:\1_Studying\1_IoT\1_FUNIX\Libraries_Add\SDK_1.0.3_NUCLEO-F401RE\lib_stm\libLibraries.a(Ucglib.o) (ucg_SetFontMode)
D:\1_Studying\1_IoT\1_FUNIX\Libraries_Add\SDK_1.0.3_NUCLEO-F401RE\lib_stm\libLibraries.a(ucg_init.o)
                              D:\1_Studying\1_IoT\1_FUNIX\Libraries_Add\SDK_1.0.3_NUCLEO-F401RE\lib_stm\libLibraries.a(Ucglib.o) (ucg_Init)
D:\1_Studying\1_IoT\1_FUNIX\Libraries_Add\SDK_1.0.3_NUCLEO-F401RE\lib_stm\libLibraries.a(ucg_line.o)
                              D:\1_Studying\1_IoT\1_FUNIX\Libraries_Add\SDK_1.0.3_NUCLEO-F401RE\lib_stm\libLibraries.a(ucg_font.o) (ucg_Draw90Line)
D:\1_Studying\1_IoT\1_FUNIX\Libraries_Add\SDK_1.0.3_NUCLEO-F401RE\lib_stm\libLibraries.a(ucg_pixel.o)
                              ./Src/main_Asm2_IOT302.o (ucg_SetColor)
D:\1_Studying\1_IoT\1_FUNIX\Libraries_Add\SDK_1.0.3_NUCLEO-F401RE\lib_stm\libLibraries.a(ucg_pixel_font_data.o)
                              ./Src/main_Asm2_IOT302.o (ucg_font_ncenR08_hf)
[...]
Memory Configuration

Name             Origin             Length             Attributes
RAM              0x20000000         0x00018000         xrw
FLASH            0x08000000         0x00080000         xr
*default*        0x00000000         0xffffffff

Linker script and memory map

LOAD C:/ST/STM32CubeIDE_1.13.2/STM32CubeIDE/plugins/com.st.stm32cube.ide.mcu.externaltools.gnu-tools-for-stm32.12.3.rel1.win32_1.0.100.202403111256/tools/bin/../lib/gcc/arm-none-eabi/12.3.1/thumb/v7e-m+fp/hard/crti.o
LOAD C:/ST/STM32CubeIDE_1.13.2/STM32CubeIDE/plugins/com.st.stm32cube.ide.mcu.externaltools.gnu-tools-for-stm32.12.3.rel1.win32_1.0.100.202403111256/tools/bin/../lib/gcc/arm-none-eabi/12.3.1/thumb/v7e-m+fp/hard/crtbegin.o
LOAD C:/ST/STM32CubeIDE_1.13.2/STM32CubeIDE/plugins/com.st.stm32cube.ide.mcu.externaltools.gnu-tools-for-stm32.12.3.rel1.win32_1.0.100.202403111256/tools/bin/../lib/gcc/arm-none-eabi/12.3.1/../../../../arm-none-eabi/lib/thumb/v7e-m+fp/hard/crt0.o
LOAD ./Queue-Library/queue.o
LOAD ./Src/main_Asm2_IOT302.o
LOAD ./Src/syscalls.o
LOAD ./Src/sysmem.o
LOAD ./Startup/startup_stm32f401retx.o
LOAD D:\1_Studying\1_IoT\1_FUNIX\Libraries_Add\SDK_1.0.3_NUCLEO-F401RE\lib_stm\libLibraries.a
START GROUP
LOAD C:/ST/STM32CubeIDE_1.13.2/STM32CubeIDE/plugins/com.st.stm32cube.ide.mcu.externaltools.gnu-tools-for-stm32.12.3.rel1.win32_1.0.100.202403111256/tools/bin/../lib/gcc/arm-none-eabi/12.3.1/../../../../arm-none-eabi/lib/thumb/v7e-m+fp/hard\libc_nano.a
LOAD C:/ST/STM32CubeIDE_1.13.2/STM32CubeIDE/plugins/com.st.stm32cube.ide.mcu.externaltools.gnu-tools-for-stm32.12.3.rel1.win32_1.0.100.202403111256/tools/bin/../lib/gcc/arm-none-eabi/12.3.1/../../../../arm-none-eabi/lib/thumb/v7e-m+fp/hard\libm.a
END GROUP
START GROUP
LOAD C:/ST/STM32CubeIDE_1.13.2/STM32CubeIDE/plugins/com.st.stm32cube.ide.mcu.externaltools.gnu-tools-for-stm32.12.3.rel1.win32_1.0.100.202403111256/tools/bin/../lib/gcc/arm-none-eabi/12.3.1/thumb/v7e-m+fp/hard\libgcc.a
LOAD C:/ST/STM32CubeIDE_1.13.2/STM32CubeIDE/plugins/com.st.stm32cube.ide.mcu.externaltools.gnu-tools-for-stm32.12.3.rel1.win32_1.0.100.202403111256/tools/bin/../lib/gcc/arm-none-eabi/12.3.1/../../../../arm-none-eabi/lib/thumb/v7e-m+fp/hard\libc_nano.a
END GROUP
START GROUP
LOAD C:/ST/STM32CubeIDE_1.13.2/STM32CubeIDE/plugins/com.st.stm32cube.ide.mcu.externaltools.gnu-tools-for-stm32.12.3.rel1.win32_1.0.100.202403111256/tools/bin/../lib/gcc/arm-none-eabi/12.3.1/thumb/v7e-m+fp/hard\libgcc.a
LOAD C:/ST/STM32CubeIDE_1.13.2/STM32CubeIDE/plugins/com.st.stm32cube.ide.mcu.externaltools.gnu-tools-for-stm32.12.3.rel1.win32_1.0.100.202403111256/tools/bin/../lib/gcc/arm-none-eabi/12.3.1/../../../../arm-none-eabi/lib/thumb/v7e-m+fp/hard\libc_nano.a
LOAD C:/ST/STM32CubeIDE_1.13.2/STM32CubeIDE/plugins/com.st.stm32cube.ide.mcu.externaltools.gnu-tools-for-stm32.12.3.rel1.win32_1.0.100.202403111256/tools/bin/../lib/gcc/arm-none-eabi/12.3.1/../../../../arm-none-eabi/lib/thumb/v7e-m+fp/hard\libnosys.a
END GROUP
START GROUP
LOAD C:/ST/STM32CubeIDE_1.13.2/STM32CubeIDE/plugins/com.st.stm32cube.ide.mcu.externaltools.gnu-tools-for-stm32.12.3.rel1.win32_1.0.100.202403111256/tools/bin/../lib/gcc/arm-none-eabi/12.3.1/thumb/v7e-m+fp/hard\libgcc.a
LOAD C:/ST/STM32CubeIDE_1.13.2/STM32CubeIDE/plugins/com.st.stm32cube.ide.mcu.externaltools.gnu-tools-for-stm32.12.3.rel1.win32_1.0.100.202403111256/tools/bin/../lib/gcc/arm-none-eabi/12.3.1/../../../../arm-none-eabi/lib/thumb/v7e-m+fp/hard\libc_nano.a
LOAD C:/ST/STM32CubeIDE_1.13.2/STM32CubeIDE/plugins/com.st.stm32cube.ide.mcu.externaltools.gnu-tools-for-stm32.12.3.rel1.win32_1.0.100.202403111256/tools/bin/../lib/gcc/arm-none-eabi/12.3.1/../../../../arm-none-eabi/lib/thumb/v7e-m+fp/hard\libnosys.a
END GROUP
LOAD C:/ST/STM32CubeIDE_1.13.2/STM32CubeIDE/plugins/com.st.stm32cube.ide.mcu.externaltools.gnu-tools-for-stm32.12.3.rel1.win32_1.0.100.202403111256/tools/bin/../lib/gcc/arm-none-eabi/12.3.1/thumb/v7e-m+fp/hard/crtend.o
LOAD C:/ST/STM32CubeIDE_1.13.2/STM32CubeIDE/plugins/com.st.stm32cube.ide.mcu.externaltools.gnu-tools-for-stm32.12.3.rel1.win32_1.0.100.202403111256/tools/bin/../lib/gcc/arm-none-eabi/12.3.1/thumb/v7e-m+fp/hard/crtn.o
                0x20018000                        _estack = (ORIGIN (RAM) + LENGTH (RAM))
                0x00000200                        _Min_Heap_Size = 0x200
                0x00000400                        _Min_Stack_Size = 0x400

.isr_vector     0x08000000      0x194
                0x08000000                        . = ALIGN (0x4)
 *(.isr_vector)
 .isr_vector    0x08000000      0x194 ./Startup/startup_stm32f401retx.o
                0x08000000                g_pfnVectors
                0x08000194                        . = ALIGN (0x4)

.text           0x080001a0     0x7c44
                0x080001a0                        . = ALIGN (0x4)
 *(.text)
 .text          0x080001a0       0x40 C:/ST/STM32CubeIDE_1.13.2/STM32CubeIDE/plugins/com.st.stm32cube.ide.mcu.externaltools.gnu-tools-for-stm32.12.3.rel1.win32_1.0.100.202403111256/tools/bin/../lib/gcc/arm-none-eabi/12.3.1/thumb/v7e-m+fp/hard/crtbegin.o
 .text          0x080001e0       0xa0 C:/ST/STM32CubeIDE_1.13.2/STM32CubeIDE/plugins/com.st.stm32cube.ide.mcu.externaltools.gnu-tools-for-stm32.12.3.rel1.win32_1.0.100.202403111256/tools/bin/../lib/gcc/arm-none-eabi/12.3.1/../../../../arm-none-eabi/lib/thumb/v7e-m+fp/hard\libc_nano.a(libc_a-memchr.o)
                0x080001e0                memchr
 *(.text*)
 .text.bufInit  0x08000280       0x36 ./Queue-Library/queue.o
                0x08000280                bufInit
 .text.bufNumItems
                0x080002b6       0x18 ./Queue-Library/queue.o
                0x080002b6                bufNumItems
 .text.bufIsFull
                0x080002ce       0x32 ./Queue-Library/queue.o
                0x080002ce                bufIsFull
 .text.bufIsEmpty
                0x08000300       0x22 ./Queue-Library/queue.o
                0x08000300                bufIsEmpty
 .text.bufFlush
                0x08000322       0x32 ./Queue-Library/queue.o
                0x08000322                bufFlush
 .text.bufEnDat
                0x08000354       0xaa ./Queue-Library/queue.o
                0x08000354                bufEnDat
 .text.bufDeDat
                0x080003fe       0x78 ./Queue-Library/queue.o
                0x080003fe                bufDeDat
 .text.main     0x08000476       0x24 ./Src/main_Asm2_IOT302.o
                0x08000476                main
 *fill*         0x0800049a        0x2 
 .text.AppInitCommon
                0x0800049c       0xa4 ./Src/main_Asm2_IOT302.o
                0x0800049c                AppInitCommon
 .text.SetStateApp
                0x08000540       0x20 ./Src/main_Asm2_IOT302.o
 .text.GetStateApp
                0x08000560       0x18 ./Src/main_Asm2_IOT302.o
 .text.AppStateManager
                0x08000578       0x64 ./Src/main_Asm2_IOT302.o
 .text.LoadConfiguration
                0x080005dc       0x4c ./Src/main_Asm2_IOT302.o
                0x080005dc                LoadConfiguration
 .text.DeviceStateMachine
                0x08000628      0x4ec ./Src/main_Asm2_IOT302.o
                0x08000628                DeviceStateMachine
 .text.Clamp    0x08000b14       0x32 ./Src/main_Asm2_IOT302.o
                0x08000b14                Clamp
 *fill*         0x08000b46        0x2 
 .text.Increase_LedLevel
                0x08000b48       0x30 ./Src/main_Asm2_IOT302.o
                0x08000b48                Increase_LedLevel
 .text.Decrease_LedLevel
                0x08000b78       0x30 ./Src/main_Asm2_IOT302.o
                0x08000b78                Decrease_LedLevel
 .text.MultiSensorScan
                0x08000ba8       0x60 ./Src/main_Asm2_IOT302.o
                0x08000ba8                MultiSensorScan
 .text.Task_multiSensorScan
                0x08000c08      0x104 ./Src/main_Asm2_IOT302.o
                0x08000c08                Task_multiSensorScan
 .text.LedCmdSetState
                0x08000d0c       0xe8 ./Src/main_Asm2_IOT302.o
                0x08000d0c                LedCmdSetState
 .text.BuzzerCmdSetState
                0x08000df4       0x24 ./Src/main_Asm2_IOT302.o
                0x08000df4                BuzzerCmdSetState
 .text.LcdCmdSetState
                0x08000e18       0x70 ./Src/main_Asm2_IOT302.o
                0x08000e18                LcdCmdSetState
 .text.ButtonCmdSetState
                0x08000e88      0x3a4 ./Src/main_Asm2_IOT302.o
                0x08000e88                ButtonCmdSetState
 .text._sbrk    0x0800122c       0x6c ./Src/sysmem.o
                0x0800122c                _sbrk
 .text.Reset_Handler
                0x08001298       0x50 ./Startup/startup_stm32f401retx.o
                0x08001298                Reset_Handler
 .text.Default_Handler
                0x080012e8        0x2 ./Startup/startup_stm32f401retx.o
                0x080012e8                EXTI2_IRQHandler
                0x080012e8                DebugMon_Handler
                0x080012e8                SPI4_IRQHandler
                0x080012e8                TIM1_CC_IRQHandler
                0x080012e8                DMA2_Stream5_IRQHandler
                0x080012e8                HardFault_Handler
                0x080012e8                DMA1_Stream5_IRQHandler
                0x080012e8                SDIO_IRQHandler
                0x080012e8                TAMP_STAMP_IRQHandler
                0x080012e8                PendSV_Handler
                0x080012e8                NMI_Handler
                0x080012e8                EXTI3_IRQHandler
                0x080012e8                TIM1_UP_TIM10_IRQHandler
                0x080012e8                I2C3_ER_IRQHandler
                0x080012e8                EXTI18_OTG_FS_WKUP_IRQHandler
                0x080012e8                EXTI0_IRQHandler
                0x080012e8                I2C2_EV_IRQHandler
                0x080012e8                DMA1_Stream2_IRQHandler
                0x080012e8                UsageFault_Handler
                0x080012e8                DMA2_Stream2_IRQHandler
                0x080012e8                SPI1_IRQHandler
                0x080012e8                TIM1_BRK_TIM9_IRQHandler
                0x080012e8                DMA2_Stream3_IRQHandler
                0x080012e8                USART6_IRQHandler
                0x080012e8                DMA2_Stream0_IRQHandler
                0x080012e8                TIM4_IRQHandler
                0x080012e8                I2C1_EV_IRQHandler
                0x080012e8                DMA1_Stream6_IRQHandler
                0x080012e8                DMA1_Stream1_IRQHandler
                0x080012e8                TIM3_IRQHandler
                0x080012e8                RCC_IRQHandler
                0x080012e8                Default_Handler
                0x080012e8                EXTI15_10_IRQHandler
                0x080012e8                ADC_IRQHandler
                0x080012e8                DMA1_Stream7_IRQHandler
                0x080012e8                TIM5_IRQHandler
                0x080012e8                DMA2_Stream7_IRQHandler
                0x080012e8                I2C3_EV_IRQHandler
                0x080012e8                EXTI9_5_IRQHandler
                0x080012e8                SPI2_IRQHandler
                0x080012e8                MemManage_Handler
                0x080012e8                DMA1_Stream0_IRQHandler
                0x080012e8                SVC_Handler
                0x080012e8                EXTI4_IRQHandler
                0x080012e8                EXTI22_RTC_WKUP_IRQHandler
                0x080012e8                TIM2_IRQHandler
                0x080012e8                EXTI16_PVD_IRQHandler
                0x080012e8                TIM1_TRG_COM_TIM11_IRQHandler
                0x080012e8                EXTI1_IRQHandler
                0x080012e8                EXTI17_RTC_Alarm_IRQHandler
                0x080012e8                I2C2_ER_IRQHandler
                0x080012e8                DMA2_Stream1_IRQHandler
                0x080012e8                FLASH_IRQHandler
                0x080012e8                DMA2_Stream4_IRQHandler
                0x080012e8                BusFault_Handler
                0x080012e8                USART1_IRQHandler
                0x080012e8                OTG_FS_IRQHandler
                0x080012e8                SPI3_IRQHandler
                0x080012e8                DMA1_Stream4_IRQHandler
                0x080012e8                I2C1_ER_IRQHandler
                0x080012e8                DMA2_Stream6_IRQHandler
                0x080012e8                DMA1_Stream3_IRQHandler
 *fill*         0x080012ea        0x2 
 .text.SystemInit
                0x080012ec       0x6c D:\1_Studying\1_IoT\1_FUNIX\Libraries_Add\SDK_1.0.3_NUCLEO-F401RE\lib_stm\libLibraries.a(system_stm32f4xx.o)
                0x080012ec                SystemInit
 .text.SystemCoreClockUpdate
                0x08001358       0xf8 D:\1_Studying\1_IoT\1_FUNIX\Libraries_Add\SDK_1.0.3_NUCLEO-F401RE\lib_stm\libLibraries.a(system_stm32f4xx.o)
                0x08001358                SystemCoreClockUpdate
 .text.SetSysClock
                0x08001450       0xa0 D:\1_Studying\1_IoT\1_FUNIX\Libraries_Add\SDK_1.0.3_NUCLEO-F401RE\lib_stm\libLibraries.a(system_stm32f4xx.o)
 .text.EventButton_Init
                0x080014f0       0x6c D:\1_Studying\1_IoT\1_FUNIX\Libraries_Add\SDK_1.0.3_NUCLEO-F401RE\lib_stm\libLibraries.a(eventbutton.o)
                0x080014f0                EventButton_Init
 .text.ButtonProcessEventEdge
                0x0800155c       0x34 D:\1_Studying\1_IoT\1_FUNIX\Libraries_Add\SDK_1.0.3_NUCLEO-F401RE\lib_stm\libLibraries.a(eventbutton.o)
 .text.ButtonProcessEventPress
                0x08001590       0x48 D:\1_Studying\1_IoT\1_FUNIX\Libraries_Add\SDK_1.0.3_NUCLEO-F401RE\lib_stm\libLibraries.a(eventbutton.o)
 .text.ButtonProcessEventHold
                0x080015d8       0x5e D:\1_Studying\1_IoT\1_FUNIX\Libraries_Add\SDK_1.0.3_NUCLEO-F401RE\lib_stm\libLibraries.a(eventbutton.o)
 .text.ButtonProcessEventRelease
                0x08001636       0x5e D:\1_Studying\1_IoT\1_FUNIX\Libraries_Add\SDK_1.0.3_NUCLEO-F401RE\lib_stm\libLibraries.a(eventbutton.o)
 .text.BuzzerControl_Init
                0x08001694       0x2c D:\1_Studying\1_IoT\1_FUNIX\Libraries_Add\SDK_1.0.3_NUCLEO-F401RE\lib_stm\libLibraries.a(buzzer.o)
                0x08001694                BuzzerControl_Init
 .text.BuzzOff  0x080016c0       0x58 D:\1_Studying\1_IoT\1_FUNIX\Libraries_Add\SDK_1.0.3_NUCLEO-F401RE\lib_stm\libLibraries.a(buzzer.o)
 .text.BuzzPlay
                0x08001718       0x98 D:\1_Studying\1_IoT\1_FUNIX\Libraries_Add\SDK_1.0.3_NUCLEO-F401RE\lib_stm\libLibraries.a(buzzer.o)
 .text.BuzzerControl_SetMelody
                0x080017b0       0x3c D:\1_Studying\1_IoT\1_FUNIX\Libraries_Add\SDK_1.0.3_NUCLEO-F401RE\lib_stm\libLibraries.a(buzzer.o)
                0x080017b0                BuzzerControl_SetMelody
 .text.BuzzerControl_SendPacketRespond
                0x080017ec       0x2a D:\1_Studying\1_IoT\1_FUNIX\Libraries_Add\SDK_1.0.3_NUCLEO-F401RE\lib_stm\libLibraries.a(buzzer.o)
                0x080017ec                BuzzerControl_SendPacketRespond
 *fill*         0x08001816        0x2 
 .text.BUZZTIM_InitTimer
                0x08001818       0x50 D:\1_Studying\1_IoT\1_FUNIX\Libraries_Add\SDK_1.0.3_NUCLEO-F401RE\lib_stm\libLibraries.a(buzzer.o)
 .text.BUZZTIM_InitPWMChannel
                0x08001868       0x90 D:\1_Studying\1_IoT\1_FUNIX\Libraries_Add\SDK_1.0.3_NUCLEO-F401RE\lib_stm\libLibraries.a(buzzer.o)
 .text.BuzzerControl_SetDutyCycle
                0x080018f8       0x3c D:\1_Studying\1_IoT\1_FUNIX\Libraries_Add\SDK_1.0.3_NUCLEO-F401RE\lib_stm\libLibraries.a(buzzer.o)
                0x080018f8                BuzzerControl_SetDutyCycle
 .text.BuzzerControl_SetPreriod
                0x08001934       0x20 D:\1_Studying\1_IoT\1_FUNIX\Libraries_Add\SDK_1.0.3_NUCLEO-F401RE\lib_stm\libLibraries.a(buzzer.o)
                0x08001934                BuzzerControl_SetPreriod
 .text.LedControl_Init
                0x08001954       0x10 D:\1_Studying\1_IoT\1_FUNIX\Libraries_Add\SDK_1.0.3_NUCLEO-F401RE\lib_stm\libLibraries.a(led.o)
                0x08001954                LedControl_Init
 .text.LedControl_SetColorIndividual
                0x08001964       0xf8 D:\1_Studying\1_IoT\1_FUNIX\Libraries_Add\SDK_1.0.3_NUCLEO-F401RE\lib_stm\libLibraries.a(led.o)
                0x08001964                LedControl_SetColorIndividual
 .text.LedControl_SetColorGeneral
                0x08001a5c      0x128 D:\1_Studying\1_IoT\1_FUNIX\Libraries_Add\SDK_1.0.3_NUCLEO-F401RE\lib_stm\libLibraries.a(led.o)
                0x08001a5c                LedControl_SetColorGeneral
 .text.LedGetAllLastState
                0x08001b84        0xe D:\1_Studying\1_IoT\1_FUNIX\Libraries_Add\SDK_1.0.3_NUCLEO-F401RE\lib_stm\libLibraries.a(led.o)
 *fill*         0x08001b92        0x2 
 .text.LedToggle
                0x08001b94       0x9c D:\1_Studying\1_IoT\1_FUNIX\Libraries_Add\SDK_1.0.3_NUCLEO-F401RE\lib_stm\libLibraries.a(led.o)
 .text.pFuncBlink
                0x08001c30       0xb0 D:\1_Studying\1_IoT\1_FUNIX\Libraries_Add\SDK_1.0.3_NUCLEO-F401RE\lib_stm\libLibraries.a(led.o)
 .text.BlinkStop
                0x08001ce0       0x78 D:\1_Studying\1_IoT\1_FUNIX\Libraries_Add\SDK_1.0.3_NUCLEO-F401RE\lib_stm\libLibraries.a(led.o)
 .text.LedControl_BlinkStart
                0x08001d58       0x7c D:\1_Studying\1_IoT\1_FUNIX\Libraries_Add\SDK_1.0.3_NUCLEO-F401RE\lib_stm\libLibraries.a(led.o)
                0x08001d58                LedControl_BlinkStart
 .text.LedControl_SetAllColor
                0x08001dd4       0x36 D:\1_Studying\1_IoT\1_FUNIX\Libraries_Add\SDK_1.0.3_NUCLEO-F401RE\lib_stm\libLibraries.a(led.o)
                0x08001dd4                LedControl_SetAllColor
 .text.LedControl_SendPacketRespond
                0x08001e0a       0x3a D:\1_Studying\1_IoT\1_FUNIX\Libraries_Add\SDK_1.0.3_NUCLEO-F401RE\lib_stm\libLibraries.a(led.o)
                0x08001e0a                LedControl_SendPacketRespond
 .text.LEDGPIO_Config
                0x08001e44       0x94 D:\1_Studying\1_IoT\1_FUNIX\Libraries_Add\SDK_1.0.3_NUCLEO-F401RE\lib_stm\libLibraries.a(led.o)
 .text.LEDTIM_Config
                0x08001ed8       0xec D:\1_Studying\1_IoT\1_FUNIX\Libraries_Add\SDK_1.0.3_NUCLEO-F401RE\lib_stm\libLibraries.a(led.o)
 .text.EventSchedulerInit
                0x08001fc4       0x38 D:\1_Studying\1_IoT\1_FUNIX\Libraries_Add\SDK_1.0.3_NUCLEO-F401RE\lib_stm\libLibraries.a(eventman.o)
                0x08001fc4                EventSchedulerInit
 .text.EventSchedulerAdd
                0x08001ffc       0x2c D:\1_Studying\1_IoT\1_FUNIX\Libraries_Add\SDK_1.0.3_NUCLEO-F401RE\lib_stm\libLibraries.a(eventman.o)
                0x08001ffc                EventSchedulerAdd
 .text.processEventScheduler
                0x08002028       0x38 D:\1_Studying\1_IoT\1_FUNIX\Libraries_Add\SDK_1.0.3_NUCLEO-F401RE\lib_stm\libLibraries.a(eventman.o)
                0x08002028                processEventScheduler
 .text.NVIC_SetPriority
                0x08002060       0x54 D:\1_Studying\1_IoT\1_FUNIX\Libraries_Add\SDK_1.0.3_NUCLEO-F401RE\lib_stm\libLibraries.a(timer.o)
 .text.SysTick_Config
                0x080020b4       0x44 D:\1_Studying\1_IoT\1_FUNIX\Libraries_Add\SDK_1.0.3_NUCLEO-F401RE\lib_stm\libLibraries.a(timer.o)
 .text.TimerInit
                0x080020f8       0x44 D:\1_Studying\1_IoT\1_FUNIX\Libraries_Add\SDK_1.0.3_NUCLEO-F401RE\lib_stm\libLibraries.a(timer.o)
                0x080020f8                TimerInit
 .text.TimerStart
                0x0800213c       0xc4 D:\1_Studying\1_IoT\1_FUNIX\Libraries_Add\SDK_1.0.3_NUCLEO-F401RE\lib_stm\libLibraries.a(timer.o)
                0x0800213c                TimerStart
 .text.TimerChangePeriod
                0x08002200       0x38 D:\1_Studying\1_IoT\1_FUNIX\Libraries_Add\SDK_1.0.3_NUCLEO-F401RE\lib_stm\libLibraries.a(timer.o)
                0x08002200                TimerChangePeriod
 .text.TimerStop
                0x08002238       0xa0 D:\1_Studying\1_IoT\1_FUNIX\Libraries_Add\SDK_1.0.3_NUCLEO-F401RE\lib_stm\libLibraries.a(timer.o)
                0x08002238                TimerStop
 .text.GetMilSecTick
                0x080022d8       0x18 D:\1_Studying\1_IoT\1_FUNIX\Libraries_Add\SDK_1.0.3_NUCLEO-F401RE\lib_stm\libLibraries.a(timer.o)
                0x080022d8                GetMilSecTick
 .text.processTimerScheduler
                0x080022f0       0xf0 D:\1_Studying\1_IoT\1_FUNIX\Libraries_Add\SDK_1.0.3_NUCLEO-F401RE\lib_stm\libLibraries.a(timer.o)
                0x080022f0                processTimerScheduler
 .text.TimeExpired
                0x080023e0       0xcc D:\1_Studying\1_IoT\1_FUNIX\Libraries_Add\SDK_1.0.3_NUCLEO-F401RE\lib_stm\libLibraries.a(timer.o)
 .text.SysTick_Handler
                0x080024ac       0x1c D:\1_Studying\1_IoT\1_FUNIX\Libraries_Add\SDK_1.0.3_NUCLEO-F401RE\lib_stm\libLibraries.a(timer.o)
                0x080024ac                SysTick_Handler
 .text.LightSensor_Init
                0x080024c8      0x160 D:\1_Studying\1_IoT\1_FUNIX\Libraries_Add\SDK_1.0.3_NUCLEO-F401RE\lib_stm\libLibraries.a(lightsensor.o)
                0x080024c8                LightSensor_Init
 .text.LightSensor_MeasureUseDMAMode
                0x08002628       0x18 D:\1_Studying\1_IoT\1_FUNIX\Libraries_Add\SDK_1.0.3_NUCLEO-F401RE\lib_stm\libLibraries.a(lightsensor.o)
                0x08002628                LightSensor_MeasureUseDMAMode
 .text.LightSensor_SendPacketRespond
                0x08002640       0x36 D:\1_Studying\1_IoT\1_FUNIX\Libraries_Add\SDK_1.0.3_NUCLEO-F401RE\lib_stm\libLibraries.a(lightsensor.o)
                0x08002640                LightSensor_SendPacketRespond
 .text.TemHumSensor_Init
                0x08002676        0xc D:\1_Studying\1_IoT\1_FUNIX\Libraries_Add\SDK_1.0.3_NUCLEO-F401RE\lib_stm\libLibraries.a(temhumsensor.o)
                0x08002676                TemHumSensor_Init
 .text.TempSensor_SendPacketRespond
                0x08002682       0x36 D:\1_Studying\1_IoT\1_FUNIX\Libraries_Add\SDK_1.0.3_NUCLEO-F401RE\lib_stm\libLibraries.a(temhumsensor.o)
                0x08002682                TempSensor_SendPacketRespond
 .text.HumiSensor_SendPacketRespond
                0x080026b8       0x36 D:\1_Studying\1_IoT\1_FUNIX\Libraries_Add\SDK_1.0.3_NUCLEO-F401RE\lib_stm\libLibraries.a(temhumsensor.o)
                0x080026b8                HumiSensor_SendPacketRespond
 *fill*         0x080026ee        0x2 
 .text.TemHumSensor_GetTemp
                0x080026f0       0x7c D:\1_Studying\1_IoT\1_FUNIX\Libraries_Add\SDK_1.0.3_NUCLEO-F401RE\lib_stm\libLibraries.a(temhumsensor.o)
                0x080026f0                TemHumSensor_GetTemp
 .text.TemHumSensor_GetHumi
                0x0800276c       0x78 D:\1_Studying\1_IoT\1_FUNIX\Libraries_Add\SDK_1.0.3_NUCLEO-F401RE\lib_stm\libLibraries.a(temhumsensor.o)
                0x0800276c                TemHumSensor_GetHumi
 .text.CalculateCRC8
                0x080027e4       0x86 D:\1_Studying\1_IoT\1_FUNIX\Libraries_Add\SDK_1.0.3_NUCLEO-F401RE\lib_stm\libLibraries.a(temhumsensor.o)
 *fill*         0x0800286a        0x2 
 .text.i2c_config
                0x0800286c       0x94 D:\1_Studying\1_IoT\1_FUNIX\Libraries_Add\SDK_1.0.3_NUCLEO-F401RE\lib_stm\libLibraries.a(temhumsensor.o)
                0x0800286c                i2c_config
 .text.i2c_read_reg_expand
                0x08002900       0xac D:\1_Studying\1_IoT\1_FUNIX\Libraries_Add\SDK_1.0.3_NUCLEO-F401RE\lib_stm\libLibraries.a(temhumsensor.o)
                0x08002900                i2c_read_reg_expand
 .text.i2c_start
                0x080029ac       0x3c D:\1_Studying\1_IoT\1_FUNIX\Libraries_Add\SDK_1.0.3_NUCLEO-F401RE\lib_stm\libLibraries.a(temhumsensor.o)
                0x080029ac                i2c_start
 .text.i2c_stop
                0x080029e8       0x14 D:\1_Studying\1_IoT\1_FUNIX\Libraries_Add\SDK_1.0.3_NUCLEO-F401RE\lib_stm\libLibraries.a(temhumsensor.o)
                0x080029e8                i2c_stop
 .text.i2c_address_direction
                0x080029fc       0x60 D:\1_Studying\1_IoT\1_FUNIX\Libraries_Add\SDK_1.0.3_NUCLEO-F401RE\lib_stm\libLibraries.a(temhumsensor.o)
                0x080029fc                i2c_address_direction
 .text.i2c_transmit
                0x08002a5c       0x34 D:\1_Studying\1_IoT\1_FUNIX\Libraries_Add\SDK_1.0.3_NUCLEO-F401RE\lib_stm\libLibraries.a(temhumsensor.o)
                0x08002a5c                i2c_transmit
 .text.i2c_receive_ack
                0x08002a90       0x30 D:\1_Studying\1_IoT\1_FUNIX\Libraries_Add\SDK_1.0.3_NUCLEO-F401RE\lib_stm\libLibraries.a(temhumsensor.o)
                0x08002a90                i2c_receive_ack
 .text.i2c_receive_nack
                0x08002ac0       0x30 D:\1_Studying\1_IoT\1_FUNIX\Libraries_Add\SDK_1.0.3_NUCLEO-F401RE\lib_stm\libLibraries.a(temhumsensor.o)
                0x08002ac0                i2c_receive_nack
 .text.TimerGetCurrentTime
                0x08002af0       0x1a D:\1_Studying\1_IoT\1_FUNIX\Libraries_Add\SDK_1.0.3_NUCLEO-F401RE\lib_stm\libLibraries.a(serial.o)
 .text.TimerGetElapsedTime
                0x08002b0a       0x1a D:\1_Studying\1_IoT\1_FUNIX\Libraries_Add\SDK_1.0.3_NUCLEO-F401RE\lib_stm\libLibraries.a(serial.o)
 .text.Serial_Init
                0x08002b24       0x40 D:\1_Studying\1_IoT\1_FUNIX\Libraries_Add\SDK_1.0.3_NUCLEO-F401RE\lib_stm\libLibraries.a(serial.o)
                0x08002b24                Serial_Init
 .text.SerialHandleEventCallback
                0x08002b64       0x20 D:\1_Studying\1_IoT\1_FUNIX\Libraries_Add\SDK_1.0.3_NUCLEO-F401RE\lib_stm\libLibraries.a(serial.o)
                0x08002b64                SerialHandleEventCallback
 .text.PollRxBuff
                0x08002b84      0x154 D:\1_Studying\1_IoT\1_FUNIX\Libraries_Add\SDK_1.0.3_NUCLEO-F401RE\lib_stm\libLibraries.a(serial.o)
 .text.SendACK  0x08002cd8        0xe D:\1_Studying\1_IoT\1_FUNIX\Libraries_Add\SDK_1.0.3_NUCLEO-F401RE\lib_stm\libLibraries.a(serial.o)
                0x08002cd8                SendACK
 .text.SendNACK
                0x08002ce6        0xe D:\1_Studying\1_IoT\1_FUNIX\Libraries_Add\SDK_1.0.3_NUCLEO-F401RE\lib_stm\libLibraries.a(serial.o)
                0x08002ce6                SendNACK
 .text.processSerialReceiver
                0x08002cf4       0x78 D:\1_Studying\1_IoT\1_FUNIX\Libraries_Add\SDK_1.0.3_NUCLEO-F401RE\lib_stm\libLibraries.a(serial.o)
                0x08002cf4                processSerialReceiver
 .text.Serial_SendPacket
                0x08002d6c      0x188 D:\1_Studying\1_IoT\1_FUNIX\Libraries_Add\SDK_1.0.3_NUCLEO-F401RE\lib_stm\libLibraries.a(serial.o)
                0x08002d6c                Serial_SendPacket
 .text.CalculateCheckXOR
                0x08002ef4       0x42 D:\1_Studying\1_IoT\1_FUNIX\Libraries_Add\SDK_1.0.3_NUCLEO-F401RE\lib_stm\libLibraries.a(serial.o)
 *fill*         0x08002f36        0x2 
 .text.UART_RegBufferRx
                0x08002f38       0x28 D:\1_Studying\1_IoT\1_FUNIX\Libraries_Add\SDK_1.0.3_NUCLEO-F401RE\lib_stm\libLibraries.a(serial.o)
                0x08002f38                UART_RegBufferRx
 .text.UART_Init
                0x08002f60       0xec D:\1_Studying\1_IoT\1_FUNIX\Libraries_Add\SDK_1.0.3_NUCLEO-F401RE\lib_stm\libLibraries.a(serial.o)
                0x08002f60                UART_Init
 .text.USART2_IRQHandler
                0x0800304c       0x50 D:\1_Studying\1_IoT\1_FUNIX\Libraries_Add\SDK_1.0.3_NUCLEO-F401RE\lib_stm\libLibraries.a(serial.o)
                0x0800304c                USART2_IRQHandler
 .text.EventSerial_Init
                0x0800309c       0x18 D:\1_Studying\1_IoT\1_FUNIX\Libraries_Add\SDK_1.0.3_NUCLEO-F401RE\lib_stm\libLibraries.a(uartcmd.o)
                0x0800309c                EventSerial_Init
 .text.EventSerial_SetEventLedCallback
                0x080030b4       0x20 D:\1_Studying\1_IoT\1_FUNIX\Libraries_Add\SDK_1.0.3_NUCLEO-F401RE\lib_stm\libLibraries.a(uartcmd.o)
                0x080030b4                EventSerial_SetEventLedCallback
 .text.EventSerial_SetEventButtonCallback
                0x080030d4       0x20 D:\1_Studying\1_IoT\1_FUNIX\Libraries_Add\SDK_1.0.3_NUCLEO-F401RE\lib_stm\libLibraries.a(uartcmd.o)
                0x080030d4                EventSerial_SetEventButtonCallback
 .text.EventSerial_SetEventBuzzerCallback
                0x080030f4       0x20 D:\1_Studying\1_IoT\1_FUNIX\Libraries_Add\SDK_1.0.3_NUCLEO-F401RE\lib_stm\libLibraries.a(uartcmd.o)
                0x080030f4                EventSerial_SetEventBuzzerCallback
 .text.EventSerial_SetEventLcdCallback
                0x08003114       0x20 D:\1_Studying\1_IoT\1_FUNIX\Libraries_Add\SDK_1.0.3_NUCLEO-F401RE\lib_stm\libLibraries.a(uartcmd.o)
                0x08003114                EventSerial_SetEventLcdCallback
 .text.procUartCmd
                0x08003134       0x56 D:\1_Studying\1_IoT\1_FUNIX\Libraries_Add\SDK_1.0.3_NUCLEO-F401RE\lib_stm\libLibraries.a(uartcmd.o)
 *fill*         0x0800318a        0x2 
 .text.uartReceiveControlLed_Set
                0x0800318c       0x4c D:\1_Studying\1_IoT\1_FUNIX\Libraries_Add\SDK_1.0.3_NUCLEO-F401RE\lib_stm\libLibraries.a(uartcmd.o)
                0x0800318c                uartReceiveControlLed_Set
 .text.processUartReceiveCommand_ControlLed
                0x080031d8       0x26 D:\1_Studying\1_IoT\1_FUNIX\Libraries_Add\SDK_1.0.3_NUCLEO-F401RE\lib_stm\libLibraries.a(uartcmd.o)
 *fill*         0x080031fe        0x2 
 .text.uartReceiveControlBuzzer_Set
                0x08003200       0x40 D:\1_Studying\1_IoT\1_FUNIX\Libraries_Add\SDK_1.0.3_NUCLEO-F401RE\lib_stm\libLibraries.a(uartcmd.o)
                0x08003200                uartReceiveControlBuzzer_Set
 .text.processUartReceiveCommand_ControlBuzzer
                0x08003240       0x26 D:\1_Studying\1_IoT\1_FUNIX\Libraries_Add\SDK_1.0.3_NUCLEO-F401RE\lib_stm\libLibraries.a(uartcmd.o)
 *fill*         0x08003266        0x2 
 .text.uartReceiveControlButton_Set
                0x08003268       0x44 D:\1_Studying\1_IoT\1_FUNIX\Libraries_Add\SDK_1.0.3_NUCLEO-F401RE\lib_stm\libLibraries.a(uartcmd.o)
                0x08003268                uartReceiveControlButton_Set
 .text.processUartReceiveCommand_ControlButton
                0x080032ac       0x26 D:\1_Studying\1_IoT\1_FUNIX\Libraries_Add\SDK_1.0.3_NUCLEO-F401RE\lib_stm\libLibraries.a(uartcmd.o)
 *fill*         0x080032d2        0x2 
 .text.uartReceiveControlLcd_Set
                0x080032d4       0x58 D:\1_Studying\1_IoT\1_FUNIX\Libraries_Add\SDK_1.0.3_NUCLEO-F401RE\lib_stm\libLibraries.a(uartcmd.o)
                0x080032d4                uartReceiveControlLcd_Set
 .text.processUartReceiveCommand_ControlLcd
                0x0800332c       0x26 D:\1_Studying\1_IoT\1_FUNIX\Libraries_Add\SDK_1.0.3_NUCLEO-F401RE\lib_stm\libLibraries.a(uartcmd.o)
 .text.delayMicroseconds
                0x08003352       0x14 D:\1_Studying\1_IoT\1_FUNIX\Libraries_Add\SDK_1.0.3_NUCLEO-F401RE\lib_stm\libLibraries.a(Ucglib.o)
 *fill*         0x08003366        0x2 
 .text.ucg_gpio_init
                0x08003368       0x60 D:\1_Studying\1_IoT\1_FUNIX\Libraries_Add\SDK_1.0.3_NUCLEO-F401RE\lib_stm\libLibraries.a(Ucglib.o)
 .text.ucg_com_arduino_send_generic_SW_SPI
                0x080033c8       0x74 D:\1_Studying\1_IoT\1_FUNIX\Libraries_Add\SDK_1.0.3_NUCLEO-F401RE\lib_stm\libLibraries.a(Ucglib.o)
 .text.ucg_com_arduino_generic_SW_SPI
                0x0800343c      0x1ec D:\1_Studying\1_IoT\1_FUNIX\Libraries_Add\SDK_1.0.3_NUCLEO-F401RE\lib_stm\libLibraries.a(Ucglib.o)
 .text.Ucglib4WireSWSPI_begin
                0x08003628       0x38 D:\1_Studying\1_IoT\1_FUNIX\Libraries_Add\SDK_1.0.3_NUCLEO-F401RE\lib_stm\libLibraries.a(Ucglib.o)
                0x08003628                Ucglib4WireSWSPI_begin
 .text.ucg_DrawBox
                0x08003660       0x56 D:\1_Studying\1_IoT\1_FUNIX\Libraries_Add\SDK_1.0.3_NUCLEO-F401RE\lib_stm\libLibraries.a(ucg_box.o)
                0x08003660                ucg_DrawBox
 .text.ucg_ClearScreen
                0x080036b6       0x50 D:\1_Studying\1_IoT\1_FUNIX\Libraries_Add\SDK_1.0.3_NUCLEO-F401RE\lib_stm\libLibraries.a(ucg_box.o)
                0x080036b6                ucg_ClearScreen
 .text.ucg_ccs_init
                0x08003706       0xc0 D:\1_Studying\1_IoT\1_FUNIX\Libraries_Add\SDK_1.0.3_NUCLEO-F401RE\lib_stm\libLibraries.a(ucg_ccs.o)
                0x08003706                ucg_ccs_init
 .text.ucg_ccs_step
                0x080037c6       0x80 D:\1_Studying\1_IoT\1_FUNIX\Libraries_Add\SDK_1.0.3_NUCLEO-F401RE\lib_stm\libLibraries.a(ucg_ccs.o)
                0x080037c6                ucg_ccs_step
 .text.ucg_ccs_seek
                0x08003846       0xca D:\1_Studying\1_IoT\1_FUNIX\Libraries_Add\SDK_1.0.3_NUCLEO-F401RE\lib_stm\libLibraries.a(ucg_ccs.o)
                0x08003846                ucg_ccs_seek
 .text.ucg_dev_default_cb
                0x08003910       0x44 D:\1_Studying\1_IoT\1_FUNIX\Libraries_Add\SDK_1.0.3_NUCLEO-F401RE\lib_stm\libLibraries.a(ucg_dev_default_cb.o)
                0x08003910                ucg_dev_default_cb
 .text.ucg_ext_none
                0x08003954       0x1c D:\1_Studying\1_IoT\1_FUNIX\Libraries_Add\SDK_1.0.3_NUCLEO-F401RE\lib_stm\libLibraries.a(ucg_dev_default_cb.o)
                0x08003954                ucg_ext_none
 .text.ucg_handle_st7735_l90fx
                0x08003970       0xd8 D:\1_Studying\1_IoT\1_FUNIX\Libraries_Add\SDK_1.0.3_NUCLEO-F401RE\lib_stm\libLibraries.a(ucg_dev_ic_st7735.o)
                0x08003970                ucg_handle_st7735_l90fx
 .text.ucg_handle_st7735_l90se
                0x08003a48      0x154 D:\1_Studying\1_IoT\1_FUNIX\Libraries_Add\SDK_1.0.3_NUCLEO-F401RE\lib_stm\libLibraries.a(ucg_dev_ic_st7735.o)
                0x08003a48                ucg_handle_st7735_l90se
 .text.ucg_dev_ic_st7735_18
                0x08003b9c       0xf8 D:\1_Studying\1_IoT\1_FUNIX\Libraries_Add\SDK_1.0.3_NUCLEO-F401RE\lib_stm\libLibraries.a(ucg_dev_ic_st7735.o)
                0x08003b9c                ucg_dev_ic_st7735_18
 .text.ucg_ext_st7735_18
                0x08003c94       0x28 D:\1_Studying\1_IoT\1_FUNIX\Libraries_Add\SDK_1.0.3_NUCLEO-F401RE\lib_stm\libLibraries.a(ucg_dev_ic_st7735.o)
                0x08003c94                ucg_ext_st7735_18
 .text.ucg_PowerDown
                0x08003cbc       0x34 D:\1_Studying\1_IoT\1_FUNIX\Libraries_Add\SDK_1.0.3_NUCLEO-F401RE\lib_stm\libLibraries.a(ucg_dev_msg_api.o)
                0x08003cbc                ucg_PowerDown
 .text.ucg_PowerUp
                0x08003cf0       0x3c D:\1_Studying\1_IoT\1_FUNIX\Libraries_Add\SDK_1.0.3_NUCLEO-F401RE\lib_stm\libLibraries.a(ucg_dev_msg_api.o)
                0x08003cf0                ucg_PowerUp
 .text.ucg_SetClipBox
                0x08003d2c       0x1e D:\1_Studying\1_IoT\1_FUNIX\Libraries_Add\SDK_1.0.3_NUCLEO-F401RE\lib_stm\libLibraries.a(ucg_dev_msg_api.o)
                0x08003d2c                ucg_SetClipBox
 .text.ucg_SetMaxClipRange
                0x08003d4a       0x30 D:\1_Studying\1_IoT\1_FUNIX\Libraries_Add\SDK_1.0.3_NUCLEO-F401RE\lib_stm\libLibraries.a(ucg_dev_msg_api.o)
                0x08003d4a                ucg_SetMaxClipRange
 .text.ucg_GetDimension
                0x08003d7a       0x24 D:\1_Studying\1_IoT\1_FUNIX\Libraries_Add\SDK_1.0.3_NUCLEO-F401RE\lib_stm\libLibraries.a(ucg_dev_msg_api.o)
                0x08003d7a                ucg_GetDimension
 .text.ucg_DrawL90FXWithArg
                0x08003d9e       0x1e D:\1_Studying\1_IoT\1_FUNIX\Libraries_Add\SDK_1.0.3_NUCLEO-F401RE\lib_stm\libLibraries.a(ucg_dev_msg_api.o)
                0x08003d9e                ucg_DrawL90FXWithArg
 .text.ucg_dev_st7735_18x128x128
                0x08003dbc       0x80 D:\1_Studying\1_IoT\1_FUNIX\Libraries_Add\SDK_1.0.3_NUCLEO-F401RE\lib_stm\libLibraries.a(ucg_dev_tft_128x128_st7735.o)
                0x08003dbc                ucg_dev_st7735_18x128x128
 .text.ucg_font_get_byte
                0x08003e3c       0x24 D:\1_Studying\1_IoT\1_FUNIX\Libraries_Add\SDK_1.0.3_NUCLEO-F401RE\lib_stm\libLibraries.a(ucg_font.o)
 .text.ucg_font_get_word
                0x08003e60       0x40 D:\1_Studying\1_IoT\1_FUNIX\Libraries_Add\SDK_1.0.3_NUCLEO-F401RE\lib_stm\libLibraries.a(ucg_font.o)
 .text.ucg_read_font_info
                0x08003ea0      0x142 D:\1_Studying\1_IoT\1_FUNIX\Libraries_Add\SDK_1.0.3_NUCLEO-F401RE\lib_stm\libLibraries.a(ucg_font.o)
                0x08003ea0                ucg_read_font_info
 .text.ucg_font_decode_get_unsigned_bits
                0x08003fe2       0x96 D:\1_Studying\1_IoT\1_FUNIX\Libraries_Add\SDK_1.0.3_NUCLEO-F401RE\lib_stm\libLibraries.a(ucg_font.o)
                0x08003fe2                ucg_font_decode_get_unsigned_bits
 .text.ucg_font_decode_get_signed_bits
                0x08004078       0x46 D:\1_Studying\1_IoT\1_FUNIX\Libraries_Add\SDK_1.0.3_NUCLEO-F401RE\lib_stm\libLibraries.a(ucg_font.o)
                0x08004078                ucg_font_decode_get_signed_bits
 .text.ucg_add_vector_y
                0x080040be       0x7a D:\1_Studying\1_IoT\1_FUNIX\Libraries_Add\SDK_1.0.3_NUCLEO-F401RE\lib_stm\libLibraries.a(ucg_font.o)
 .text.ucg_add_vector_x
                0x08004138       0x7a D:\1_Studying\1_IoT\1_FUNIX\Libraries_Add\SDK_1.0.3_NUCLEO-F401RE\lib_stm\libLibraries.a(ucg_font.o)
 .text.ucg_font_decode_len
                0x080041b2      0x118 D:\1_Studying\1_IoT\1_FUNIX\Libraries_Add\SDK_1.0.3_NUCLEO-F401RE\lib_stm\libLibraries.a(ucg_font.o)
                0x080041b2                ucg_font_decode_len
 .text.ucg_font_setup_decode
                0x080042ca       0x64 D:\1_Studying\1_IoT\1_FUNIX\Libraries_Add\SDK_1.0.3_NUCLEO-F401RE\lib_stm\libLibraries.a(ucg_font.o)
 .text.ucg_font_decode_glyph
                0x0800432e      0x14c D:\1_Studying\1_IoT\1_FUNIX\Libraries_Add\SDK_1.0.3_NUCLEO-F401RE\lib_stm\libLibraries.a(ucg_font.o)
                0x0800432e                ucg_font_decode_glyph
 .text.ucg_font_get_glyph_data
                0x0800447a       0x7a D:\1_Studying\1_IoT\1_FUNIX\Libraries_Add\SDK_1.0.3_NUCLEO-F401RE\lib_stm\libLibraries.a(ucg_font.o)
                0x0800447a                ucg_font_get_glyph_data
 .text.ucg_font_draw_glyph
                0x080044f4       0x62 D:\1_Studying\1_IoT\1_FUNIX\Libraries_Add\SDK_1.0.3_NUCLEO-F401RE\lib_stm\libLibraries.a(ucg_font.o)
                0x080044f4                ucg_font_draw_glyph
 .text.ucg_SetFontMode
                0x08004556       0x20 D:\1_Studying\1_IoT\1_FUNIX\Libraries_Add\SDK_1.0.3_NUCLEO-F401RE\lib_stm\libLibraries.a(ucg_font.o)
                0x08004556                ucg_SetFontMode
 *fill*         0x08004576        0x2 
 .text.ucg_DrawGlyph
                0x08004578       0xb0 D:\1_Studying\1_IoT\1_FUNIX\Libraries_Add\SDK_1.0.3_NUCLEO-F401RE\lib_stm\libLibraries.a(ucg_font.o)
                0x08004578                ucg_DrawGlyph
 .text.task_drawString
                0x08004628      0x138 D:\1_Studying\1_IoT\1_FUNIX\Libraries_Add\SDK_1.0.3_NUCLEO-F401RE\lib_stm\libLibraries.a(ucg_font.o)
                0x08004628                task_drawString
 .text.ucg_DrawString
                0x08004760       0x78 D:\1_Studying\1_IoT\1_FUNIX\Libraries_Add\SDK_1.0.3_NUCLEO-F401RE\lib_stm\libLibraries.a(ucg_font.o)
                0x08004760                ucg_DrawString
 .text.ucg_UpdateRefHeight
                0x080047d8       0xd8 D:\1_Studying\1_IoT\1_FUNIX\Libraries_Add\SDK_1.0.3_NUCLEO-F401RE\lib_stm\libLibraries.a(ucg_font.o)
                0x080047d8                ucg_UpdateRefHeight
 .text.ucg_font_calc_vref_font
                0x080048b0       0x16 D:\1_Studying\1_IoT\1_FUNIX\Libraries_Add\SDK_1.0.3_NUCLEO-F401RE\lib_stm\libLibraries.a(ucg_font.o)
                0x080048b0                ucg_font_calc_vref_font
 *fill*         0x080048c6        0x2 
 .text.ucg_SetFontPosBaseline
                0x080048c8       0x20 D:\1_Studying\1_IoT\1_FUNIX\Libraries_Add\SDK_1.0.3_NUCLEO-F401RE\lib_stm\libLibraries.a(ucg_font.o)
                0x080048c8                ucg_SetFontPosBaseline
 .text.ucg_SetFont
                0x080048e8       0x4c D:\1_Studying\1_IoT\1_FUNIX\Libraries_Add\SDK_1.0.3_NUCLEO-F401RE\lib_stm\libLibraries.a(ucg_font.o)
                0x080048e8                ucg_SetFont
 .text.ucg_init_struct
                0x08004934       0x50 D:\1_Studying\1_IoT\1_FUNIX\Libraries_Add\SDK_1.0.3_NUCLEO-F401RE\lib_stm\libLibraries.a(ucg_init.o)
                0x08004934                ucg_init_struct
 .text.ucg_Init
                0x08004984       0x5c D:\1_Studying\1_IoT\1_FUNIX\Libraries_Add\SDK_1.0.3_NUCLEO-F401RE\lib_stm\libLibraries.a(ucg_init.o)
                0x08004984                ucg_Init
 .text.ucg_Draw90Line
                0x080049e0       0x88 D:\1_Studying\1_IoT\1_FUNIX\Libraries_Add\SDK_1.0.3_NUCLEO-F401RE\lib_stm\libLibraries.a(ucg_line.o)
                0x080049e0                ucg_Draw90Line
 .text.ucg_DrawHLine
                0x08004a68       0x3e D:\1_Studying\1_IoT\1_FUNIX\Libraries_Add\SDK_1.0.3_NUCLEO-F401RE\lib_stm\libLibraries.a(ucg_line.o)
                0x08004a68                ucg_DrawHLine
 .text.ucg_SetColor
                0x08004aa6       0x5c D:\1_Studying\1_IoT\1_FUNIX\Libraries_Add\SDK_1.0.3_NUCLEO-F401RE\lib_stm\libLibraries.a(ucg_pixel.o)
                0x08004aa6                ucg_SetColor
 .text.ucg_UndoRotate
                0x08004b02       0x32 D:\1_Studying\1_IoT\1_FUNIX\Libraries_Add\SDK_1.0.3_NUCLEO-F401RE\lib_stm\libLibraries.a(ucg_rotate.o)
                0x08004b02                ucg_UndoRotate
 .text.ucg_rotate_180_xy
                0x08004b34       0x66 D:\1_Studying\1_IoT\1_FUNIX\Libraries_Add\SDK_1.0.3_NUCLEO-F401RE\lib_stm\libLibraries.a(ucg_rotate.o)
 *fill*         0x08004b9a        0x2 
 .text.ucg_dev_rotate180
                0x08004b9c      0x100 D:\1_Studying\1_IoT\1_FUNIX\Libraries_Add\SDK_1.0.3_NUCLEO-F401RE\lib_stm\libLibraries.a(ucg_rotate.o)
                0x08004b9c                ucg_dev_rotate180
 .text.ucg_SetRotate180
                0x08004c9c       0x34 D:\1_Studying\1_IoT\1_FUNIX\Libraries_Add\SDK_1.0.3_NUCLEO-F401RE\lib_stm\libLibraries.a(ucg_rotate.o)
                0x08004c9c                ucg_SetRotate180
 .text.memsetl  0x08004cd0       0x32 D:\1_Studying\1_IoT\1_FUNIX\Libraries_Add\SDK_1.0.3_NUCLEO-F401RE\lib_stm\libLibraries.a(utilities.o)
                0x08004cd0                memsetl
 *fill*         0x08004d02        0x2 
 .text.NVIC_PriorityGroupConfig
                0x08004d04       0x28 D:\1_Studying\1_IoT\1_FUNIX\Libraries_Add\SDK_1.0.3_NUCLEO-F401RE\lib_stm\libLibraries.a(misc.o)
                0x08004d04                NVIC_PriorityGroupConfig
 .text.NVIC_Init
                0x08004d2c       0xc4 D:\1_Studying\1_IoT\1_FUNIX\Libraries_Add\SDK_1.0.3_NUCLEO-F401RE\lib_stm\libLibraries.a(misc.o)
                0x08004d2c                NVIC_Init
 .text.ADC_DeInit
                0x08004df0       0x1c D:\1_Studying\1_IoT\1_FUNIX\Libraries_Add\SDK_1.0.3_NUCLEO-F401RE\lib_stm\libLibraries.a(stm32f401re_adc.o)
                0x08004df0                ADC_DeInit
 .text.ADC_Init
                0x08004e0c       0xac D:\1_Studying\1_IoT\1_FUNIX\Libraries_Add\SDK_1.0.3_NUCLEO-F401RE\lib_stm\libLibraries.a(stm32f401re_adc.o)
                0x08004e0c                ADC_Init
 .text.ADC_CommonInit
                0x08004eb8       0x50 D:\1_Studying\1_IoT\1_FUNIX\Libraries_Add\SDK_1.0.3_NUCLEO-F401RE\lib_stm\libLibraries.a(stm32f401re_adc.o)
                0x08004eb8                ADC_CommonInit
 .text.ADC_Cmd  0x08004f08       0x38 D:\1_Studying\1_IoT\1_FUNIX\Libraries_Add\SDK_1.0.3_NUCLEO-F401RE\lib_stm\libLibraries.a(stm32f401re_adc.o)
                0x08004f08                ADC_Cmd
 .text.ADC_RegularChannelConfig
                0x08004f40      0x194 D:\1_Studying\1_IoT\1_FUNIX\Libraries_Add\SDK_1.0.3_NUCLEO-F401RE\lib_stm\libLibraries.a(stm32f401re_adc.o)
                0x08004f40                ADC_RegularChannelConfig
 .text.ADC_SoftwareStartConv
                0x080050d4       0x20 D:\1_Studying\1_IoT\1_FUNIX\Libraries_Add\SDK_1.0.3_NUCLEO-F401RE\lib_stm\libLibraries.a(stm32f401re_adc.o)
                0x080050d4                ADC_SoftwareStartConv
 .text.ADC_EOCOnEachRegularChannelCmd
                0x080050f4       0x38 D:\1_Studying\1_IoT\1_FUNIX\Libraries_Add\SDK_1.0.3_NUCLEO-F401RE\lib_stm\libLibraries.a(stm32f401re_adc.o)
                0x080050f4                ADC_EOCOnEachRegularChannelCmd
 .text.ADC_ContinuousModeCmd
                0x0800512c       0x38 D:\1_Studying\1_IoT\1_FUNIX\Libraries_Add\SDK_1.0.3_NUCLEO-F401RE\lib_stm\libLibraries.a(stm32f401re_adc.o)
                0x0800512c                ADC_ContinuousModeCmd
 .text.ADC_DiscModeChannelCountConfig
                0x08005164       0x44 D:\1_Studying\1_IoT\1_FUNIX\Libraries_Add\SDK_1.0.3_NUCLEO-F401RE\lib_stm\libLibraries.a(stm32f401re_adc.o)
                0x08005164                ADC_DiscModeChannelCountConfig
 .text.ADC_DiscModeCmd
                0x080051a8       0x38 D:\1_Studying\1_IoT\1_FUNIX\Libraries_Add\SDK_1.0.3_NUCLEO-F401RE\lib_stm\libLibraries.a(stm32f401re_adc.o)
                0x080051a8                ADC_DiscModeCmd
 .text.ADC_DMACmd
                0x080051e0       0x38 D:\1_Studying\1_IoT\1_FUNIX\Libraries_Add\SDK_1.0.3_NUCLEO-F401RE\lib_stm\libLibraries.a(stm32f401re_adc.o)
                0x080051e0                ADC_DMACmd
 .text.ADC_DMARequestAfterLastTransferCmd
                0x08005218       0x38 D:\1_Studying\1_IoT\1_FUNIX\Libraries_Add\SDK_1.0.3_NUCLEO-F401RE\lib_stm\libLibraries.a(stm32f401re_adc.o)
                0x08005218                ADC_DMARequestAfterLastTransferCmd
 .text.DMA_DeInit
                0x08005250      0x1a8 D:\1_Studying\1_IoT\1_FUNIX\Libraries_Add\SDK_1.0.3_NUCLEO-F401RE\lib_stm\libLibraries.a(stm32f401re_dma.o)
                0x08005250                DMA_DeInit
 .text.DMA_Init
                0x080053f8       0xb0 D:\1_Studying\1_IoT\1_FUNIX\Libraries_Add\SDK_1.0.3_NUCLEO-F401RE\lib_stm\libLibraries.a(stm32f401re_dma.o)
                0x080053f8                DMA_Init
 .text.DMA_Cmd  0x080054a8       0x38 D:\1_Studying\1_IoT\1_FUNIX\Libraries_Add\SDK_1.0.3_NUCLEO-F401RE\lib_stm\libLibraries.a(stm32f401re_dma.o)
                0x080054a8                DMA_Cmd
 .text.GPIO_Init
                0x080054e0      0x11c D:\1_Studying\1_IoT\1_FUNIX\Libraries_Add\SDK_1.0.3_NUCLEO-F401RE\lib_stm\libLibraries.a(stm32f401re_gpio.o)
                0x080054e0                GPIO_Init
 .text.GPIO_ReadInputDataBit
                0x080055fc       0x34 D:\1_Studying\1_IoT\1_FUNIX\Libraries_Add\SDK_1.0.3_NUCLEO-F401RE\lib_stm\libLibraries.a(stm32f401re_gpio.o)
                0x080055fc                GPIO_ReadInputDataBit
 .text.GPIO_SetBits
                0x08005630       0x1e D:\1_Studying\1_IoT\1_FUNIX\Libraries_Add\SDK_1.0.3_NUCLEO-F401RE\lib_stm\libLibraries.a(stm32f401re_gpio.o)
                0x08005630                GPIO_SetBits
 .text.GPIO_ResetBits
                0x0800564e       0x1e D:\1_Studying\1_IoT\1_FUNIX\Libraries_Add\SDK_1.0.3_NUCLEO-F401RE\lib_stm\libLibraries.a(stm32f401re_gpio.o)
                0x0800564e                GPIO_ResetBits
 .text.GPIO_WriteBit
                0x0800566c       0x30 D:\1_Studying\1_IoT\1_FUNIX\Libraries_Add\SDK_1.0.3_NUCLEO-F401RE\lib_stm\libLibraries.a(stm32f401re_gpio.o)
                0x0800566c                GPIO_WriteBit
 .text.GPIO_PinAFConfig
                0x0800569c       0x92 D:\1_Studying\1_IoT\1_FUNIX\Libraries_Add\SDK_1.0.3_NUCLEO-F401RE\lib_stm\libLibraries.a(stm32f401re_gpio.o)
                0x0800569c                GPIO_PinAFConfig
 *fill*         0x0800572e        0x2 
 .text.I2C_Init
                0x08005730      0x184 D:\1_Studying\1_IoT\1_FUNIX\Libraries_Add\SDK_1.0.3_NUCLEO-F401RE\lib_stm\libLibraries.a(stm32f401re_i2c.o)
                0x08005730                I2C_Init
 .text.I2C_Cmd  0x080058b4       0x40 D:\1_Studying\1_IoT\1_FUNIX\Libraries_Add\SDK_1.0.3_NUCLEO-F401RE\lib_stm\libLibraries.a(stm32f401re_i2c.o)
                0x080058b4                I2C_Cmd
 .text.I2C_GenerateSTART
                0x080058f4       0x40 D:\1_Studying\1_IoT\1_FUNIX\Libraries_Add\SDK_1.0.3_NUCLEO-F401RE\lib_stm\libLibraries.a(stm32f401re_i2c.o)
                0x080058f4                I2C_GenerateSTART
 .text.I2C_GenerateSTOP
                0x08005934       0x40 D:\1_Studying\1_IoT\1_FUNIX\Libraries_Add\SDK_1.0.3_NUCLEO-F401RE\lib_stm\libLibraries.a(stm32f401re_i2c.o)
                0x08005934                I2C_GenerateSTOP
 .text.I2C_Send7bitAddress
                0x08005974       0x3c D:\1_Studying\1_IoT\1_FUNIX\Libraries_Add\SDK_1.0.3_NUCLEO-F401RE\lib_stm\libLibraries.a(stm32f401re_i2c.o)
                0x08005974                I2C_Send7bitAddress
 .text.I2C_AcknowledgeConfig
                0x080059b0       0x40 D:\1_Studying\1_IoT\1_FUNIX\Libraries_Add\SDK_1.0.3_NUCLEO-F401RE\lib_stm\libLibraries.a(stm32f401re_i2c.o)
                0x080059b0                I2C_AcknowledgeConfig
 .text.I2C_SendData
                0x080059f0       0x20 D:\1_Studying\1_IoT\1_FUNIX\Libraries_Add\SDK_1.0.3_NUCLEO-F401RE\lib_stm\libLibraries.a(stm32f401re_i2c.o)
                0x080059f0                I2C_SendData
 .text.I2C_ReceiveData
                0x08005a10       0x1c D:\1_Studying\1_IoT\1_FUNIX\Libraries_Add\SDK_1.0.3_NUCLEO-F401RE\lib_stm\libLibraries.a(stm32f401re_i2c.o)
                0x08005a10                I2C_ReceiveData
 .text.I2C_CheckEvent
                0x08005a2c       0x60 D:\1_Studying\1_IoT\1_FUNIX\Libraries_Add\SDK_1.0.3_NUCLEO-F401RE\lib_stm\libLibraries.a(stm32f401re_i2c.o)
                0x08005a2c                I2C_CheckEvent
 .text.I2C_GetFlagStatus
                0x08005a8c       0x66 D:\1_Studying\1_IoT\1_FUNIX\Libraries_Add\SDK_1.0.3_NUCLEO-F401RE\lib_stm\libLibraries.a(stm32f401re_i2c.o)
                0x08005a8c                I2C_GetFlagStatus
 *fill*         0x08005af2        0x2 
 .text.RCC_GetClocksFreq
                0x08005af4      0x150 D:\1_Studying\1_IoT\1_FUNIX\Libraries_Add\SDK_1.0.3_NUCLEO-F401RE\lib_stm\libLibraries.a(stm32f401re_rcc.o)
                0x08005af4                RCC_GetClocksFreq
 .text.RCC_AHB1PeriphClockCmd
                0x08005c44       0x40 D:\1_Studying\1_IoT\1_FUNIX\Libraries_Add\SDK_1.0.3_NUCLEO-F401RE\lib_stm\libLibraries.a(stm32f401re_rcc.o)
                0x08005c44                RCC_AHB1PeriphClockCmd
 .text.RCC_APB1PeriphClockCmd
                0x08005c84       0x40 D:\1_Studying\1_IoT\1_FUNIX\Libraries_Add\SDK_1.0.3_NUCLEO-F401RE\lib_stm\libLibraries.a(stm32f401re_rcc.o)
                0x08005c84                RCC_APB1PeriphClockCmd
 .text.RCC_APB2PeriphClockCmd
                0x08005cc4       0x40 D:\1_Studying\1_IoT\1_FUNIX\Libraries_Add\SDK_1.0.3_NUCLEO-F401RE\lib_stm\libLibraries.a(stm32f401re_rcc.o)
                0x08005cc4                RCC_APB2PeriphClockCmd
 .text.RCC_APB2PeriphResetCmd
                0x08005d04       0x40 D:\1_Studying\1_IoT\1_FUNIX\Libraries_Add\SDK_1.0.3_NUCLEO-F401RE\lib_stm\libLibraries.a(stm32f401re_rcc.o)
                0x08005d04                RCC_APB2PeriphResetCmd
 .text.TIM_TimeBaseInit
                0x08005d44       0xd8 D:\1_Studying\1_IoT\1_FUNIX\Libraries_Add\SDK_1.0.3_NUCLEO-F401RE\lib_stm\libLibraries.a(stm32f401re_tim.o)
                0x08005d44                TIM_TimeBaseInit
 .text.TIM_Cmd  0x08005e1c       0x40 D:\1_Studying\1_IoT\1_FUNIX\Libraries_Add\SDK_1.0.3_NUCLEO-F401RE\lib_stm\libLibraries.a(stm32f401re_tim.o)
                0x08005e1c                TIM_Cmd
 .text.TIM_OC1Init
                0x08005e5c       0xf4 D:\1_Studying\1_IoT\1_FUNIX\Libraries_Add\SDK_1.0.3_NUCLEO-F401RE\lib_stm\libLibraries.a(stm32f401re_tim.o)
                0x08005e5c                TIM_OC1Init
 .text.TIM_OC2Init
                0x08005f50      0x110 D:\1_Studying\1_IoT\1_FUNIX\Libraries_Add\SDK_1.0.3_NUCLEO-F401RE\lib_stm\libLibraries.a(stm32f401re_tim.o)
                0x08005f50                TIM_OC2Init
 .text.TIM_OC3Init
                0x08006060      0x10c D:\1_Studying\1_IoT\1_FUNIX\Libraries_Add\SDK_1.0.3_NUCLEO-F401RE\lib_stm\libLibraries.a(stm32f401re_tim.o)
                0x08006060                TIM_OC3Init
 .text.TIM_OC4Init
                0x0800616c       0xd0 D:\1_Studying\1_IoT\1_FUNIX\Libraries_Add\SDK_1.0.3_NUCLEO-F401RE\lib_stm\libLibraries.a(stm32f401re_tim.o)
                0x0800616c                TIM_OC4Init
 .text.TIM_SetCompare1
                0x0800623c       0x1c D:\1_Studying\1_IoT\1_FUNIX\Libraries_Add\SDK_1.0.3_NUCLEO-F401RE\lib_stm\libLibraries.a(stm32f401re_tim.o)
                0x0800623c                TIM_SetCompare1
 .text.TIM_SetCompare2
                0x08006258       0x1c D:\1_Studying\1_IoT\1_FUNIX\Libraries_Add\SDK_1.0.3_NUCLEO-F401RE\lib_stm\libLibraries.a(stm32f401re_tim.o)
                0x08006258                TIM_SetCompare2
 .text.TIM_SetCompare3
                0x08006274       0x1c D:\1_Studying\1_IoT\1_FUNIX\Libraries_Add\SDK_1.0.3_NUCLEO-F401RE\lib_stm\libLibraries.a(stm32f401re_tim.o)
                0x08006274                TIM_SetCompare3
 .text.TIM_SetCompare4
                0x08006290       0x1c D:\1_Studying\1_IoT\1_FUNIX\Libraries_Add\SDK_1.0.3_NUCLEO-F401RE\lib_stm\libLibraries.a(stm32f401re_tim.o)
                0x08006290                TIM_SetCompare4
 .text.TIM_CtrlPWMOutputs
                0x080062ac       0x4c D:\1_Studying\1_IoT\1_FUNIX\Libraries_Add\SDK_1.0.3_NUCLEO-F401RE\lib_stm\libLibraries.a(stm32f401re_tim.o)
                0x080062ac                TIM_CtrlPWMOutputs
 .text.USART_Init
                0x080062f8      0x174 D:\1_Studying\1_IoT\1_FUNIX\Libraries_Add\SDK_1.0.3_NUCLEO-F401RE\lib_stm\libLibraries.a(stm32f401re_usart.o)
                0x080062f8                USART_Init
 .text.USART_Cmd
                0x0800646c       0x40 D:\1_Studying\1_IoT\1_FUNIX\Libraries_Add\SDK_1.0.3_NUCLEO-F401RE\lib_stm\libLibraries.a(stm32f401re_usart.o)
                0x0800646c                USART_Cmd
 .text.USART_SendData
                0x080064ac       0x24 D:\1_Studying\1_IoT\1_FUNIX\Libraries_Add\SDK_1.0.3_NUCLEO-F401RE\lib_stm\libLibraries.a(stm32f401re_usart.o)
                0x080064ac                USART_SendData
 .text.USART_ReceiveData
                0x080064d0       0x20 D:\1_Studying\1_IoT\1_FUNIX\Libraries_Add\SDK_1.0.3_NUCLEO-F401RE\lib_stm\libLibraries.a(stm32f401re_usart.o)
                0x080064d0                USART_ReceiveData
 .text.USART_ITConfig
                0x080064f0       0x90 D:\1_Studying\1_IoT\1_FUNIX\Libraries_Add\SDK_1.0.3_NUCLEO-F401RE\lib_stm\libLibraries.a(stm32f401re_usart.o)
                0x080064f0                USART_ITConfig
 .text.USART_GetFlagStatus
                0x08006580       0x38 D:\1_Studying\1_IoT\1_FUNIX\Libraries_Add\SDK_1.0.3_NUCLEO-F401RE\lib_stm\libLibraries.a(stm32f401re_usart.o)
                0x08006580                USART_GetFlagStatus
 .text.USART_GetITStatus
                0x080065b8       0xb6 D:\1_Studying\1_IoT\1_FUNIX\Libraries_Add\SDK_1.0.3_NUCLEO-F401RE\lib_stm\libLibraries.a(stm32f401re_usart.o)
                0x080065b8                USART_GetITStatus
 .text.USART_ClearITPendingBit
                0x0800666e       0x3a D:\1_Studying\1_IoT\1_FUNIX\Libraries_Add\SDK_1.0.3_NUCLEO-F401RE\lib_stm\libLibraries.a(stm32f401re_usart.o)
                0x0800666e                USART_ClearITPendingBit
 .text.Button_Init
                0x080066a8       0xbc D:\1_Studying\1_IoT\1_FUNIX\Libraries_Add\SDK_1.0.3_NUCLEO-F401RE\lib_stm\libLibraries.a(button.o)
                0x080066a8                Button_Init
 .text.Button_SetMode
                0x08006764       0x3c D:\1_Studying\1_IoT\1_FUNIX\Libraries_Add\SDK_1.0.3_NUCLEO-F401RE\lib_stm\libLibraries.a(button.o)
                0x08006764                Button_SetMode
 .text.Button_RegisterEventCallback
                0x080067a0       0x28 D:\1_Studying\1_IoT\1_FUNIX\Libraries_Add\SDK_1.0.3_NUCLEO-F401RE\lib_stm\libLibraries.a(button.o)
                0x080067a0                Button_RegisterEventCallback
 .text.ButtonScanTypeEdge
                0x080067c8      0x1fc D:\1_Studying\1_IoT\1_FUNIX\Libraries_Add\SDK_1.0.3_NUCLEO-F401RE\lib_stm\libLibraries.a(button.o)
 .text.ButtonScan
                0x080069c4       0x4c D:\1_Studying\1_IoT\1_FUNIX\Libraries_Add\SDK_1.0.3_NUCLEO-F401RE\lib_stm\libLibraries.a(button.o)
 .text.BTNGPIO_Init
                0x08006a10       0x6c D:\1_Studying\1_IoT\1_FUNIX\Libraries_Add\SDK_1.0.3_NUCLEO-F401RE\lib_stm\libLibraries.a(button.o)
 .text.ucg_clip_is_x_visible
                0x08006a7c       0x4a D:\1_Studying\1_IoT\1_FUNIX\Libraries_Add\SDK_1.0.3_NUCLEO-F401RE\lib_stm\libLibraries.a(ucg_clip.o)
 .text.ucg_clip_is_y_visible
                0x08006ac6       0x4a D:\1_Studying\1_IoT\1_FUNIX\Libraries_Add\SDK_1.0.3_NUCLEO-F401RE\lib_stm\libLibraries.a(ucg_clip.o)
 .text.ucg_clip_intersection
                0x08006b10       0x74 D:\1_Studying\1_IoT\1_FUNIX\Libraries_Add\SDK_1.0.3_NUCLEO-F401RE\lib_stm\libLibraries.a(ucg_clip.o)
 .text.ucg_clip_is_pixel_visible
                0x08006b84       0x32 D:\1_Studying\1_IoT\1_FUNIX\Libraries_Add\SDK_1.0.3_NUCLEO-F401RE\lib_stm\libLibraries.a(ucg_clip.o)
                0x08006b84                ucg_clip_is_pixel_visible
 *fill*         0x08006bb6        0x2 
 .text.ucg_clip_l90fx
                0x08006bb8      0x300 D:\1_Studying\1_IoT\1_FUNIX\Libraries_Add\SDK_1.0.3_NUCLEO-F401RE\lib_stm\libLibraries.a(ucg_clip.o)
                0x08006bb8                ucg_clip_l90fx
 .text.ucg_clip_l90se
                0x08006eb8       0x54 D:\1_Studying\1_IoT\1_FUNIX\Libraries_Add\SDK_1.0.3_NUCLEO-F401RE\lib_stm\libLibraries.a(ucg_clip.o)
                0x08006eb8                ucg_clip_l90se
 .text.ucg_com_PowerDown
                0x08006f0c       0x3e D:\1_Studying\1_IoT\1_FUNIX\Libraries_Add\SDK_1.0.3_NUCLEO-F401RE\lib_stm\libLibraries.a(ucg_com_msg_api.o)
                0x08006f0c                ucg_com_PowerDown
 .text.ucg_com_PowerUp
                0x08006f4a       0x60 D:\1_Studying\1_IoT\1_FUNIX\Libraries_Add\SDK_1.0.3_NUCLEO-F401RE\lib_stm\libLibraries.a(ucg_com_msg_api.o)
                0x08006f4a                ucg_com_PowerUp
 .text.ucg_com_SetLineStatus
                0x08006faa       0xe2 D:\1_Studying\1_IoT\1_FUNIX\Libraries_Add\SDK_1.0.3_NUCLEO-F401RE\lib_stm\libLibraries.a(ucg_com_msg_api.o)
                0x08006faa                ucg_com_SetLineStatus
 .text.ucg_com_SetResetLineStatus
                0x0800708c       0x20 D:\1_Studying\1_IoT\1_FUNIX\Libraries_Add\SDK_1.0.3_NUCLEO-F401RE\lib_stm\libLibraries.a(ucg_com_msg_api.o)
                0x0800708c                ucg_com_SetResetLineStatus
 .text.ucg_com_SetCSLineStatus
                0x080070ac       0x20 D:\1_Studying\1_IoT\1_FUNIX\Libraries_Add\SDK_1.0.3_NUCLEO-F401RE\lib_stm\libLibraries.a(ucg_com_msg_api.o)
                0x080070ac                ucg_com_SetCSLineStatus
 .text.ucg_com_SetCDLineStatus
                0x080070cc       0x20 D:\1_Studying\1_IoT\1_FUNIX\Libraries_Add\SDK_1.0.3_NUCLEO-F401RE\lib_stm\libLibraries.a(ucg_com_msg_api.o)
                0x080070cc                ucg_com_SetCDLineStatus
 .text.ucg_com_DelayMicroseconds
                0x080070ec       0x22 D:\1_Studying\1_IoT\1_FUNIX\Libraries_Add\SDK_1.0.3_NUCLEO-F401RE\lib_stm\libLibraries.a(ucg_com_msg_api.o)
                0x080070ec                ucg_com_DelayMicroseconds
 .text.ucg_com_DelayMilliseconds
                0x0800710e       0x2c D:\1_Studying\1_IoT\1_FUNIX\Libraries_Add\SDK_1.0.3_NUCLEO-F401RE\lib_stm\libLibraries.a(ucg_com_msg_api.o)
                0x0800710e                ucg_com_DelayMilliseconds
 .text.ucg_com_SendByte
                0x0800713a       0x24 D:\1_Studying\1_IoT\1_FUNIX\Libraries_Add\SDK_1.0.3_NUCLEO-F401RE\lib_stm\libLibraries.a(ucg_com_msg_api.o)
                0x0800713a                ucg_com_SendByte
 .text.ucg_com_SendStringP
                0x0800715e       0x40 D:\1_Studying\1_IoT\1_FUNIX\Libraries_Add\SDK_1.0.3_NUCLEO-F401RE\lib_stm\libLibraries.a(ucg_com_msg_api.o)
                0x0800715e                ucg_com_SendStringP
 .text.ucg_com_SendCmdArg
                0x0800719e       0x74 D:\1_Studying\1_IoT\1_FUNIX\Libraries_Add\SDK_1.0.3_NUCLEO-F401RE\lib_stm\libLibraries.a(ucg_com_msg_api.o)
 *fill*         0x08007212        0x2 
 .text.ucg_com_SendCmdSeq
                0x08007214      0x278 D:\1_Studying\1_IoT\1_FUNIX\Libraries_Add\SDK_1.0.3_NUCLEO-F401RE\lib_stm\libLibraries.a(ucg_com_msg_api.o)
                0x08007214                ucg_com_SendCmdSeq
 .text.sprintf  0x0800748c       0x40 C:/ST/STM32CubeIDE_1.13.2/STM32CubeIDE/plugins/com.st.stm32cube.ide.mcu.externaltools.gnu-tools-for-stm32.12.3.rel1.win32_1.0.100.202403111256/tools/bin/../lib/gcc/arm-none-eabi/12.3.1/../../../../arm-none-eabi/lib/thumb/v7e-m+fp/hard\libc_nano.a(libc_a-sprintf.o)
                0x0800748c                siprintf
                0x0800748c                sprintf
 .text.memset   0x080074cc       0x10 C:/ST/STM32CubeIDE_1.13.2/STM32CubeIDE/plugins/com.st.stm32cube.ide.mcu.externaltools.gnu-tools-for-stm32.12.3.rel1.win32_1.0.100.202403111256/tools/bin/../lib/gcc/arm-none-eabi/12.3.1/../../../../arm-none-eabi/lib/thumb/v7e-m+fp/hard\libc_nano.a(libc_a-memset.o)
                0x080074cc                memset
 .text.__errno  0x080074dc        0xc C:/ST/STM32CubeIDE_1.13.2/STM32CubeIDE/plugins/com.st.stm32cube.ide.mcu.externaltools.gnu-tools-for-stm32.12.3.rel1.win32_1.0.100.202403111256/tools/bin/../lib/gcc/arm-none-eabi/12.3.1/../../../../arm-none-eabi/lib/thumb/v7e-m+fp/hard\libc_nano.a(libc_a-errno.o)
                0x080074dc                __errno
 .text.__libc_init_array
                0x080074e8       0x48 C:/ST/STM32CubeIDE_1.13.2/STM32CubeIDE/plugins/com.st.stm32cube.ide.mcu.externaltools.gnu-tools-for-stm32.12.3.rel1.win32_1.0.100.202403111256/tools/bin/../lib/gcc/arm-none-eabi/12.3.1/../../../../arm-none-eabi/lib/thumb/v7e-m+fp/hard\libc_nano.a(libc_a-init.o)
                0x080074e8                __libc_init_array
 .text.__retarget_lock_acquire_recursive
                0x08007530        0x2 C:/ST/STM32CubeIDE_1.13.2/STM32CubeIDE/plugins/com.st.stm32cube.ide.mcu.externaltools.gnu-tools-for-stm32.12.3.rel1.win32_1.0.100.202403111256/tools/bin/../lib/gcc/arm-none-eabi/12.3.1/../../../../arm-none-eabi/lib/thumb/v7e-m+fp/hard\libc_nano.a(libc_a-lock.o)
                0x08007530                __retarget_lock_acquire_recursive
 .text.__retarget_lock_release_recursive
                0x08007532        0x2 C:/ST/STM32CubeIDE_1.13.2/STM32CubeIDE/plugins/com.st.stm32cube.ide.mcu.externaltools.gnu-tools-for-stm32.12.3.rel1.win32_1.0.100.202403111256/tools/bin/../lib/gcc/arm-none-eabi/12.3.1/../../../../arm-none-eabi/lib/thumb/v7e-m+fp/hard\libc_nano.a(libc_a-lock.o)
                0x08007532                __retarget_lock_release_recursive
 .text._free_r  0x08007534       0x94 C:/ST/STM32CubeIDE_1.13.2/STM32CubeIDE/plugins/com.st.stm32cube.ide.mcu.externaltools.gnu-tools-for-stm32.12.3.rel1.win32_1.0.100.202403111256/tools/bin/../lib/gcc/arm-none-eabi/12.3.1/../../../../arm-none-eabi/lib/thumb/v7e-m+fp/hard\libc_nano.a(libc_a-freer.o)
                0x08007534                _free_r
 .text.sbrk_aligned
                0x080075c8       0x44 C:/ST/STM32CubeIDE_1.13.2/STM32CubeIDE/plugins/com.st.stm32cube.ide.mcu.externaltools.gnu-tools-for-stm32.12.3.rel1.win32_1.0.100.202403111256/tools/bin/../lib/gcc/arm-none-eabi/12.3.1/../../../../arm-none-eabi/lib/thumb/v7e-m+fp/hard\libc_nano.a(libc_a-mallocr.o)
 .text._malloc_r
                0x0800760c      0x100 C:/ST/STM32CubeIDE_1.13.2/STM32CubeIDE/plugins/com.st.stm32cube.ide.mcu.externaltools.gnu-tools-for-stm32.12.3.rel1.win32_1.0.100.202403111256/tools/bin/../lib/gcc/arm-none-eabi/12.3.1/../../../../arm-none-eabi/lib/thumb/v7e-m+fp/hard\libc_nano.a(libc_a-mallocr.o)
                0x0800760c                _malloc_r
 .text.__malloc_lock
                0x0800770c        0xc C:/ST/STM32CubeIDE_1.13.2/STM32CubeIDE/plugins/com.st.stm32cube.ide.mcu.externaltools.gnu-tools-for-stm32.12.3.rel1.win32_1.0.100.202403111256/tools/bin/../lib/gcc/arm-none-eabi/12.3.1/../../../../arm-none-eabi/lib/thumb/v7e-m+fp/hard\libc_nano.a(libc_a-mlock.o)
                0x0800770c                __malloc_lock
 .text.__malloc_unlock
                0x08007718        0xc C:/ST/STM32CubeIDE_1.13.2/STM32CubeIDE/plugins/com.st.stm32cube.ide.mcu.externaltools.gnu-tools-for-stm32.12.3.rel1.win32_1.0.100.202403111256/tools/bin/../lib/gcc/arm-none-eabi/12.3.1/../../../../arm-none-eabi/lib/thumb/v7e-m+fp/hard\libc_nano.a(libc_a-mlock.o)
                0x08007718                __malloc_unlock
 .text.__ssputs_r
                0x08007724       0xb6 C:/ST/STM32CubeIDE_1.13.2/STM32CubeIDE/plugins/com.st.stm32cube.ide.mcu.externaltools.gnu-tools-for-stm32.12.3.rel1.win32_1.0.100.202403111256/tools/bin/../lib/gcc/arm-none-eabi/12.3.1/../../../../arm-none-eabi/lib/thumb/v7e-m+fp/hard\libc_nano.a(libc_a-nano-svfprintf.o)
                0x08007724                __ssputs_r
 *fill*         0x080077da        0x2 
 .text._svfprintf_r
                0x080077dc      0x1f8 C:/ST/STM32CubeIDE_1.13.2/STM32CubeIDE/plugins/com.st.stm32cube.ide.mcu.externaltools.gnu-tools-for-stm32.12.3.rel1.win32_1.0.100.202403111256/tools/bin/../lib/gcc/arm-none-eabi/12.3.1/../../../../arm-none-eabi/lib/thumb/v7e-m+fp/hard\libc_nano.a(libc_a-nano-svfprintf.o)
                0x080077dc                _svfiprintf_r
                0x080077dc                _svfprintf_r
 .text._printf_common
                0x080079d4       0xda C:/ST/STM32CubeIDE_1.13.2/STM32CubeIDE/plugins/com.st.stm32cube.ide.mcu.externaltools.gnu-tools-for-stm32.12.3.rel1.win32_1.0.100.202403111256/tools/bin/../lib/gcc/arm-none-eabi/12.3.1/../../../../arm-none-eabi/lib/thumb/v7e-m+fp/hard\libc_nano.a(libc_a-nano-vfprintf_i.o)
                0x080079d4                _printf_common
 *fill*         0x08007aae        0x2 
 .text._printf_i
                0x08007ab0      0x240 C:/ST/STM32CubeIDE_1.13.2/STM32CubeIDE/plugins/com.st.stm32cube.ide.mcu.externaltools.gnu-tools-for-stm32.12.3.rel1.win32_1.0.100.202403111256/tools/bin/../lib/gcc/arm-none-eabi/12.3.1/../../../../arm-none-eabi/lib/thumb/v7e-m+fp/hard\libc_nano.a(libc_a-nano-vfprintf_i.o)
                0x08007ab0                _printf_i
 .text.memmove  0x08007cf0       0x34 C:/ST/STM32CubeIDE_1.13.2/STM32CubeIDE/plugins/com.st.stm32cube.ide.mcu.externaltools.gnu-tools-for-stm32.12.3.rel1.win32_1.0.100.202403111256/tools/bin/../lib/gcc/arm-none-eabi/12.3.1/../../../../arm-none-eabi/lib/thumb/v7e-m+fp/hard\libc_nano.a(libc_a-memmove.o)
                0x08007cf0                memmove
 .text._sbrk_r  0x08007d24       0x20 C:/ST/STM32CubeIDE_1.13.2/STM32CubeIDE/plugins/com.st.stm32cube.ide.mcu.externaltools.gnu-tools-for-stm32.12.3.rel1.win32_1.0.100.202403111256/tools/bin/../lib/gcc/arm-none-eabi/12.3.1/../../../../arm-none-eabi/lib/thumb/v7e-m+fp/hard\libc_nano.a(libc_a-sbrkr.o)
                0x08007d24                _sbrk_r
 .text.memcpy   0x08007d44       0x1c C:/ST/STM32CubeIDE_1.13.2/STM32CubeIDE/plugins/com.st.stm32cube.ide.mcu.externaltools.gnu-tools-for-stm32.12.3.rel1.win32_1.0.100.202403111256/tools/bin/../lib/gcc/arm-none-eabi/12.3.1/../../../../arm-none-eabi/lib/thumb/v7e-m+fp/hard\libc_nano.a(libc_a-memcpy-stub.o)
                0x08007d44                memcpy
 .text._realloc_r
                0x08007d60       0x5c C:/ST/STM32CubeIDE_1.13.2/STM32CubeIDE/plugins/com.st.stm32cube.ide.mcu.externaltools.gnu-tools-for-stm32.12.3.rel1.win32_1.0.100.202403111256/tools/bin/../lib/gcc/arm-none-eabi/12.3.1/../../../../arm-none-eabi/lib/thumb/v7e-m+fp/hard\libc_nano.a(libc_a-reallocr.o)
                0x08007d60                _realloc_r
 .text._malloc_usable_size_r
                0x08007dbc       0x10 C:/ST/STM32CubeIDE_1.13.2/STM32CubeIDE/plugins/com.st.stm32cube.ide.mcu.externaltools.gnu-tools-for-stm32.12.3.rel1.win32_1.0.100.202403111256/tools/bin/../lib/gcc/arm-none-eabi/12.3.1/../../../../arm-none-eabi/lib/thumb/v7e-m+fp/hard\libc_nano.a(libc_a-msizer.o)
                0x08007dbc                _malloc_usable_size_r
 *(.glue_7)
 .glue_7        0x08007dcc        0x0 linker stubs
 *(.glue_7t)
 .glue_7t       0x08007dcc        0x0 linker stubs
 *(.eh_frame)
 .eh_frame      0x08007dcc        0x0 C:/ST/STM32CubeIDE_1.13.2/STM32CubeIDE/plugins/com.st.stm32cube.ide.mcu.externaltools.gnu-tools-for-stm32.12.3.rel1.win32_1.0.100.202403111256/tools/bin/../lib/gcc/arm-none-eabi/12.3.1/thumb/v7e-m+fp/hard/crtbegin.o
 *(.init)
 .init          0x08007dcc        0x4 C:/ST/STM32CubeIDE_1.13.2/STM32CubeIDE/plugins/com.st.stm32cube.ide.mcu.externaltools.gnu-tools-for-stm32.12.3.rel1.win32_1.0.100.202403111256/tools/bin/../lib/gcc/arm-none-eabi/12.3.1/thumb/v7e-m+fp/hard/crti.o
                0x08007dcc                _init
 .init          0x08007dd0        0x8 C:/ST/STM32CubeIDE_1.13.2/STM32CubeIDE/plugins/com.st.stm32cube.ide.mcu.externaltools.gnu-tools-for-stm32.12.3.rel1.win32_1.0.100.202403111256/tools/bin/../lib/gcc/arm-none-eabi/12.3.1/thumb/v7e-m+fp/hard/crtn.o
 *(.fini)
 .fini          0x08007dd8        0x4 C:/ST/STM32CubeIDE_1.13.2/STM32CubeIDE/plugins/com.st.stm32cube.ide.mcu.externaltools.gnu-tools-for-stm32.12.3.rel1.win32_1.0.100.202403111256/tools/bin/../lib/gcc/arm-none-eabi/12.3.1/thumb/v7e-m+fp/hard/crti.o
                0x08007dd8                _fini
 .fini          0x08007ddc        0x8 C:/ST/STM32CubeIDE_1.13.2/STM32CubeIDE/plugins/com.st.stm32cube.ide.mcu.externaltools.gnu-tools-for-stm32.12.3.rel1.win32_1.0.100.202403111256/tools/bin/../lib/gcc/arm-none-eabi/12.3.1/thumb/v7e-m+fp/hard/crtn.o
                0x08007de4                        . = ALIGN (0x4)
                0x08007de4                        _etext = .

.vfp11_veneer   0x08007de4        0x0
 .vfp11_veneer  0x08007de4        0x0 linker stubs

.v4_bx          0x08007de4        0x0
 .v4_bx         0x08007de4        0x0 linker stubs

.iplt           0x08007de4        0x0
 .iplt          0x08007de4        0x0 C:/ST/STM32CubeIDE_1.13.2/STM32CubeIDE/plugins/com.st.stm32cube.ide.mcu.externaltools.gnu-tools-for-stm32.12.3.rel1.win32_1.0.100.202403111256/tools/bin/../lib/gcc/arm-none-eabi/12.3.1/thumb/v7e-m+fp/hard/crtbegin.o

.rodata         0x08007de4     0x1cd0
                0x08007de4                        . = ALIGN (0x4)
 *(.rodata)
 .rodata        0x08007de4      0x14c ./Src/main_Asm2_IOT302.o
 .rodata        0x08007f30        0x5 D:\1_Studying\1_IoT\1_FUNIX\Libraries_Add\SDK_1.0.3_NUCLEO-F401RE\lib_stm\libLibraries.a(buzzer.o)
 *fill*         0x08007f35        0x3 
 .rodata        0x08007f38        0x9 D:\1_Studying\1_IoT\1_FUNIX\Libraries_Add\SDK_1.0.3_NUCLEO-F401RE\lib_stm\libLibraries.a(led.o)
 *fill*         0x08007f41        0x3 
 .rodata        0x08007f44       0x16 D:\1_Studying\1_IoT\1_FUNIX\Libraries_Add\SDK_1.0.3_NUCLEO-F401RE\lib_stm\libLibraries.a(temhumsensor.o)
 *fill*         0x08007f5a        0x2 
 .rodata        0x08007f5c        0xf D:\1_Studying\1_IoT\1_FUNIX\Libraries_Add\SDK_1.0.3_NUCLEO-F401RE\lib_stm\libLibraries.a(ucg_font.o)
 *fill*         0x08007f6b        0x1 
 .rodata        0x08007f6c        0x1 D:\1_Studying\1_IoT\1_FUNIX\Libraries_Add\SDK_1.0.3_NUCLEO-F401RE\lib_stm\libLibraries.a(button.o)
 *(.rodata*)
 *fill*         0x08007f6d        0x3 
 .rodata.pinBuzz
                0x08007f70        0x8 D:\1_Studying\1_IoT\1_FUNIX\Libraries_Add\SDK_1.0.3_NUCLEO-F401RE\lib_stm\libLibraries.a(buzzer.o)
 .rodata.ucg_st7735_set_pos_seq
                0x08007f78       0x1e D:\1_Studying\1_IoT\1_FUNIX\Libraries_Add\SDK_1.0.3_NUCLEO-F401RE\lib_stm\libLibraries.a(ucg_dev_ic_st7735.o)
                0x08007f78                ucg_st7735_set_pos_seq
 *fill*         0x08007f96        0x2 
 .rodata.ucg_st7735_set_pos_dir0_seq
                0x08007f98       0x1e D:\1_Studying\1_IoT\1_FUNIX\Libraries_Add\SDK_1.0.3_NUCLEO-F401RE\lib_stm\libLibraries.a(ucg_dev_ic_st7735.o)
                0x08007f98                ucg_st7735_set_pos_dir0_seq
 *fill*         0x08007fb6        0x2 
 .rodata.ucg_st7735_set_pos_dir1_seq
                0x08007fb8       0x21 D:\1_Studying\1_IoT\1_FUNIX\Libraries_Add\SDK_1.0.3_NUCLEO-F401RE\lib_stm\libLibraries.a(ucg_dev_ic_st7735.o)
                0x08007fb8                ucg_st7735_set_pos_dir1_seq
 *fill*         0x08007fd9        0x3 
 .rodata.ucg_st7735_set_pos_dir2_seq
                0x08007fdc       0x21 D:\1_Studying\1_IoT\1_FUNIX\Libraries_Add\SDK_1.0.3_NUCLEO-F401RE\lib_stm\libLibraries.a(ucg_dev_ic_st7735.o)
                0x08007fdc                ucg_st7735_set_pos_dir2_seq
 *fill*         0x08007ffd        0x3 
 .rodata.ucg_st7735_set_pos_dir3_seq
                0x08008000       0x24 D:\1_Studying\1_IoT\1_FUNIX\Libraries_Add\SDK_1.0.3_NUCLEO-F401RE\lib_stm\libLibraries.a(ucg_dev_ic_st7735.o)
                0x08008000                ucg_st7735_set_pos_dir3_seq
 .rodata.ucg_st7735_power_down_seq
                0x08008024        0x7 D:\1_Studying\1_IoT\1_FUNIX\Libraries_Add\SDK_1.0.3_NUCLEO-F401RE\lib_stm\libLibraries.a(ucg_dev_ic_st7735.o)
 *fill*         0x0800802b        0x1 
 .rodata.ucg_tft_128x160_st7735_init_seq
                0x0800802c       0x2c D:\1_Studying\1_IoT\1_FUNIX\Libraries_Add\SDK_1.0.3_NUCLEO-F401RE\lib_stm\libLibraries.a(ucg_dev_tft_128x128_st7735.o)
 .rodata.ucg_font_ncenR08_hf
                0x08008058      0xab3 D:\1_Studying\1_IoT\1_FUNIX\Libraries_Add\SDK_1.0.3_NUCLEO-F401RE\lib_stm\libLibraries.a(ucg_pixel_font_data.o)
                0x08008058                ucg_font_ncenR08_hf
 *fill*         0x08008b0b        0x1 
 .rodata.ucg_font_ncenR10_hf
                0x08008b0c      0xf75 D:\1_Studying\1_IoT\1_FUNIX\Libraries_Add\SDK_1.0.3_NUCLEO-F401RE\lib_stm\libLibraries.a(ucg_pixel_font_data.o)
                0x08008b0c                ucg_font_ncenR10_hf
 .rodata._svfprintf_r.str1.1
                0x08009a81       0x11 C:/ST/STM32CubeIDE_1.13.2/STM32CubeIDE/plugins/com.st.stm32cube.ide.mcu.externaltools.gnu-tools-for-stm32.12.3.rel1.win32_1.0.100.202403111256/tools/bin/../lib/gcc/arm-none-eabi/12.3.1/../../../../arm-none-eabi/lib/thumb/v7e-m+fp/hard\libc_nano.a(libc_a-nano-svfprintf.o)
 .rodata._printf_i.str1.1
                0x08009a92       0x22 C:/ST/STM32CubeIDE_1.13.2/STM32CubeIDE/plugins/com.st.stm32cube.ide.mcu.externaltools.gnu-tools-for-stm32.12.3.rel1.win32_1.0.100.202403111256/tools/bin/../lib/gcc/arm-none-eabi/12.3.1/../../../../arm-none-eabi/lib/thumb/v7e-m+fp/hard\libc_nano.a(libc_a-nano-vfprintf_i.o)
                0x08009ab4                        . = ALIGN (0x4)

.ARM.extab      0x08009ab4        0x0
                0x08009ab4                        . = ALIGN (0x4)
 *(.ARM.extab* .gnu.linkonce.armextab.*)
                0x08009ab4                        . = ALIGN (0x4)

.ARM            0x08009ab4        0x8
                0x08009ab4                        . = ALIGN (0x4)
                0x08009ab4                        __exidx_start = .
 *(.ARM.exidx*)
 .ARM.exidx     0x08009ab4        0x8 C:/ST/STM32CubeIDE_1.13.2/STM32CubeIDE/plugins/com.st.stm32cube.ide.mcu.externaltools.gnu-tools-for-stm32.12.3.rel1.win32_1.0.100.202403111256/tools/bin/../lib/gcc/arm-none-eabi/12.3.1/../../../../arm-none-eabi/lib/thumb/v7e-m+fp/hard\libc_nano.a(libc_a-memchr.o)
                0x08009abc                        __exidx_end = .
                0x08009abc                        . = ALIGN (0x4)

.rel.dyn        0x08009abc        0x0
 .rel.iplt      0x08009abc        0x0 C:/ST/STM32CubeIDE_1.13.2/STM32CubeIDE/plugins/com.st.stm32cube.ide.mcu.externaltools.gnu-tools-for-stm32.12.3.rel1.win32_1.0.100.202403111256/tools/bin/../lib/gcc/arm-none-eabi/12.3.1/thumb/v7e-m+fp/hard/crtbegin.o

.preinit_array  0x08009abc        0x0
                0x08009abc                        . = ALIGN (0x4)
                0x08009abc                        PROVIDE (__preinit_array_start = .)
 *(.preinit_array*)
                0x08009abc                        PROVIDE (__preinit_array_end = .)
                0x08009abc                        . = ALIGN (0x4)

.init_array     0x08009abc        0x4
                0x08009abc                        . = ALIGN (0x4)
                0x08009abc                        PROVIDE (__init_array_start = .)
 *(SORT_BY_NAME(.init_array.*))
 *(.init_array*)
 .init_array    0x08009abc        0x4 C:/ST/STM32CubeIDE_1.13.2/STM32CubeIDE/plugins/com.st.stm32cube.ide.mcu.externaltools.gnu-tools-for-stm32.12.3.rel1.win32_1.0.100.202403111256/tools/bin/../lib/gcc/arm-none-eabi/12.3.1/thumb/v7e-m+fp/hard/crtbegin.o
                0x08009ac0                        PROVIDE (__init_array_end = .)
                0x08009ac0                        . = ALIGN (0x4)

.fini_array     0x08009ac0        0x4
                0x08009ac0                        . = ALIGN (0x4)
                [!provide]                        PROVIDE (__fini_array_start = .)
 *(SORT_BY_NAME(.fini_array.*))
 *(.fini_array*)
 .fini_array    0x08009ac0        0x4 C:/ST/STM32CubeIDE_1.13.2/STM32CubeIDE/plugins/com.st.stm32cube.ide.mcu.externaltools.gnu-tools-for-stm32.12.3.rel1.win32_1.0.100.202403111256/tools/bin/../lib/gcc/arm-none-eabi/12.3.1/thumb/v7e-m+fp/hard/crtbegin.o
                [!provide]                        PROVIDE (__fini_array_end = .)
                0x08009ac4                        . = ALIGN (0x4)
                0x08009ac4                        _sidata = LOADADDR (.data)

.data           0x20000000       0xe0 load address 0x08009ac4
                0x20000000                        . = ALIGN (0x4)
                0x20000000                        _sdata = .
 *(.data)
 *(.data*)
 .data.g_idTimerStartIncrease
                0x20000000        0x1 ./Src/main_Asm2_IOT302.o
 .data.g_idTimerStartDecrease
                0x20000001        0x1 ./Src/main_Asm2_IOT302.o
 .data.g_idTimerDisplayLCD
                0x20000002        0x1 ./Src/main_Asm2_IOT302.o
 .data.g_idTimerSensorUpdate
                0x20000003        0x1 ./Src/main_Asm2_IOT302.o
 .data.g_text   0x20000004       0x22 ./Src/main_Asm2_IOT302.o
                0x20000004                g_text
 *fill*         0x20000026        0x2 
 .data.SystemCoreClock
                0x20000028        0x4 D:\1_Studying\1_IoT\1_FUNIX\Libraries_Add\SDK_1.0.3_NUCLEO-F401RE\lib_stm\libLibraries.a(system_stm32f4xx.o)
                0x20000028                SystemCoreClock
 .data.AHBPrescTable
                0x2000002c       0x10 D:\1_Studying\1_IoT\1_FUNIX\Libraries_Add\SDK_1.0.3_NUCLEO-F401RE\lib_stm\libLibraries.a(system_stm32f4xx.o)
                0x2000002c                AHBPrescTable
 .data.idBuzz   0x2000003c        0x1 D:\1_Studying\1_IoT\1_FUNIX\Libraries_Add\SDK_1.0.3_NUCLEO-F401RE\lib_stm\libLibraries.a(buzzer.o)
 *fill*         0x2000003d        0x3 
 .data.pbeep    0x20000040        0x8 D:\1_Studying\1_IoT\1_FUNIX\Libraries_Add\SDK_1.0.3_NUCLEO-F401RE\lib_stm\libLibraries.a(melody.o)
                0x20000040                pbeep
 .data.blinkTimer
                0x20000048        0x1 D:\1_Studying\1_IoT\1_FUNIX\Libraries_Add\SDK_1.0.3_NUCLEO-F401RE\lib_stm\libLibraries.a(led.o)
 .data.g_byTimeWaitGetTemp
                0x20000049        0x1 D:\1_Studying\1_IoT\1_FUNIX\Libraries_Add\SDK_1.0.3_NUCLEO-F401RE\lib_stm\libLibraries.a(temhumsensor.o)
 .data.g_byTimeWaitGetHumi
                0x2000004a        0x1 D:\1_Studying\1_IoT\1_FUNIX\Libraries_Add\SDK_1.0.3_NUCLEO-F401RE\lib_stm\libLibraries.a(temhumsensor.o)
 .data.idTaskScanDecodeLen
                0x2000004b        0x1 D:\1_Studying\1_IoT\1_FUNIX\Libraries_Add\SDK_1.0.3_NUCLEO-F401RE\lib_stm\libLibraries.a(ucg_font.o)
 .data.APBAHBPrescTable
                0x2000004c       0x10 D:\1_Studying\1_IoT\1_FUNIX\Libraries_Add\SDK_1.0.3_NUCLEO-F401RE\lib_stm\libLibraries.a(stm32f401re_rcc.o)
 .data.pinBtnPad
                0x2000005c       0x30 D:\1_Studying\1_IoT\1_FUNIX\Libraries_Add\SDK_1.0.3_NUCLEO-F401RE\lib_stm\libLibraries.a(button.o)
 .data.idTaskScanButton
                0x2000008c        0x1 D:\1_Studying\1_IoT\1_FUNIX\Libraries_Add\SDK_1.0.3_NUCLEO-F401RE\lib_stm\libLibraries.a(button.o)
 *fill*         0x2000008d        0x3 
 .data._impure_ptr
                0x20000090        0x4 C:/ST/STM32CubeIDE_1.13.2/STM32CubeIDE/plugins/com.st.stm32cube.ide.mcu.externaltools.gnu-tools-for-stm32.12.3.rel1.win32_1.0.100.202403111256/tools/bin/../lib/gcc/arm-none-eabi/12.3.1/../../../../arm-none-eabi/lib/thumb/v7e-m+fp/hard\libc_nano.a(libc_a-impure.o)
                0x20000090                _impure_ptr
 .data._impure_data
                0x20000094       0x4c C:/ST/STM32CubeIDE_1.13.2/STM32CubeIDE/plugins/com.st.stm32cube.ide.mcu.externaltools.gnu-tools-for-stm32.12.3.rel1.win32_1.0.100.202403111256/tools/bin/../lib/gcc/arm-none-eabi/12.3.1/../../../../arm-none-eabi/lib/thumb/v7e-m+fp/hard\libc_nano.a(libc_a-impure.o)
                0x20000094                _impure_data
 *(.RamFunc)
 *(.RamFunc*)
                0x200000e0                        . = ALIGN (0x4)
                0x200000e0                        _edata = .

.igot.plt       0x200000e0        0x0 load address 0x08009ba4
 .igot.plt      0x200000e0        0x0 C:/ST/STM32CubeIDE_1.13.2/STM32CubeIDE/plugins/com.st.stm32cube.ide.mcu.externaltools.gnu-tools-for-stm32.12.3.rel1.win32_1.0.100.202403111256/tools/bin/../lib/gcc/arm-none-eabi/12.3.1/thumb/v7e-m+fp/hard/crtbegin.o
                0x200000e0                        . = ALIGN (0x4)

.bss            0x200000e0     0x1754 load address 0x08009ba4
                0x200000e0                        _sbss = .
                0x200000e0                        __bss_start__ = _sbss
 *(.bss)
 .bss           0x200000e0       0x1c C:/ST/STM32CubeIDE_1.13.2/STM32CubeIDE/plugins/com.st.stm32cube.ide.mcu.externaltools.gnu-tools-for-stm32.12.3.rel1.win32_1.0.100.202403111256/tools/bin/../lib/gcc/arm-none-eabi/12.3.1/thumb/v7e-m+fp/hard/crtbegin.o
 *(.bss*)
 .bss.g_ucg     0x200000fc       0xb4 ./Src/main_Asm2_IOT302.o
 .bss.g_eCurrentState
                0x200001b0        0x1 ./Src/main_Asm2_IOT302.o
                0x200001b0                g_eCurrentState
 .bss.g_ledRed  0x200001b1        0x1 ./Src/main_Asm2_IOT302.o
 .bss.g_ledGreen
                0x200001b2        0x1 ./Src/main_Asm2_IOT302.o
 .bss.g_ledWhite
                0x200001b3        0x1 ./Src/main_Asm2_IOT302.o
 .bss.g_ledBlue
                0x200001b4        0x1 ./Src/main_Asm2_IOT302.o
 .bss.g_ledChange
                0x200001b5        0x1 ./Src/main_Asm2_IOT302.o
 .bss.g_B3Count
                0x200001b6        0x1 ./Src/main_Asm2_IOT302.o
 *fill*         0x200001b7        0x1 
 .bss.g_temperature
                0x200001b8        0x2 ./Src/main_Asm2_IOT302.o
 .bss.g_humidity
                0x200001ba        0x2 ./Src/main_Asm2_IOT302.o
 .bss.g_light   0x200001bc        0x2 ./Src/main_Asm2_IOT302.o
 *fill*         0x200001be        0x2 
 .bss.g_strTemp
                0x200001c0       0x1e ./Src/main_Asm2_IOT302.o
 *fill*         0x200001de        0x2 
 .bss.g_strHumi
                0x200001e0       0x1e ./Src/main_Asm2_IOT302.o
 *fill*         0x200001fe        0x2 
 .bss.g_strLight
                0x20000200       0x1e ./Src/main_Asm2_IOT302.o
 *fill*         0x2000021e        0x2 
 .bss.__sbrk_heap_end
                0x20000220        0x4 ./Src/sysmem.o
 .bss.bBuzzInit
                0x20000224        0x1 D:\1_Studying\1_IoT\1_FUNIX\Libraries_Add\SDK_1.0.3_NUCLEO-F401RE\lib_stm\libLibraries.a(buzzer.o)
 *fill*         0x20000225        0x3 
 .bss.gpToneList
                0x20000228        0x4 D:\1_Studying\1_IoT\1_FUNIX\Libraries_Add\SDK_1.0.3_NUCLEO-F401RE\lib_stm\libLibraries.a(buzzer.o)
 .bss.ledBlink  0x2000022c        0x8 D:\1_Studying\1_IoT\1_FUNIX\Libraries_Add\SDK_1.0.3_NUCLEO-F401RE\lib_stm\libLibraries.a(led.o)
 .bss.g_brightnessLed
                0x20000234        0x1 D:\1_Studying\1_IoT\1_FUNIX\Libraries_Add\SDK_1.0.3_NUCLEO-F401RE\lib_stm\libLibraries.a(led.o)
 .bss.bToggleAll.7549
                0x20000235        0x1 D:\1_Studying\1_IoT\1_FUNIX\Libraries_Add\SDK_1.0.3_NUCLEO-F401RE\lib_stm\libLibraries.a(led.o)
 .bss.bToggle.7548
                0x20000236        0x1 D:\1_Studying\1_IoT\1_FUNIX\Libraries_Add\SDK_1.0.3_NUCLEO-F401RE\lib_stm\libLibraries.a(led.o)
 *fill*         0x20000237        0x1 
 .bss.pAppStateFunc
                0x20000238        0x4 D:\1_Studying\1_IoT\1_FUNIX\Libraries_Add\SDK_1.0.3_NUCLEO-F401RE\lib_stm\libLibraries.a(eventman.o)
 .bss.pBuffEvent
                0x2000023c      0x100 D:\1_Studying\1_IoT\1_FUNIX\Libraries_Add\SDK_1.0.3_NUCLEO-F401RE\lib_stm\libLibraries.a(eventman.o)
 .bss.eventQueue
                0x2000033c       0x10 D:\1_Studying\1_IoT\1_FUNIX\Libraries_Add\SDK_1.0.3_NUCLEO-F401RE\lib_stm\libLibraries.a(eventman.o)
 .bss.g_pTimerHandle
                0x2000034c      0x180 D:\1_Studying\1_IoT\1_FUNIX\Libraries_Add\SDK_1.0.3_NUCLEO-F401RE\lib_stm\libLibraries.a(timer.o)
 .bss.g_wMilSecTickTimer
                0x200004cc        0x4 D:\1_Studying\1_IoT\1_FUNIX\Libraries_Add\SDK_1.0.3_NUCLEO-F401RE\lib_stm\libLibraries.a(timer.o)
 .bss.uhADCConvertedValue
                0x200004d0        0x2 D:\1_Studying\1_IoT\1_FUNIX\Libraries_Add\SDK_1.0.3_NUCLEO-F401RE\lib_stm\libLibraries.a(lightsensor.o)
 .bss.byRxBufState
                0x200004d2        0x1 D:\1_Studying\1_IoT\1_FUNIX\Libraries_Add\SDK_1.0.3_NUCLEO-F401RE\lib_stm\libLibraries.a(serial.o)
 .bss.byIndexRxBuf
                0x200004d3        0x1 D:\1_Studying\1_IoT\1_FUNIX\Libraries_Add\SDK_1.0.3_NUCLEO-F401RE\lib_stm\libLibraries.a(serial.o)
 .bss.byCheckXorRxBuf
                0x200004d4        0x1 D:\1_Studying\1_IoT\1_FUNIX\Libraries_Add\SDK_1.0.3_NUCLEO-F401RE\lib_stm\libLibraries.a(serial.o)
 *fill*         0x200004d5        0x3 
 .bss.dwTimeoutRx
                0x200004d8        0x4 D:\1_Studying\1_IoT\1_FUNIX\Libraries_Add\SDK_1.0.3_NUCLEO-F401RE\lib_stm\libLibraries.a(serial.o)
 .bss.bRxActive
                0x200004dc        0x1 D:\1_Studying\1_IoT\1_FUNIX\Libraries_Add\SDK_1.0.3_NUCLEO-F401RE\lib_stm\libLibraries.a(serial.o)
 *fill*         0x200004dd        0x3 
 .bss.byRxBuffer
                0x200004e0       0x1e D:\1_Studying\1_IoT\1_FUNIX\Libraries_Add\SDK_1.0.3_NUCLEO-F401RE\lib_stm\libLibraries.a(serial.o)
                0x200004e0                byRxBuffer
 *fill*         0x200004fe        0x2 
 .bss.serialQueueRx
                0x20000500       0x10 D:\1_Studying\1_IoT\1_FUNIX\Libraries_Add\SDK_1.0.3_NUCLEO-F401RE\lib_stm\libLibraries.a(serial.o)
 .bss.pBuffDataRx
                0x20000510      0x100 D:\1_Studying\1_IoT\1_FUNIX\Libraries_Add\SDK_1.0.3_NUCLEO-F401RE\lib_stm\libLibraries.a(serial.o)
 .bss.g_pUartQueueRx
                0x20000610        0x8 D:\1_Studying\1_IoT\1_FUNIX\Libraries_Add\SDK_1.0.3_NUCLEO-F401RE\lib_stm\libLibraries.a(serial.o)
 .bss.pSerialHandleEvent
                0x20000618        0x4 D:\1_Studying\1_IoT\1_FUNIX\Libraries_Add\SDK_1.0.3_NUCLEO-F401RE\lib_stm\libLibraries.a(serial.o)
 .bss.bySeq.7406
                0x2000061c        0x1 D:\1_Studying\1_IoT\1_FUNIX\Libraries_Add\SDK_1.0.3_NUCLEO-F401RE\lib_stm\libLibraries.a(serial.o)
 *fill*         0x2000061d        0x3 
 .bss.pButtonHandleEvent
                0x20000620        0x4 D:\1_Studying\1_IoT\1_FUNIX\Libraries_Add\SDK_1.0.3_NUCLEO-F401RE\lib_stm\libLibraries.a(uartcmd.o)
 .bss.pBuzzerHandleEvent
                0x20000624        0x4 D:\1_Studying\1_IoT\1_FUNIX\Libraries_Add\SDK_1.0.3_NUCLEO-F401RE\lib_stm\libLibraries.a(uartcmd.o)
 .bss.pLedHandleEvent
                0x20000628        0x4 D:\1_Studying\1_IoT\1_FUNIX\Libraries_Add\SDK_1.0.3_NUCLEO-F401RE\lib_stm\libLibraries.a(uartcmd.o)
 .bss.pLcdHandleEvent
                0x2000062c        0x4 D:\1_Studying\1_IoT\1_FUNIX\Libraries_Add\SDK_1.0.3_NUCLEO-F401RE\lib_stm\libLibraries.a(uartcmd.o)
 .bss.buffer.5657
                0x20000630       0x14 D:\1_Studying\1_IoT\1_FUNIX\Libraries_Add\SDK_1.0.3_NUCLEO-F401RE\lib_stm\libLibraries.a(uartcmd.o)
 .bss.fontQueue
                0x20000644       0x10 D:\1_Studying\1_IoT\1_FUNIX\Libraries_Add\SDK_1.0.3_NUCLEO-F401RE\lib_stm\libLibraries.a(ucg_font.o)
 .bss.pQueueFont
                0x20000654     0x1000 D:\1_Studying\1_IoT\1_FUNIX\Libraries_Add\SDK_1.0.3_NUCLEO-F401RE\lib_stm\libLibraries.a(ucg_font.o)
 .bss.next.7562
                0x20001654        0x1 D:\1_Studying\1_IoT\1_FUNIX\Libraries_Add\SDK_1.0.3_NUCLEO-F401RE\lib_stm\libLibraries.a(ucg_font.o)
 *fill*         0x20001655        0x3 
 .bss.kpad      0x20001658       0x78 D:\1_Studying\1_IoT\1_FUNIX\Libraries_Add\SDK_1.0.3_NUCLEO-F401RE\lib_stm\libLibraries.a(button.o)
 .bss.pEventCallbacks
                0x200016d0       0x10 D:\1_Studying\1_IoT\1_FUNIX\Libraries_Add\SDK_1.0.3_NUCLEO-F401RE\lib_stm\libLibraries.a(button.o)
 .bss.__sf      0x200016e0      0x138 C:/ST/STM32CubeIDE_1.13.2/STM32CubeIDE/plugins/com.st.stm32cube.ide.mcu.externaltools.gnu-tools-for-stm32.12.3.rel1.win32_1.0.100.202403111256/tools/bin/../lib/gcc/arm-none-eabi/12.3.1/../../../../arm-none-eabi/lib/thumb/v7e-m+fp/hard\libc_nano.a(libc_a-findfp.o)
                0x200016e0                __sf
 .bss.errno     0x20001818        0x4 C:/ST/STM32CubeIDE_1.13.2/STM32CubeIDE/plugins/com.st.stm32cube.ide.mcu.externaltools.gnu-tools-for-stm32.12.3.rel1.win32_1.0.100.202403111256/tools/bin/../lib/gcc/arm-none-eabi/12.3.1/../../../../arm-none-eabi/lib/thumb/v7e-m+fp/hard\libc_nano.a(libc_a-reent.o)
                0x20001818                errno
 .bss.__lock___malloc_recursive_mutex
                0x2000181c        0x1 C:/ST/STM32CubeIDE_1.13.2/STM32CubeIDE/plugins/com.st.stm32cube.ide.mcu.externaltools.gnu-tools-for-stm32.12.3.rel1.win32_1.0.100.202403111256/tools/bin/../lib/gcc/arm-none-eabi/12.3.1/../../../../arm-none-eabi/lib/thumb/v7e-m+fp/hard\libc_nano.a(libc_a-lock.o)
                0x2000181c                __lock___malloc_recursive_mutex
 *fill*         0x2000181d        0x3 
 .bss.__malloc_sbrk_start
                0x20001820        0x4 C:/ST/STM32CubeIDE_1.13.2/STM32CubeIDE/plugins/com.st.stm32cube.ide.mcu.externaltools.gnu-tools-for-stm32.12.3.rel1.win32_1.0.100.202403111256/tools/bin/../lib/gcc/arm-none-eabi/12.3.1/../../../../arm-none-eabi/lib/thumb/v7e-m+fp/hard\libc_nano.a(libc_a-mallocr.o)
                0x20001820                __malloc_sbrk_start
 .bss.__malloc_free_list
                0x20001824        0x4 C:/ST/STM32CubeIDE_1.13.2/STM32CubeIDE/plugins/com.st.stm32cube.ide.mcu.externaltools.gnu-tools-for-stm32.12.3.rel1.win32_1.0.100.202403111256/tools/bin/../lib/gcc/arm-none-eabi/12.3.1/../../../../arm-none-eabi/lib/thumb/v7e-m+fp/hard\libc_nano.a(libc_a-mallocr.o)
                0x20001824                __malloc_free_list
 *(COMMON)
 COMMON         0x20001828        0xc D:\1_Studying\1_IoT\1_FUNIX\Libraries_Add\SDK_1.0.3_NUCLEO-F401RE\lib_stm\libLibraries.a(ucg_font.o)
                0x20001828                ucg_draw_str
                0x20001834                        . = ALIGN (0x4)
                0x20001834                        _ebss = .
                0x20001834                        __bss_end__ = _ebss

._user_heap_stack
                0x20001834      0x604 load address 0x08009ba4
                0x20001838                        . = ALIGN (0x8)
 *fill*         0x20001834        0x4 
                [!provide]                        PROVIDE (end = .)
                0x20001838                        PROVIDE (_end = .)
                0x20001a38                        . = (. + _Min_Heap_Size)
 *fill*         0x20001838      0x200 
                0x20001e38                        . = (. + _Min_Stack_Size)
 *fill*         0x20001a38      0x400 
                0x20001e38                        . = ALIGN (0x8)

/DISCARD/
 libc.a(*)
 libm.a(*)
 libgcc.a(*)

.ARM.attributes
                0x00000000       0x30
 *(.ARM.attributes)
 .ARM.attributes
                0x00000000       0x22 C:/ST/STM32CubeIDE_1.13.2/STM32CubeIDE/plugins/com.st.stm32cube.ide.mcu.externaltools.gnu-tools-for-stm32.12.3.rel1.win32_1.0.100.202403111256/tools/bin/../lib/gcc/arm-none-eabi/12.3.1/thumb/v7e-m+fp/hard/crti.o
 .ARM.attributes
                0x00000022       0x34 C:/ST/STM32CubeIDE_1.13.2/STM32CubeIDE/plugins/com.st.stm32cube.ide.mcu.externaltools.gnu-tools-for-stm32.12.3.rel1.win32_1.0.100.202403111256/tools/bin/../lib/gcc/arm-none-eabi/12.3.1/thumb/v7e-m+fp/hard/crtbegin.o
 .ARM.attributes
                0x00000056       0x34 ./Queue-Library/queue.o
 .ARM.attributes
                0x0000008a       0x34 ./Src/main_Asm2_IOT302.o
 .ARM.attributes
                0x000000be       0x34 ./Src/sysmem.o
 .ARM.attributes
                0x000000f2       0x21 ./Startup/startup_stm32f401retx.o
 .ARM.attributes
                0x00000113       0x39 D:\1_Studying\1_IoT\1_FUNIX\Libraries_Add\SDK_1.0.3_NUCLEO-F401RE\lib_stm\libLibraries.a(system_stm32f4xx.o)
 .ARM.attributes
                0x0000014c       0x39 D:\1_Studying\1_IoT\1_FUNIX\Libraries_Add\SDK_1.0.3_NUCLEO-F401RE\lib_stm\libLibraries.a(eventbutton.o)
 .ARM.attributes
                0x00000185       0x39 D:\1_Studying\1_IoT\1_FUNIX\Libraries_Add\SDK_1.0.3_NUCLEO-F401RE\lib_stm\libLibraries.a(buzzer.o)
 .ARM.attributes
                0x000001be       0x39 D:\1_Studying\1_IoT\1_FUNIX\Libraries_Add\SDK_1.0.3_NUCLEO-F401RE\lib_stm\libLibraries.a(melody.o)
 .ARM.attributes
                0x000001f7       0x39 D:\1_Studying\1_IoT\1_FUNIX\Libraries_Add\SDK_1.0.3_NUCLEO-F401RE\lib_stm\libLibraries.a(led.o)
 .ARM.attributes
                0x00000230       0x39 D:\1_Studying\1_IoT\1_FUNIX\Libraries_Add\SDK_1.0.3_NUCLEO-F401RE\lib_stm\libLibraries.a(eventman.o)
 .ARM.attributes
                0x00000269       0x39 D:\1_Studying\1_IoT\1_FUNIX\Libraries_Add\SDK_1.0.3_NUCLEO-F401RE\lib_stm\libLibraries.a(timer.o)
 .ARM.attributes
                0x000002a2       0x39 D:\1_Studying\1_IoT\1_FUNIX\Libraries_Add\SDK_1.0.3_NUCLEO-F401RE\lib_stm\libLibraries.a(lightsensor.o)
 .ARM.attributes
                0x000002db       0x39 D:\1_Studying\1_IoT\1_FUNIX\Libraries_Add\SDK_1.0.3_NUCLEO-F401RE\lib_stm\libLibraries.a(temhumsensor.o)
 .ARM.attributes
                0x00000314       0x39 D:\1_Studying\1_IoT\1_FUNIX\Libraries_Add\SDK_1.0.3_NUCLEO-F401RE\lib_stm\libLibraries.a(serial.o)
 .ARM.attributes
                0x0000034d       0x39 D:\1_Studying\1_IoT\1_FUNIX\Libraries_Add\SDK_1.0.3_NUCLEO-F401RE\lib_stm\libLibraries.a(uartcmd.o)
 .ARM.attributes
                0x00000386       0x39 D:\1_Studying\1_IoT\1_FUNIX\Libraries_Add\SDK_1.0.3_NUCLEO-F401RE\lib_stm\libLibraries.a(Ucglib.o)
 .ARM.attributes
                0x000003bf       0x39 D:\1_Studying\1_IoT\1_FUNIX\Libraries_Add\SDK_1.0.3_NUCLEO-F401RE\lib_stm\libLibraries.a(ucg_box.o)
 .ARM.attributes