Archive member included to satisfy reference by file (symbol)

D:\1_Studying\1_IoT\1_FUNIX\Libraries_Add\SDK_1.0.3_NUCLEO-F401RE\lib_stm\libLibraries.a(system_stm32f4xx.o)
                              ./Src/main_Asm1_IOT302.o (SystemCoreClockUpdate)
D:\1_Studying\1_IoT\1_FUNIX\Libraries_Add\SDK_1.0.3_NUCLEO-F401RE\lib_stm\libLibraries.a(eventbutton.o)
                              ./Src/main_Asm1_IOT302.o (EventButton_Init)
D:\1_Studying\1_IoT\1_FUNIX\Libraries_Add\SDK_1.0.3_NUCLEO-F401RE\lib_stm\libLibraries.a(buzzer.o)
                              ./Src/main_Asm1_IOT302.o (BuzzerControl_Init)
D:\1_Studying\1_IoT\1_FUNIX\Libraries_Add\SDK_1.0.3_NUCLEO-F401RE\lib_stm\libLibraries.a(melody.o)
                              ./Src/main_Asm1_IOT302.o (pbeep)
D:\1_Studying\1_IoT\1_FUNIX\Libraries_Add\SDK_1.0.3_NUCLEO-F401RE\lib_stm\libLibraries.a(led.o)
                              ./Src/main_Asm1_IOT302.o (LedControl_Init)
D:\1_Studying\1_IoT\1_FUNIX\Libraries_Add\SDK_1.0.3_NUCLEO-F401RE\lib_stm\libLibraries.a(eventman.o)
                              ./Src/main_Asm1_IOT302.o (EventSchedulerInit)
D:\1_Studying\1_IoT\1_FUNIX\Libraries_Add\SDK_1.0.3_NUCLEO-F401RE\lib_stm\libLibraries.a(timer.o)
                              ./Src/main_Asm1_IOT302.o (TimerInit)
D:\1_Studying\1_IoT\1_FUNIX\Libraries_Add\SDK_1.0.3_NUCLEO-F401RE\lib_stm\libLibraries.a(lightsensor.o)
                              ./Src/main_Asm1_IOT302.o (LightSensor_Init)
D:\1_Studying\1_IoT\1_FUNIX\Libraries_Add\SDK_1.0.3_NUCLEO-F401RE\lib_stm\libLibraries.a(temhumsensor.o)
                              ./Src/main_Asm1_IOT302.o (TemHumSensor_Init)
D:\1_Studying\1_IoT\1_FUNIX\Libraries_Add\SDK_1.0.3_NUCLEO-F401RE\lib_stm\libLibraries.a(serial.o)
                              D:\1_Studying\1_IoT\1_FUNIX\Libraries_Add\SDK_1.0.3_NUCLEO-F401RE\lib_stm\libLibraries.a(eventbutton.o) (Serial_SendPacket)
D:\1_Studying\1_IoT\1_FUNIX\Libraries_Add\SDK_1.0.3_NUCLEO-F401RE\lib_stm\libLibraries.a(Ucglib.o)
                              ./Src/main_Asm1_IOT302.o (Ucglib4WireSWSPI_begin)
D:\1_Studying\1_IoT\1_FUNIX\Libraries_Add\SDK_1.0.3_NUCLEO-F401RE\lib_stm\libLibraries.a(ucg_box.o)
                              ./Src/main_Asm1_IOT302.o (ucg_ClearScreen)
D:\1_Studying\1_IoT\1_FUNIX\Libraries_Add\SDK_1.0.3_NUCLEO-F401RE\lib_stm\libLibraries.a(ucg_ccs.o)
                              D:\1_Studying\1_IoT\1_FUNIX\Libraries_Add\SDK_1.0.3_NUCLEO-F401RE\lib_stm\libLibraries.a(ucg_box.o) (ucg_ccs_init)
D:\1_Studying\1_IoT\1_FUNIX\Libraries_Add\SDK_1.0.3_NUCLEO-F401RE\lib_stm\libLibraries.a(ucg_circle.o)
                              D:\1_Studying\1_IoT\1_FUNIX\Libraries_Add\SDK_1.0.3_NUCLEO-F401RE\lib_stm\libLibraries.a(ucg_box.o) (ucg_DrawCircle)
D:\1_Studying\1_IoT\1_FUNIX\Libraries_Add\SDK_1.0.3_NUCLEO-F401RE\lib_stm\libLibraries.a(ucg_dev_default_cb.o)
                              D:\1_Studying\1_IoT\1_FUNIX\Libraries_Add\SDK_1.0.3_NUCLEO-F401RE\lib_stm\libLibraries.a(Ucglib.o) (ucg_dev_default_cb)
D:\1_Studying\1_IoT\1_FUNIX\Libraries_Add\SDK_1.0.3_NUCLEO-F401RE\lib_stm\libLibraries.a(ucg_dev_ic_st7735.o)
                              D:\1_Studying\1_IoT\1_FUNIX\Libraries_Add\SDK_1.0.3_NUCLEO-F401RE\lib_stm\libLibraries.a(Ucglib.o) (ucg_ext_st7735_18)
D:\1_Studying\1_IoT\1_FUNIX\Libraries_Add\SDK_1.0.3_NUCLEO-F401RE\lib_stm\libLibraries.a(ucg_dev_msg_api.o)
                              D:\1_Studying\1_IoT\1_FUNIX\Libraries_Add\SDK_1.0.3_NUCLEO-F401RE\lib_stm\libLibraries.a(ucg_box.o) (ucg_SetMaxClipRange)
D:\1_Studying\1_IoT\1_FUNIX\Libraries_Add\SDK_1.0.3_NUCLEO-F401RE\lib_stm\libLibraries.a(ucg_dev_tft_128x128_st7735.o)
                              D:\1_Studying\1_IoT\1_FUNIX\Libraries_Add\SDK_1.0.3_NUCLEO-F401RE\lib_stm\libLibraries.a(Ucglib.o) (ucg_dev_st7735_18x128x128)
D:\1_Studying\1_IoT\1_FUNIX\Libraries_Add\SDK_1.0.3_NUCLEO-F401RE\lib_stm\libLibraries.a(ucg_font.o)
                              D:\1_Studying\1_IoT\1_FUNIX\Libraries_Add\SDK_1.0.3_NUCLEO-F401RE\lib_stm\libLibraries.a(Ucglib.o) (ucg_SetFontMode)
D:\1_Studying\1_IoT\1_FUNIX\Libraries_Add\SDK_1.0.3_NUCLEO-F401RE\lib_stm\libLibraries.a(ucg_init.o)
                              D:\1_Studying\1_IoT\1_FUNIX\Libraries_Add\SDK_1.0.3_NUCLEO-F401RE\lib_stm\libLibraries.a(Ucglib.o) (ucg_Init)
D:\1_Studying\1_IoT\1_FUNIX\Libraries_Add\SDK_1.0.3_NUCLEO-F401RE\lib_stm\libLibraries.a(ucg_line.o)
                              D:\1_Studying\1_IoT\1_FUNIX\Libraries_Add\SDK_1.0.3_NUCLEO-F401RE\lib_stm\libLibraries.a(ucg_font.o) (ucg_Draw90Line)
D:\1_Studying\1_IoT\1_FUNIX\Libraries_Add\SDK_1.0.3_NUCLEO-F401RE\lib_stm\libLibraries.a(ucg_pixel.o)
                              ./Src/main_Asm1_IOT302.o (ucg_SetColor)
D:\1_Studying\1_IoT\1_FUNIX\Libraries_Add\SDK_1.0.3_NUCLEO-F401RE\lib_stm\libLibraries.a(ucg_pixel_font_data.o)
                              ./Src/main_Asm1_IOT302.o (ucg_font_ncenR08_hf)
D:\1_Studying\1_IoT\1_FUNIX\Libraries_Add\SDK_1.0.3_NUCLEO-F401RE\lib_stm\libLibraries.a(ucg_rotate.o)
[...]
Memory Configuration

Name             Origin             Length             Attributes
RAM              0x20000000         0x00018000         xrw
FLASH            0x08000000         0x00080000         xr
*default*        0x00000000         0xffffffff

Linker script and memory map

LOAD C:/ST/STM32CubeIDE_1.13.2/STM32CubeIDE/plugins/com.st.stm32cube.ide.mcu.externaltools.gnu-tools-for-stm32.12.3.rel1.win32_1.0.100.202403111256/tools/bin/../lib/gcc/arm-none-eabi/12.3.1/thumb/v7e-m+fp/hard/crti.o
LOAD C:/ST/STM32CubeIDE_1.13.2/STM32CubeIDE/plugins/com.st.stm32cube.ide.mcu.externaltools.gnu-tools-for-stm32.12.3.rel1.win32_1.0.100.202403111256/tools/bin/../lib/gcc/arm-none-eabi/12.3.1/thumb/v7e-m+fp/hard/crtbegin.o
LOAD C:/ST/STM32CubeIDE_1.13.2/STM32CubeIDE/plugins/com.st.stm32cube.ide.mcu.externaltools.gnu-tools-for-stm32.12.3.rel1.win32_1.0.100.202403111256/tools/bin/../lib/gcc/arm-none-eabi/12.3.1/../../../../arm-none-eabi/lib/thumb/v7e-m+fp/hard/crt0.o
LOAD ./Src/main_Asm1_IOT302.o
LOAD ./Src/syscalls.o
LOAD ./Src/sysmem.o
LOAD ./Startup/startup_stm32f401retx.o
LOAD D:\1_Studying\1_IoT\1_FUNIX\Libraries_Add\SDK_1.0.3_NUCLEO-F401RE\lib_stm\libLibraries.a
START GROUP
LOAD C:/ST/STM32CubeIDE_1.13.2/STM32CubeIDE/plugins/com.st.stm32cube.ide.mcu.externaltools.gnu-tools-for-stm32.12.3.rel1.win32_1.0.100.202403111256/tools/bin/../lib/gcc/arm-none-eabi/12.3.1/../../../../arm-none-eabi/lib/thumb/v7e-m+fp/hard\libc_nano.a
LOAD C:/ST/STM32CubeIDE_1.13.2/STM32CubeIDE/plugins/com.st.stm32cube.ide.mcu.externaltools.gnu-tools-for-stm32.12.3.rel1.win32_1.0.100.202403111256/tools/bin/../lib/gcc/arm-none-eabi/12.3.1/../../../../arm-none-eabi/lib/thumb/v7e-m+fp/hard\libm.a
END GROUP
START GROUP
LOAD C:/ST/STM32CubeIDE_1.13.2/STM32CubeIDE/plugins/com.st.stm32cube.ide.mcu.externaltools.gnu-tools-for-stm32.12.3.rel1.win32_1.0.100.202403111256/tools/bin/../lib/gcc/arm-none-eabi/12.3.1/thumb/v7e-m+fp/hard\libgcc.a
LOAD C:/ST/STM32CubeIDE_1.13.2/STM32CubeIDE/plugins/com.st.stm32cube.ide.mcu.externaltools.gnu-tools-for-stm32.12.3.rel1.win32_1.0.100.202403111256/tools/bin/../lib/gcc/arm-none-eabi/12.3.1/../../../../arm-none-eabi/lib/thumb/v7e-m+fp/hard\libc_nano.a
END GROUP
START GROUP
LOAD C:/ST/STM32CubeIDE_1.13.2/STM32CubeIDE/plugins/com.st.stm32cube.ide.mcu.externaltools.gnu-tools-for-stm32.12.3.rel1.win32_1.0.100.202403111256/tools/bin/../lib/gcc/arm-none-eabi/12.3.1/thumb/v7e-m+fp/hard\libgcc.a
LOAD C:/ST/STM32CubeIDE_1.13.2/STM32CubeIDE/plugins/com.st.stm32cube.ide.mcu.externaltools.gnu-tools-for-stm32.12.3.rel1.win32_1.0.100.202403111256/tools/bin/../lib/gcc/arm-none-eabi/12.3.1/../../../../arm-none-eabi/lib/thumb/v7e-m+fp/hard\libc_nano.a
LOAD C:/ST/STM32CubeIDE_1.13.2/STM32CubeIDE/plugins/com.st.stm32cube.ide.mcu.externaltools.gnu-tools-for-stm32.12.3.rel1.win32_1.0.100.202403111256/tools/bin/../lib/gcc/arm-none-eabi/12.3.1/../../../../arm-none-eabi/lib/thumb/v7e-m+fp/hard\libnosys.a
END GROUP
START GROUP
LOAD C:/ST/STM32CubeIDE_1.13.2/STM32CubeIDE/plugins/com.st.stm32cube.ide.mcu.externaltools.gnu-tools-for-stm32.12.3.rel1.win32_1.0.100.202403111256/tools/bin/../lib/gcc/arm-none-eabi/12.3.1/thumb/v7e-m+fp/hard\libgcc.a
LOAD C:/ST/STM32CubeIDE_1.13.2/STM32CubeIDE/plugins/com.st.stm32cube.ide.mcu.externaltools.gnu-tools-for-stm32.12.3.rel1.win32_1.0.100.202403111256/tools/bin/../lib/gcc/arm-none-eabi/12.3.1/../../../../arm-none-eabi/lib/thumb/v7e-m+fp/hard\libc_nano.a
LOAD C:/ST/STM32CubeIDE_1.13.2/STM32CubeIDE/plugins/com.st.stm32cube.ide.mcu.externaltools.gnu-tools-for-stm32.12.3.rel1.win32_1.0.100.202403111256/tools/bin/../lib/gcc/arm-none-eabi/12.3.1/../../../../arm-none-eabi/lib/thumb/v7e-m+fp/hard\libnosys.a
END GROUP
LOAD C:/ST/STM32CubeIDE_1.13.2/STM32CubeIDE/plugins/com.st.stm32cube.ide.mcu.externaltools.gnu-tools-for-stm32.12.3.rel1.win32_1.0.100.202403111256/tools/bin/../lib/gcc/arm-none-eabi/12.3.1/thumb/v7e-m+fp/hard/crtend.o
LOAD C:/ST/STM32CubeIDE_1.13.2/STM32CubeIDE/plugins/com.st.stm32cube.ide.mcu.externaltools.gnu-tools-for-stm32.12.3.rel1.win32_1.0.100.202403111256/tools/bin/../lib/gcc/arm-none-eabi/12.3.1/thumb/v7e-m+fp/hard/crtn.o
                0x20018000                        _estack = (ORIGIN (RAM) + LENGTH (RAM))
                0x00000200                        _Min_Heap_Size = 0x200
                0x00000400                        _Min_Stack_Size = 0x400

.isr_vector     0x08000000      0x194
                0x08000000                        . = ALIGN (0x4)
 *(.isr_vector)
 .isr_vector    0x08000000      0x194 ./Startup/startup_stm32f401retx.o
                0x08000000                g_pfnVectors
                0x08000194                        . = ALIGN (0x4)

.text           0x080001a0     0x6950
                0x080001a0                        . = ALIGN (0x4)
 *(.text)
 .text          0x080001a0       0x40 C:/ST/STM32CubeIDE_1.13.2/STM32CubeIDE/plugins/com.st.stm32cube.ide.mcu.externaltools.gnu-tools-for-stm32.12.3.rel1.win32_1.0.100.202403111256/tools/bin/../lib/gcc/arm-none-eabi/12.3.1/thumb/v7e-m+fp/hard/crtbegin.o
 .text          0x080001e0       0xa0 C:/ST/STM32CubeIDE_1.13.2/STM32CubeIDE/plugins/com.st.stm32cube.ide.mcu.externaltools.gnu-tools-for-stm32.12.3.rel1.win32_1.0.100.202403111256/tools/bin/../lib/gcc/arm-none-eabi/12.3.1/../../../../arm-none-eabi/lib/thumb/v7e-m+fp/hard\libc_nano.a(libc_a-memchr.o)
                0x080001e0                memchr
 *(.text*)
 .text.main     0x08000280       0x20 ./Src/main_Asm1_IOT302.o
                0x08000280                main
 .text.AppInitCommon
                0x080002a0       0x78 ./Src/main_Asm1_IOT302.o
                0x080002a0                AppInitCommon
 .text.SetStateApp
                0x08000318       0x20 ./Src/main_Asm1_IOT302.o
 .text.GetStateApp
                0x08000338       0x18 ./Src/main_Asm1_IOT302.o
 .text.AppStateManager
                0x08000350       0x50 ./Src/main_Asm1_IOT302.o
 .text.LoadConfiguration
                0x080003a0       0x4c ./Src/main_Asm1_IOT302.o
                0x080003a0                LoadConfiguration
 .text.DeviceStateMachine
                0x080003ec      0x430 ./Src/main_Asm1_IOT302.o
                0x080003ec                DeviceStateMachine
 .text.Clamp    0x0800081c       0x32 ./Src/main_Asm1_IOT302.o
                0x0800081c                Clamp
 *fill*         0x0800084e        0x2 
 .text.Increase_LedLevel
                0x08000850       0x30 ./Src/main_Asm1_IOT302.o
                0x08000850                Increase_LedLevel
 .text.Decrease_LedLevel
                0x08000880       0x30 ./Src/main_Asm1_IOT302.o
                0x08000880                Decrease_LedLevel
 .text.MultiSensorScan
                0x080008b0       0x60 ./Src/main_Asm1_IOT302.o
                0x080008b0                MultiSensorScan
 .text.Task_multiSensorScan
                0x08000910       0xe4 ./Src/main_Asm1_IOT302.o
                0x08000910                Task_multiSensorScan
 .text._sbrk    0x080009f4       0x6c ./Src/sysmem.o
                0x080009f4                _sbrk
 .text.Reset_Handler
                0x08000a60       0x50 ./Startup/startup_stm32f401retx.o
                0x08000a60                Reset_Handler
 .text.Default_Handler
                0x08000ab0        0x2 ./Startup/startup_stm32f401retx.o
                0x08000ab0                EXTI2_IRQHandler
                0x08000ab0                DebugMon_Handler
                0x08000ab0                SPI4_IRQHandler
                0x08000ab0                TIM1_CC_IRQHandler
                0x08000ab0                DMA2_Stream5_IRQHandler
                0x08000ab0                HardFault_Handler
                0x08000ab0                DMA1_Stream5_IRQHandler
                0x08000ab0                SDIO_IRQHandler
                0x08000ab0                TAMP_STAMP_IRQHandler
                0x08000ab0                PendSV_Handler
                0x08000ab0                NMI_Handler
                0x08000ab0                EXTI3_IRQHandler
                0x08000ab0                TIM1_UP_TIM10_IRQHandler
                0x08000ab0                I2C3_ER_IRQHandler
                0x08000ab0                EXTI18_OTG_FS_WKUP_IRQHandler
                0x08000ab0                EXTI0_IRQHandler
                0x08000ab0                I2C2_EV_IRQHandler
                0x08000ab0                DMA1_Stream2_IRQHandler
                0x08000ab0                UsageFault_Handler
                0x08000ab0                DMA2_Stream2_IRQHandler
                0x08000ab0                SPI1_IRQHandler
                0x08000ab0                TIM1_BRK_TIM9_IRQHandler
                0x08000ab0                DMA2_Stream3_IRQHandler
                0x08000ab0                USART6_IRQHandler
                0x08000ab0                DMA2_Stream0_IRQHandler
                0x08000ab0                TIM4_IRQHandler
                0x08000ab0                I2C1_EV_IRQHandler
                0x08000ab0                DMA1_Stream6_IRQHandler
                0x08000ab0                DMA1_Stream1_IRQHandler
                0x08000ab0                TIM3_IRQHandler
                0x08000ab0                RCC_IRQHandler
                0x08000ab0                Default_Handler
                0x08000ab0                EXTI15_10_IRQHandler
                0x08000ab0                ADC_IRQHandler
                0x08000ab0                DMA1_Stream7_IRQHandler
                0x08000ab0                TIM5_IRQHandler
                0x08000ab0                DMA2_Stream7_IRQHandler
                0x08000ab0                I2C3_EV_IRQHandler
                0x08000ab0                EXTI9_5_IRQHandler
                0x08000ab0                SPI2_IRQHandler
                0x08000ab0                MemManage_Handler
                0x08000ab0                DMA1_Stream0_IRQHandler
                0x08000ab0                SVC_Handler
                0x08000ab0                EXTI4_IRQHandler
                0x08000ab0                EXTI22_RTC_WKUP_IRQHandler
                0x08000ab0                TIM2_IRQHandler
                0x08000ab0                EXTI16_PVD_IRQHandler
                0x08000ab0                TIM1_TRG_COM_TIM11_IRQHandler
                0x08000ab0                EXTI1_IRQHandler
                0x08000ab0                EXTI17_RTC_Alarm_IRQHandler
                0x08000ab0                I2C2_ER_IRQHandler
                0x08000ab0                DMA2_Stream1_IRQHandler
                0x08000ab0                FLASH_IRQHandler
                0x08000ab0                DMA2_Stream4_IRQHandler
                0x08000ab0                BusFault_Handler
                0x08000ab0                USART1_IRQHandler
                0x08000ab0                OTG_FS_IRQHandler
                0x08000ab0                SPI3_IRQHandler
                0x08000ab0                DMA1_Stream4_IRQHandler
                0x08000ab0                I2C1_ER_IRQHandler
                0x08000ab0                DMA2_Stream6_IRQHandler
                0x08000ab0                DMA1_Stream3_IRQHandler
 *fill*         0x08000ab2        0x2 
 .text.SystemInit
                0x08000ab4       0x6c D:\1_Studying\1_IoT\1_FUNIX\Libraries_Add\SDK_1.0.3_NUCLEO-F401RE\lib_stm\libLibraries.a(system_stm32f4xx.o)
                0x08000ab4                SystemInit
 .text.SystemCoreClockUpdate
                0x08000b20       0xf8 D:\1_Studying\1_IoT\1_FUNIX\Libraries_Add\SDK_1.0.3_NUCLEO-F401RE\lib_stm\libLibraries.a(system_stm32f4xx.o)
                0x08000b20                SystemCoreClockUpdate
 .text.SetSysClock
                0x08000c18       0xa0 D:\1_Studying\1_IoT\1_FUNIX\Libraries_Add\SDK_1.0.3_NUCLEO-F401RE\lib_stm\libLibraries.a(system_stm32f4xx.o)
 .text.EventButton_Init
                0x08000cb8       0x6c D:\1_Studying\1_IoT\1_FUNIX\Libraries_Add\SDK_1.0.3_NUCLEO-F401RE\lib_stm\libLibraries.a(eventbutton.o)
                0x08000cb8                EventButton_Init
 .text.ButtonProcessEventEdge
                0x08000d24       0x34 D:\1_Studying\1_IoT\1_FUNIX\Libraries_Add\SDK_1.0.3_NUCLEO-F401RE\lib_stm\libLibraries.a(eventbutton.o)
 .text.ButtonProcessEventPress
                0x08000d58       0x48 D:\1_Studying\1_IoT\1_FUNIX\Libraries_Add\SDK_1.0.3_NUCLEO-F401RE\lib_stm\libLibraries.a(eventbutton.o)
 .text.ButtonProcessEventHold
                0x08000da0       0x5e D:\1_Studying\1_IoT\1_FUNIX\Libraries_Add\SDK_1.0.3_NUCLEO-F401RE\lib_stm\libLibraries.a(eventbutton.o)
 .text.ButtonProcessEventRelease
                0x08000dfe       0x5e D:\1_Studying\1_IoT\1_FUNIX\Libraries_Add\SDK_1.0.3_NUCLEO-F401RE\lib_stm\libLibraries.a(eventbutton.o)
 .text.BuzzerControl_Init
                0x08000e5c       0x2c D:\1_Studying\1_IoT\1_FUNIX\Libraries_Add\SDK_1.0.3_NUCLEO-F401RE\lib_stm\libLibraries.a(buzzer.o)
                0x08000e5c                BuzzerControl_Init
 .text.BuzzOff  0x08000e88       0x58 D:\1_Studying\1_IoT\1_FUNIX\Libraries_Add\SDK_1.0.3_NUCLEO-F401RE\lib_stm\libLibraries.a(buzzer.o)
 .text.BuzzPlay
                0x08000ee0       0x98 D:\1_Studying\1_IoT\1_FUNIX\Libraries_Add\SDK_1.0.3_NUCLEO-F401RE\lib_stm\libLibraries.a(buzzer.o)
 .text.BuzzerControl_SetMelody
                0x08000f78       0x3c D:\1_Studying\1_IoT\1_FUNIX\Libraries_Add\SDK_1.0.3_NUCLEO-F401RE\lib_stm\libLibraries.a(buzzer.o)
                0x08000f78                BuzzerControl_SetMelody
 .text.BUZZTIM_InitTimer
                0x08000fb4       0x50 D:\1_Studying\1_IoT\1_FUNIX\Libraries_Add\SDK_1.0.3_NUCLEO-F401RE\lib_stm\libLibraries.a(buzzer.o)
 .text.BUZZTIM_InitPWMChannel
                0x08001004       0x90 D:\1_Studying\1_IoT\1_FUNIX\Libraries_Add\SDK_1.0.3_NUCLEO-F401RE\lib_stm\libLibraries.a(buzzer.o)
 .text.BuzzerControl_SetDutyCycle
                0x08001094       0x3c D:\1_Studying\1_IoT\1_FUNIX\Libraries_Add\SDK_1.0.3_NUCLEO-F401RE\lib_stm\libLibraries.a(buzzer.o)
                0x08001094                BuzzerControl_SetDutyCycle
 .text.BuzzerControl_SetPreriod
                0x080010d0       0x20 D:\1_Studying\1_IoT\1_FUNIX\Libraries_Add\SDK_1.0.3_NUCLEO-F401RE\lib_stm\libLibraries.a(buzzer.o)
                0x080010d0                BuzzerControl_SetPreriod
 .text.LedControl_Init
                0x080010f0       0x10 D:\1_Studying\1_IoT\1_FUNIX\Libraries_Add\SDK_1.0.3_NUCLEO-F401RE\lib_stm\libLibraries.a(led.o)
                0x080010f0                LedControl_Init
 .text.LedControl_SetColorIndividual
                0x08001100       0xf8 D:\1_Studying\1_IoT\1_FUNIX\Libraries_Add\SDK_1.0.3_NUCLEO-F401RE\lib_stm\libLibraries.a(led.o)
                0x08001100                LedControl_SetColorIndividual
 .text.LedControl_SetColorGeneral
                0x080011f8      0x128 D:\1_Studying\1_IoT\1_FUNIX\Libraries_Add\SDK_1.0.3_NUCLEO-F401RE\lib_stm\libLibraries.a(led.o)
                0x080011f8                LedControl_SetColorGeneral
 .text.LedGetAllLastState
                0x08001320        0xe D:\1_Studying\1_IoT\1_FUNIX\Libraries_Add\SDK_1.0.3_NUCLEO-F401RE\lib_stm\libLibraries.a(led.o)
 *fill*         0x0800132e        0x2 
 .text.LedToggle
                0x08001330       0x9c D:\1_Studying\1_IoT\1_FUNIX\Libraries_Add\SDK_1.0.3_NUCLEO-F401RE\lib_stm\libLibraries.a(led.o)
 .text.pFuncBlink
                0x080013cc       0xb0 D:\1_Studying\1_IoT\1_FUNIX\Libraries_Add\SDK_1.0.3_NUCLEO-F401RE\lib_stm\libLibraries.a(led.o)
 .text.BlinkStop
                0x0800147c       0x78 D:\1_Studying\1_IoT\1_FUNIX\Libraries_Add\SDK_1.0.3_NUCLEO-F401RE\lib_stm\libLibraries.a(led.o)
 .text.LedControl_BlinkStart
                0x080014f4       0x7c D:\1_Studying\1_IoT\1_FUNIX\Libraries_Add\SDK_1.0.3_NUCLEO-F401RE\lib_stm\libLibraries.a(led.o)
                0x080014f4                LedControl_BlinkStart
 .text.LedControl_SetAllColor
                0x08001570       0x36 D:\1_Studying\1_IoT\1_FUNIX\Libraries_Add\SDK_1.0.3_NUCLEO-F401RE\lib_stm\libLibraries.a(led.o)
                0x08001570                LedControl_SetAllColor
 *fill*         0x080015a6        0x2 
 .text.LEDGPIO_Config
                0x080015a8       0x94 D:\1_Studying\1_IoT\1_FUNIX\Libraries_Add\SDK_1.0.3_NUCLEO-F401RE\lib_stm\libLibraries.a(led.o)
 .text.LEDTIM_Config
                0x0800163c       0xec D:\1_Studying\1_IoT\1_FUNIX\Libraries_Add\SDK_1.0.3_NUCLEO-F401RE\lib_stm\libLibraries.a(led.o)
 .text.EventSchedulerInit
                0x08001728       0x38 D:\1_Studying\1_IoT\1_FUNIX\Libraries_Add\SDK_1.0.3_NUCLEO-F401RE\lib_stm\libLibraries.a(eventman.o)
                0x08001728                EventSchedulerInit
 .text.EventSchedulerAdd
                0x08001760       0x2c D:\1_Studying\1_IoT\1_FUNIX\Libraries_Add\SDK_1.0.3_NUCLEO-F401RE\lib_stm\libLibraries.a(eventman.o)
                0x08001760                EventSchedulerAdd
 .text.processEventScheduler
                0x0800178c       0x38 D:\1_Studying\1_IoT\1_FUNIX\Libraries_Add\SDK_1.0.3_NUCLEO-F401RE\lib_stm\libLibraries.a(eventman.o)
                0x0800178c                processEventScheduler
 .text.NVIC_SetPriority
                0x080017c4       0x54 D:\1_Studying\1_IoT\1_FUNIX\Libraries_Add\SDK_1.0.3_NUCLEO-F401RE\lib_stm\libLibraries.a(timer.o)
 .text.SysTick_Config
                0x08001818       0x44 D:\1_Studying\1_IoT\1_FUNIX\Libraries_Add\SDK_1.0.3_NUCLEO-F401RE\lib_stm\libLibraries.a(timer.o)
 .text.TimerInit
                0x0800185c       0x44 D:\1_Studying\1_IoT\1_FUNIX\Libraries_Add\SDK_1.0.3_NUCLEO-F401RE\lib_stm\libLibraries.a(timer.o)
                0x0800185c                TimerInit
 .text.TimerStart
                0x080018a0       0xc4 D:\1_Studying\1_IoT\1_FUNIX\Libraries_Add\SDK_1.0.3_NUCLEO-F401RE\lib_stm\libLibraries.a(timer.o)
                0x080018a0                TimerStart
 .text.TimerChangePeriod
                0x08001964       0x38 D:\1_Studying\1_IoT\1_FUNIX\Libraries_Add\SDK_1.0.3_NUCLEO-F401RE\lib_stm\libLibraries.a(timer.o)
                0x08001964                TimerChangePeriod
 .text.TimerStop
                0x0800199c       0xa0 D:\1_Studying\1_IoT\1_FUNIX\Libraries_Add\SDK_1.0.3_NUCLEO-F401RE\lib_stm\libLibraries.a(timer.o)
                0x0800199c                TimerStop
 .text.GetMilSecTick
                0x08001a3c       0x18 D:\1_Studying\1_IoT\1_FUNIX\Libraries_Add\SDK_1.0.3_NUCLEO-F401RE\lib_stm\libLibraries.a(timer.o)
                0x08001a3c                GetMilSecTick
 .text.processTimerScheduler
                0x08001a54       0xf0 D:\1_Studying\1_IoT\1_FUNIX\Libraries_Add\SDK_1.0.3_NUCLEO-F401RE\lib_stm\libLibraries.a(timer.o)
                0x08001a54                processTimerScheduler
 .text.TimeExpired
                0x08001b44       0xcc D:\1_Studying\1_IoT\1_FUNIX\Libraries_Add\SDK_1.0.3_NUCLEO-F401RE\lib_stm\libLibraries.a(timer.o)
 .text.SysTick_Handler
                0x08001c10       0x1c D:\1_Studying\1_IoT\1_FUNIX\Libraries_Add\SDK_1.0.3_NUCLEO-F401RE\lib_stm\libLibraries.a(timer.o)
                0x08001c10                SysTick_Handler
 .text.LightSensor_Init
                0x08001c2c      0x160 D:\1_Studying\1_IoT\1_FUNIX\Libraries_Add\SDK_1.0.3_NUCLEO-F401RE\lib_stm\libLibraries.a(lightsensor.o)
                0x08001c2c                LightSensor_Init
 .text.LightSensor_MeasureUseDMAMode
                0x08001d8c       0x18 D:\1_Studying\1_IoT\1_FUNIX\Libraries_Add\SDK_1.0.3_NUCLEO-F401RE\lib_stm\libLibraries.a(lightsensor.o)
                0x08001d8c                LightSensor_MeasureUseDMAMode
 .text.TemHumSensor_Init
                0x08001da4        0xc D:\1_Studying\1_IoT\1_FUNIX\Libraries_Add\SDK_1.0.3_NUCLEO-F401RE\lib_stm\libLibraries.a(temhumsensor.o)
                0x08001da4                TemHumSensor_Init
 .text.TemHumSensor_GetTemp
                0x08001db0       0x7c D:\1_Studying\1_IoT\1_FUNIX\Libraries_Add\SDK_1.0.3_NUCLEO-F401RE\lib_stm\libLibraries.a(temhumsensor.o)
                0x08001db0                TemHumSensor_GetTemp
 .text.TemHumSensor_GetHumi
                0x08001e2c       0x78 D:\1_Studying\1_IoT\1_FUNIX\Libraries_Add\SDK_1.0.3_NUCLEO-F401RE\lib_stm\libLibraries.a(temhumsensor.o)
                0x08001e2c                TemHumSensor_GetHumi
 .text.CalculateCRC8
                0x08001ea4       0x86 D:\1_Studying\1_IoT\1_FUNIX\Libraries_Add\SDK_1.0.3_NUCLEO-F401RE\lib_stm\libLibraries.a(temhumsensor.o)
 *fill*         0x08001f2a        0x2 
 .text.i2c_config
                0x08001f2c       0x94 D:\1_Studying\1_IoT\1_FUNIX\Libraries_Add\SDK_1.0.3_NUCLEO-F401RE\lib_stm\libLibraries.a(temhumsensor.o)
                0x08001f2c                i2c_config
 .text.i2c_read_reg_expand
                0x08001fc0       0xac D:\1_Studying\1_IoT\1_FUNIX\Libraries_Add\SDK_1.0.3_NUCLEO-F401RE\lib_stm\libLibraries.a(temhumsensor.o)
                0x08001fc0                i2c_read_reg_expand
 .text.i2c_start
                0x0800206c       0x3c D:\1_Studying\1_IoT\1_FUNIX\Libraries_Add\SDK_1.0.3_NUCLEO-F401RE\lib_stm\libLibraries.a(temhumsensor.o)
                0x0800206c                i2c_start
 .text.i2c_stop
                0x080020a8       0x14 D:\1_Studying\1_IoT\1_FUNIX\Libraries_Add\SDK_1.0.3_NUCLEO-F401RE\lib_stm\libLibraries.a(temhumsensor.o)
                0x080020a8                i2c_stop
 .text.i2c_address_direction
                0x080020bc       0x60 D:\1_Studying\1_IoT\1_FUNIX\Libraries_Add\SDK_1.0.3_NUCLEO-F401RE\lib_stm\libLibraries.a(temhumsensor.o)
                0x080020bc                i2c_address_direction
 .text.i2c_transmit
                0x0800211c       0x34 D:\1_Studying\1_IoT\1_FUNIX\Libraries_Add\SDK_1.0.3_NUCLEO-F401RE\lib_stm\libLibraries.a(temhumsensor.o)
                0x0800211c                i2c_transmit
 .text.i2c_receive_ack
                0x08002150       0x30 D:\1_Studying\1_IoT\1_FUNIX\Libraries_Add\SDK_1.0.3_NUCLEO-F401RE\lib_stm\libLibraries.a(temhumsensor.o)
                0x08002150                i2c_receive_ack
 .text.i2c_receive_nack
                0x08002180       0x30 D:\1_Studying\1_IoT\1_FUNIX\Libraries_Add\SDK_1.0.3_NUCLEO-F401RE\lib_stm\libLibraries.a(temhumsensor.o)
                0x08002180                i2c_receive_nack
 .text.USART2_IRQHandler
                0x080021b0       0x50 D:\1_Studying\1_IoT\1_FUNIX\Libraries_Add\SDK_1.0.3_NUCLEO-F401RE\lib_stm\libLibraries.a(serial.o)
                0x080021b0                USART2_IRQHandler
 .text.delayMicroseconds
                0x08002200       0x14 D:\1_Studying\1_IoT\1_FUNIX\Libraries_Add\SDK_1.0.3_NUCLEO-F401RE\lib_stm\libLibraries.a(Ucglib.o)
 .text.ucg_gpio_init
                0x08002214       0x60 D:\1_Studying\1_IoT\1_FUNIX\Libraries_Add\SDK_1.0.3_NUCLEO-F401RE\lib_stm\libLibraries.a(Ucglib.o)
 .text.ucg_com_arduino_send_generic_SW_SPI
                0x08002274       0x74 D:\1_Studying\1_IoT\1_FUNIX\Libraries_Add\SDK_1.0.3_NUCLEO-F401RE\lib_stm\libLibraries.a(Ucglib.o)
 .text.ucg_com_arduino_generic_SW_SPI
                0x080022e8      0x1ec D:\1_Studying\1_IoT\1_FUNIX\Libraries_Add\SDK_1.0.3_NUCLEO-F401RE\lib_stm\libLibraries.a(Ucglib.o)
 .text.Ucglib4WireSWSPI_begin
                0x080024d4       0x38 D:\1_Studying\1_IoT\1_FUNIX\Libraries_Add\SDK_1.0.3_NUCLEO-F401RE\lib_stm\libLibraries.a(Ucglib.o)
                0x080024d4                Ucglib4WireSWSPI_begin
 .text.ucg_DrawBox
                0x0800250c       0x56 D:\1_Studying\1_IoT\1_FUNIX\Libraries_Add\SDK_1.0.3_NUCLEO-F401RE\lib_stm\libLibraries.a(ucg_box.o)
                0x0800250c                ucg_DrawBox
 .text.ucg_ClearScreen
                0x08002562       0x50 D:\1_Studying\1_IoT\1_FUNIX\Libraries_Add\SDK_1.0.3_NUCLEO-F401RE\lib_stm\libLibraries.a(ucg_box.o)
                0x08002562                ucg_ClearScreen
 .text.ucg_ccs_init
                0x080025b2       0xc0 D:\1_Studying\1_IoT\1_FUNIX\Libraries_Add\SDK_1.0.3_NUCLEO-F401RE\lib_stm\libLibraries.a(ucg_ccs.o)
                0x080025b2                ucg_ccs_init
 .text.ucg_ccs_step
                0x08002672       0x80 D:\1_Studying\1_IoT\1_FUNIX\Libraries_Add\SDK_1.0.3_NUCLEO-F401RE\lib_stm\libLibraries.a(ucg_ccs.o)
                0x08002672                ucg_ccs_step
 .text.ucg_ccs_seek
                0x080026f2       0xca D:\1_Studying\1_IoT\1_FUNIX\Libraries_Add\SDK_1.0.3_NUCLEO-F401RE\lib_stm\libLibraries.a(ucg_ccs.o)
                0x080026f2                ucg_ccs_seek
 .text.ucg_dev_default_cb
                0x080027bc       0x44 D:\1_Studying\1_IoT\1_FUNIX\Libraries_Add\SDK_1.0.3_NUCLEO-F401RE\lib_stm\libLibraries.a(ucg_dev_default_cb.o)
                0x080027bc                ucg_dev_default_cb
 .text.ucg_ext_none
                0x08002800       0x1c D:\1_Studying\1_IoT\1_FUNIX\Libraries_Add\SDK_1.0.3_NUCLEO-F401RE\lib_stm\libLibraries.a(ucg_dev_default_cb.o)
                0x08002800                ucg_ext_none
 .text.ucg_handle_st7735_l90fx
                0x0800281c       0xd8 D:\1_Studying\1_IoT\1_FUNIX\Libraries_Add\SDK_1.0.3_NUCLEO-F401RE\lib_stm\libLibraries.a(ucg_dev_ic_st7735.o)
                0x0800281c                ucg_handle_st7735_l90fx
 .text.ucg_handle_st7735_l90se
                0x080028f4      0x154 D:\1_Studying\1_IoT\1_FUNIX\Libraries_Add\SDK_1.0.3_NUCLEO-F401RE\lib_stm\libLibraries.a(ucg_dev_ic_st7735.o)
                0x080028f4                ucg_handle_st7735_l90se
 .text.ucg_dev_ic_st7735_18
                0x08002a48       0xf8 D:\1_Studying\1_IoT\1_FUNIX\Libraries_Add\SDK_1.0.3_NUCLEO-F401RE\lib_stm\libLibraries.a(ucg_dev_ic_st7735.o)
                0x08002a48                ucg_dev_ic_st7735_18
 .text.ucg_ext_st7735_18
                0x08002b40       0x28 D:\1_Studying\1_IoT\1_FUNIX\Libraries_Add\SDK_1.0.3_NUCLEO-F401RE\lib_stm\libLibraries.a(ucg_dev_ic_st7735.o)
                0x08002b40                ucg_ext_st7735_18
 .text.ucg_PowerDown
                0x08002b68       0x34 D:\1_Studying\1_IoT\1_FUNIX\Libraries_Add\SDK_1.0.3_NUCLEO-F401RE\lib_stm\libLibraries.a(ucg_dev_msg_api.o)
                0x08002b68                ucg_PowerDown
 .text.ucg_PowerUp
                0x08002b9c       0x3c D:\1_Studying\1_IoT\1_FUNIX\Libraries_Add\SDK_1.0.3_NUCLEO-F401RE\lib_stm\libLibraries.a(ucg_dev_msg_api.o)
                0x08002b9c                ucg_PowerUp
 .text.ucg_SetClipBox
                0x08002bd8       0x1e D:\1_Studying\1_IoT\1_FUNIX\Libraries_Add\SDK_1.0.3_NUCLEO-F401RE\lib_stm\libLibraries.a(ucg_dev_msg_api.o)
                0x08002bd8                ucg_SetClipBox
 .text.ucg_SetMaxClipRange
                0x08002bf6       0x30 D:\1_Studying\1_IoT\1_FUNIX\Libraries_Add\SDK_1.0.3_NUCLEO-F401RE\lib_stm\libLibraries.a(ucg_dev_msg_api.o)
                0x08002bf6                ucg_SetMaxClipRange
 .text.ucg_GetDimension
                0x08002c26       0x24 D:\1_Studying\1_IoT\1_FUNIX\Libraries_Add\SDK_1.0.3_NUCLEO-F401RE\lib_stm\libLibraries.a(ucg_dev_msg_api.o)
                0x08002c26                ucg_GetDimension
 .text.ucg_DrawL90FXWithArg
                0x08002c4a       0x1e D:\1_Studying\1_IoT\1_FUNIX\Libraries_Add\SDK_1.0.3_NUCLEO-F401RE\lib_stm\libLibraries.a(ucg_dev_msg_api.o)
                0x08002c4a                ucg_DrawL90FXWithArg
 .text.ucg_dev_st7735_18x128x128
                0x08002c68       0x80 D:\1_Studying\1_IoT\1_FUNIX\Libraries_Add\SDK_1.0.3_NUCLEO-F401RE\lib_stm\libLibraries.a(ucg_dev_tft_128x128_st7735.o)
                0x08002c68                ucg_dev_st7735_18x128x128
 .text.ucg_font_get_byte
                0x08002ce8       0x24 D:\1_Studying\1_IoT\1_FUNIX\Libraries_Add\SDK_1.0.3_NUCLEO-F401RE\lib_stm\libLibraries.a(ucg_font.o)
 .text.ucg_font_get_word
                0x08002d0c       0x40 D:\1_Studying\1_IoT\1_FUNIX\Libraries_Add\SDK_1.0.3_NUCLEO-F401RE\lib_stm\libLibraries.a(ucg_font.o)
 .text.ucg_read_font_info
                0x08002d4c      0x142 D:\1_Studying\1_IoT\1_FUNIX\Libraries_Add\SDK_1.0.3_NUCLEO-F401RE\lib_stm\libLibraries.a(ucg_font.o)
                0x08002d4c                ucg_read_font_info
 .text.ucg_font_decode_get_unsigned_bits
                0x08002e8e       0x96 D:\1_Studying\1_IoT\1_FUNIX\Libraries_Add\SDK_1.0.3_NUCLEO-F401RE\lib_stm\libLibraries.a(ucg_font.o)
                0x08002e8e                ucg_font_decode_get_unsigned_bits
 .text.ucg_font_decode_get_signed_bits
                0x08002f24       0x46 D:\1_Studying\1_IoT\1_FUNIX\Libraries_Add\SDK_1.0.3_NUCLEO-F401RE\lib_stm\libLibraries.a(ucg_font.o)
                0x08002f24                ucg_font_decode_get_signed_bits
 .text.ucg_add_vector_y
                0x08002f6a       0x7a D:\1_Studying\1_IoT\1_FUNIX\Libraries_Add\SDK_1.0.3_NUCLEO-F401RE\lib_stm\libLibraries.a(ucg_font.o)
 .text.ucg_add_vector_x
                0x08002fe4       0x7a D:\1_Studying\1_IoT\1_FUNIX\Libraries_Add\SDK_1.0.3_NUCLEO-F401RE\lib_stm\libLibraries.a(ucg_font.o)
 .text.ucg_font_decode_len
                0x0800305e      0x118 D:\1_Studying\1_IoT\1_FUNIX\Libraries_Add\SDK_1.0.3_NUCLEO-F401RE\lib_stm\libLibraries.a(ucg_font.o)
                0x0800305e                ucg_font_decode_len
 .text.ucg_font_setup_decode
                0x08003176       0x64 D:\1_Studying\1_IoT\1_FUNIX\Libraries_Add\SDK_1.0.3_NUCLEO-F401RE\lib_stm\libLibraries.a(ucg_font.o)
 .text.ucg_font_decode_glyph
                0x080031da      0x14c D:\1_Studying\1_IoT\1_FUNIX\Libraries_Add\SDK_1.0.3_NUCLEO-F401RE\lib_stm\libLibraries.a(ucg_font.o)
                0x080031da                ucg_font_decode_glyph
 .text.ucg_font_get_glyph_data
                0x08003326       0x7a D:\1_Studying\1_IoT\1_FUNIX\Libraries_Add\SDK_1.0.3_NUCLEO-F401RE\lib_stm\libLibraries.a(ucg_font.o)
                0x08003326                ucg_font_get_glyph_data
 .text.ucg_font_draw_glyph
                0x080033a0       0x62 D:\1_Studying\1_IoT\1_FUNIX\Libraries_Add\SDK_1.0.3_NUCLEO-F401RE\lib_stm\libLibraries.a(ucg_font.o)
                0x080033a0                ucg_font_draw_glyph
 .text.ucg_SetFontMode
                0x08003402       0x20 D:\1_Studying\1_IoT\1_FUNIX\Libraries_Add\SDK_1.0.3_NUCLEO-F401RE\lib_stm\libLibraries.a(ucg_font.o)
                0x08003402                ucg_SetFontMode
 *fill*         0x08003422        0x2 
 .text.ucg_DrawGlyph
                0x08003424       0xb0 D:\1_Studying\1_IoT\1_FUNIX\Libraries_Add\SDK_1.0.3_NUCLEO-F401RE\lib_stm\libLibraries.a(ucg_font.o)
                0x08003424                ucg_DrawGlyph
 .text.task_drawString
                0x080034d4      0x138 D:\1_Studying\1_IoT\1_FUNIX\Libraries_Add\SDK_1.0.3_NUCLEO-F401RE\lib_stm\libLibraries.a(ucg_font.o)
                0x080034d4                task_drawString
 .text.ucg_DrawString
                0x0800360c       0x78 D:\1_Studying\1_IoT\1_FUNIX\Libraries_Add\SDK_1.0.3_NUCLEO-F401RE\lib_stm\libLibraries.a(ucg_font.o)
                0x0800360c                ucg_DrawString
 .text.ucg_UpdateRefHeight
                0x08003684       0xd8 D:\1_Studying\1_IoT\1_FUNIX\Libraries_Add\SDK_1.0.3_NUCLEO-F401RE\lib_stm\libLibraries.a(ucg_font.o)
                0x08003684                ucg_UpdateRefHeight
 .text.ucg_font_calc_vref_font
                0x0800375c       0x16 D:\1_Studying\1_IoT\1_FUNIX\Libraries_Add\SDK_1.0.3_NUCLEO-F401RE\lib_stm\libLibraries.a(ucg_font.o)
                0x0800375c                ucg_font_calc_vref_font
 *fill*         0x08003772        0x2 
 .text.ucg_SetFontPosBaseline
                0x08003774       0x20 D:\1_Studying\1_IoT\1_FUNIX\Libraries_Add\SDK_1.0.3_NUCLEO-F401RE\lib_stm\libLibraries.a(ucg_font.o)
                0x08003774                ucg_SetFontPosBaseline
 .text.ucg_SetFont
                0x08003794       0x4c D:\1_Studying\1_IoT\1_FUNIX\Libraries_Add\SDK_1.0.3_NUCLEO-F401RE\lib_stm\libLibraries.a(ucg_font.o)
                0x08003794                ucg_SetFont
 .text.ucg_init_struct
                0x080037e0       0x50 D:\1_Studying\1_IoT\1_FUNIX\Libraries_Add\SDK_1.0.3_NUCLEO-F401RE\lib_stm\libLibraries.a(ucg_init.o)
                0x080037e0                ucg_init_struct
 .text.ucg_Init
                0x08003830       0x5c D:\1_Studying\1_IoT\1_FUNIX\Libraries_Add\SDK_1.0.3_NUCLEO-F401RE\lib_stm\libLibraries.a(ucg_init.o)
                0x08003830                ucg_Init
 .text.ucg_Draw90Line
                0x0800388c       0x88 D:\1_Studying\1_IoT\1_FUNIX\Libraries_Add\SDK_1.0.3_NUCLEO-F401RE\lib_stm\libLibraries.a(ucg_line.o)
                0x0800388c                ucg_Draw90Line
 .text.ucg_DrawHLine
                0x08003914       0x3e D:\1_Studying\1_IoT\1_FUNIX\Libraries_Add\SDK_1.0.3_NUCLEO-F401RE\lib_stm\libLibraries.a(ucg_line.o)
                0x08003914                ucg_DrawHLine
 .text.ucg_SetColor
                0x08003952       0x5c D:\1_Studying\1_IoT\1_FUNIX\Libraries_Add\SDK_1.0.3_NUCLEO-F401RE\lib_stm\libLibraries.a(ucg_pixel.o)
                0x08003952                ucg_SetColor
 .text.ucg_UndoRotate
                0x080039ae       0x32 D:\1_Studying\1_IoT\1_FUNIX\Libraries_Add\SDK_1.0.3_NUCLEO-F401RE\lib_stm\libLibraries.a(ucg_rotate.o)
                0x080039ae                ucg_UndoRotate
 .text.ucg_rotate_180_xy
                0x080039e0       0x66 D:\1_Studying\1_IoT\1_FUNIX\Libraries_Add\SDK_1.0.3_NUCLEO-F401RE\lib_stm\libLibraries.a(ucg_rotate.o)
 *fill*         0x08003a46        0x2 
 .text.ucg_dev_rotate180
                0x08003a48      0x100 D:\1_Studying\1_IoT\1_FUNIX\Libraries_Add\SDK_1.0.3_NUCLEO-F401RE\lib_stm\libLibraries.a(ucg_rotate.o)
                0x08003a48                ucg_dev_rotate180
 .text.ucg_SetRotate180
                0x08003b48       0x34 D:\1_Studying\1_IoT\1_FUNIX\Libraries_Add\SDK_1.0.3_NUCLEO-F401RE\lib_stm\libLibraries.a(ucg_rotate.o)
                0x08003b48                ucg_SetRotate180
 .text.bufInit  0x08003b7c       0x36 D:\1_Studying\1_IoT\1_FUNIX\Libraries_Add\SDK_1.0.3_NUCLEO-F401RE\lib_stm\libLibraries.a(buff.o)
                0x08003b7c                bufInit
 .text.bufNumItems
                0x08003bb2       0x18 D:\1_Studying\1_IoT\1_FUNIX\Libraries_Add\SDK_1.0.3_NUCLEO-F401RE\lib_stm\libLibraries.a(buff.o)
                0x08003bb2                bufNumItems
 .text.bufIsFull
                0x08003bca       0x26 D:\1_Studying\1_IoT\1_FUNIX\Libraries_Add\SDK_1.0.3_NUCLEO-F401RE\lib_stm\libLibraries.a(buff.o)
                0x08003bca                bufIsFull
 .text.bufIsEmpty
                0x08003bf0       0x26 D:\1_Studying\1_IoT\1_FUNIX\Libraries_Add\SDK_1.0.3_NUCLEO-F401RE\lib_stm\libLibraries.a(buff.o)
                0x08003bf0                bufIsEmpty
 .text.bufFlush
                0x08003c16       0x32 D:\1_Studying\1_IoT\1_FUNIX\Libraries_Add\SDK_1.0.3_NUCLEO-F401RE\lib_stm\libLibraries.a(buff.o)
                0x08003c16                bufFlush
 .text.bufEnDat
                0x08003c48       0x9c D:\1_Studying\1_IoT\1_FUNIX\Libraries_Add\SDK_1.0.3_NUCLEO-F401RE\lib_stm\libLibraries.a(buff.o)
                0x08003c48                bufEnDat
 .text.bufDeDat
                0x08003ce4       0x84 D:\1_Studying\1_IoT\1_FUNIX\Libraries_Add\SDK_1.0.3_NUCLEO-F401RE\lib_stm\libLibraries.a(buff.o)
                0x08003ce4                bufDeDat
 .text.memsetl  0x08003d68       0x32 D:\1_Studying\1_IoT\1_FUNIX\Libraries_Add\SDK_1.0.3_NUCLEO-F401RE\lib_stm\libLibraries.a(utilities.o)
                0x08003d68                memsetl
 .text.ADC_DeInit
                0x08003d9a       0x1c D:\1_Studying\1_IoT\1_FUNIX\Libraries_Add\SDK_1.0.3_NUCLEO-F401RE\lib_stm\libLibraries.a(stm32f401re_adc.o)
                0x08003d9a                ADC_DeInit
 *fill*         0x08003db6        0x2 
 .text.ADC_Init
                0x08003db8       0xac D:\1_Studying\1_IoT\1_FUNIX\Libraries_Add\SDK_1.0.3_NUCLEO-F401RE\lib_stm\libLibraries.a(stm32f401re_adc.o)
                0x08003db8                ADC_Init
 .text.ADC_CommonInit
                0x08003e64       0x50 D:\1_Studying\1_IoT\1_FUNIX\Libraries_Add\SDK_1.0.3_NUCLEO-F401RE\lib_stm\libLibraries.a(stm32f401re_adc.o)
                0x08003e64                ADC_CommonInit
 .text.ADC_Cmd  0x08003eb4       0x38 D:\1_Studying\1_IoT\1_FUNIX\Libraries_Add\SDK_1.0.3_NUCLEO-F401RE\lib_stm\libLibraries.a(stm32f401re_adc.o)
                0x08003eb4                ADC_Cmd
 .text.ADC_RegularChannelConfig
                0x08003eec      0x194 D:\1_Studying\1_IoT\1_FUNIX\Libraries_Add\SDK_1.0.3_NUCLEO-F401RE\lib_stm\libLibraries.a(stm32f401re_adc.o)
                0x08003eec                ADC_RegularChannelConfig
 .text.ADC_SoftwareStartConv
                0x08004080       0x20 D:\1_Studying\1_IoT\1_FUNIX\Libraries_Add\SDK_1.0.3_NUCLEO-F401RE\lib_stm\libLibraries.a(stm32f401re_adc.o)
                0x08004080                ADC_SoftwareStartConv
 .text.ADC_EOCOnEachRegularChannelCmd
                0x080040a0       0x38 D:\1_Studying\1_IoT\1_FUNIX\Libraries_Add\SDK_1.0.3_NUCLEO-F401RE\lib_stm\libLibraries.a(stm32f401re_adc.o)
                0x080040a0                ADC_EOCOnEachRegularChannelCmd
 .text.ADC_ContinuousModeCmd
                0x080040d8       0x38 D:\1_Studying\1_IoT\1_FUNIX\Libraries_Add\SDK_1.0.3_NUCLEO-F401RE\lib_stm\libLibraries.a(stm32f401re_adc.o)
                0x080040d8                ADC_ContinuousModeCmd
 .text.ADC_DiscModeChannelCountConfig
                0x08004110       0x44 D:\1_Studying\1_IoT\1_FUNIX\Libraries_Add\SDK_1.0.3_NUCLEO-F401RE\lib_stm\libLibraries.a(stm32f401re_adc.o)
                0x08004110                ADC_DiscModeChannelCountConfig
 .text.ADC_DiscModeCmd
                0x08004154       0x38 D:\1_Studying\1_IoT\1_FUNIX\Libraries_Add\SDK_1.0.3_NUCLEO-F401RE\lib_stm\libLibraries.a(stm32f401re_adc.o)
                0x08004154                ADC_DiscModeCmd
 .text.ADC_DMACmd
                0x0800418c       0x38 D:\1_Studying\1_IoT\1_FUNIX\Libraries_Add\SDK_1.0.3_NUCLEO-F401RE\lib_stm\libLibraries.a(stm32f401re_adc.o)
                0x0800418c                ADC_DMACmd
 .text.ADC_DMARequestAfterLastTransferCmd
                0x080041c4       0x38 D:\1_Studying\1_IoT\1_FUNIX\Libraries_Add\SDK_1.0.3_NUCLEO-F401RE\lib_stm\libLibraries.a(stm32f401re_adc.o)
                0x080041c4                ADC_DMARequestAfterLastTransferCmd
 .text.DMA_DeInit
                0x080041fc      0x1a8 D:\1_Studying\1_IoT\1_FUNIX\Libraries_Add\SDK_1.0.3_NUCLEO-F401RE\lib_stm\libLibraries.a(stm32f401re_dma.o)
                0x080041fc                DMA_DeInit
 .text.DMA_Init
                0x080043a4       0xb0 D:\1_Studying\1_IoT\1_FUNIX\Libraries_Add\SDK_1.0.3_NUCLEO-F401RE\lib_stm\libLibraries.a(stm32f401re_dma.o)
                0x080043a4                DMA_Init
 .text.DMA_Cmd  0x08004454       0x38 D:\1_Studying\1_IoT\1_FUNIX\Libraries_Add\SDK_1.0.3_NUCLEO-F401RE\lib_stm\libLibraries.a(stm32f401re_dma.o)
                0x08004454                DMA_Cmd
 .text.GPIO_Init
                0x0800448c      0x11c D:\1_Studying\1_IoT\1_FUNIX\Libraries_Add\SDK_1.0.3_NUCLEO-F401RE\lib_stm\libLibraries.a(stm32f401re_gpio.o)
                0x0800448c                GPIO_Init
 .text.GPIO_ReadInputDataBit
                0x080045a8       0x34 D:\1_Studying\1_IoT\1_FUNIX\Libraries_Add\SDK_1.0.3_NUCLEO-F401RE\lib_stm\libLibraries.a(stm32f401re_gpio.o)
                0x080045a8                GPIO_ReadInputDataBit
 .text.GPIO_SetBits
                0x080045dc       0x1e D:\1_Studying\1_IoT\1_FUNIX\Libraries_Add\SDK_1.0.3_NUCLEO-F401RE\lib_stm\libLibraries.a(stm32f401re_gpio.o)
                0x080045dc                GPIO_SetBits
 .text.GPIO_ResetBits
                0x080045fa       0x1e D:\1_Studying\1_IoT\1_FUNIX\Libraries_Add\SDK_1.0.3_NUCLEO-F401RE\lib_stm\libLibraries.a(stm32f401re_gpio.o)
                0x080045fa                GPIO_ResetBits
 .text.GPIO_WriteBit
                0x08004618       0x30 D:\1_Studying\1_IoT\1_FUNIX\Libraries_Add\SDK_1.0.3_NUCLEO-F401RE\lib_stm\libLibraries.a(stm32f401re_gpio.o)
                0x08004618                GPIO_WriteBit
 .text.GPIO_PinAFConfig
                0x08004648       0x92 D:\1_Studying\1_IoT\1_FUNIX\Libraries_Add\SDK_1.0.3_NUCLEO-F401RE\lib_stm\libLibraries.a(stm32f401re_gpio.o)
                0x08004648                GPIO_PinAFConfig
 *fill*         0x080046da        0x2 
 .text.I2C_Init
                0x080046dc      0x184 D:\1_Studying\1_IoT\1_FUNIX\Libraries_Add\SDK_1.0.3_NUCLEO-F401RE\lib_stm\libLibraries.a(stm32f401re_i2c.o)
                0x080046dc                I2C_Init
 .text.I2C_Cmd  0x08004860       0x40 D:\1_Studying\1_IoT\1_FUNIX\Libraries_Add\SDK_1.0.3_NUCLEO-F401RE\lib_stm\libLibraries.a(stm32f401re_i2c.o)
                0x08004860                I2C_Cmd
 .text.I2C_GenerateSTART
                0x080048a0       0x40 D:\1_Studying\1_IoT\1_FUNIX\Libraries_Add\SDK_1.0.3_NUCLEO-F401RE\lib_stm\libLibraries.a(stm32f401re_i2c.o)
                0x080048a0                I2C_GenerateSTART
 .text.I2C_GenerateSTOP
                0x080048e0       0x40 D:\1_Studying\1_IoT\1_FUNIX\Libraries_Add\SDK_1.0.3_NUCLEO-F401RE\lib_stm\libLibraries.a(stm32f401re_i2c.o)
                0x080048e0                I2C_GenerateSTOP
 .text.I2C_Send7bitAddress
                0x08004920       0x3c D:\1_Studying\1_IoT\1_FUNIX\Libraries_Add\SDK_1.0.3_NUCLEO-F401RE\lib_stm\libLibraries.a(stm32f401re_i2c.o)
                0x08004920                I2C_Send7bitAddress
 .text.I2C_AcknowledgeConfig
                0x0800495c       0x40 D:\1_Studying\1_IoT\1_FUNIX\Libraries_Add\SDK_1.0.3_NUCLEO-F401RE\lib_stm\libLibraries.a(stm32f401re_i2c.o)
                0x0800495c                I2C_AcknowledgeConfig
 .text.I2C_SendData
                0x0800499c       0x20 D:\1_Studying\1_IoT\1_FUNIX\Libraries_Add\SDK_1.0.3_NUCLEO-F401RE\lib_stm\libLibraries.a(stm32f401re_i2c.o)
                0x0800499c                I2C_SendData
 .text.I2C_ReceiveData
                0x080049bc       0x1c D:\1_Studying\1_IoT\1_FUNIX\Libraries_Add\SDK_1.0.3_NUCLEO-F401RE\lib_stm\libLibraries.a(stm32f401re_i2c.o)
                0x080049bc                I2C_ReceiveData
 .text.I2C_CheckEvent
                0x080049d8       0x60 D:\1_Studying\1_IoT\1_FUNIX\Libraries_Add\SDK_1.0.3_NUCLEO-F401RE\lib_stm\libLibraries.a(stm32f401re_i2c.o)
                0x080049d8                I2C_CheckEvent
 .text.I2C_GetFlagStatus
                0x08004a38       0x66 D:\1_Studying\1_IoT\1_FUNIX\Libraries_Add\SDK_1.0.3_NUCLEO-F401RE\lib_stm\libLibraries.a(stm32f401re_i2c.o)
                0x08004a38                I2C_GetFlagStatus
 *fill*         0x08004a9e        0x2 
 .text.RCC_GetClocksFreq
                0x08004aa0      0x150 D:\1_Studying\1_IoT\1_FUNIX\Libraries_Add\SDK_1.0.3_NUCLEO-F401RE\lib_stm\libLibraries.a(stm32f401re_rcc.o)
                0x08004aa0                RCC_GetClocksFreq
 .text.RCC_AHB1PeriphClockCmd
                0x08004bf0       0x40 D:\1_Studying\1_IoT\1_FUNIX\Libraries_Add\SDK_1.0.3_NUCLEO-F401RE\lib_stm\libLibraries.a(stm32f401re_rcc.o)
                0x08004bf0                RCC_AHB1PeriphClockCmd
 .text.RCC_APB1PeriphClockCmd
                0x08004c30       0x40 D:\1_Studying\1_IoT\1_FUNIX\Libraries_Add\SDK_1.0.3_NUCLEO-F401RE\lib_stm\libLibraries.a(stm32f401re_rcc.o)
                0x08004c30                RCC_APB1PeriphClockCmd
 .text.RCC_APB2PeriphClockCmd
                0x08004c70       0x40 D:\1_Studying\1_IoT\1_FUNIX\Libraries_Add\SDK_1.0.3_NUCLEO-F401RE\lib_stm\libLibraries.a(stm32f401re_rcc.o)
                0x08004c70                RCC_APB2PeriphClockCmd
 .text.RCC_APB2PeriphResetCmd
                0x08004cb0       0x40 D:\1_Studying\1_IoT\1_FUNIX\Libraries_Add\SDK_1.0.3_NUCLEO-F401RE\lib_stm\libLibraries.a(stm32f401re_rcc.o)
                0x08004cb0                RCC_APB2PeriphResetCmd
 .text.TIM_TimeBaseInit
                0x08004cf0       0xd8 D:\1_Studying\1_IoT\1_FUNIX\Libraries_Add\SDK_1.0.3_NUCLEO-F401RE\lib_stm\libLibraries.a(stm32f401re_tim.o)
                0x08004cf0                TIM_TimeBaseInit
 .text.TIM_Cmd  0x08004dc8       0x40 D:\1_Studying\1_IoT\1_FUNIX\Libraries_Add\SDK_1.0.3_NUCLEO-F401RE\lib_stm\libLibraries.a(stm32f401re_tim.o)
                0x08004dc8                TIM_Cmd
 .text.TIM_OC1Init
                0x08004e08       0xf4 D:\1_Studying\1_IoT\1_FUNIX\Libraries_Add\SDK_1.0.3_NUCLEO-F401RE\lib_stm\libLibraries.a(stm32f401re_tim.o)
                0x08004e08                TIM_OC1Init
 .text.TIM_OC2Init
                0x08004efc      0x110 D:\1_Studying\1_IoT\1_FUNIX\Libraries_Add\SDK_1.0.3_NUCLEO-F401RE\lib_stm\libLibraries.a(stm32f401re_tim.o)
                0x08004efc                TIM_OC2Init
 .text.TIM_OC3Init
                0x0800500c      0x10c D:\1_Studying\1_IoT\1_FUNIX\Libraries_Add\SDK_1.0.3_NUCLEO-F401RE\lib_stm\libLibraries.a(stm32f401re_tim.o)
                0x0800500c                TIM_OC3Init
 .text.TIM_OC4Init
                0x08005118       0xd0 D:\1_Studying\1_IoT\1_FUNIX\Libraries_Add\SDK_1.0.3_NUCLEO-F401RE\lib_stm\libLibraries.a(stm32f401re_tim.o)
                0x08005118                TIM_OC4Init
 .text.TIM_SetCompare1
                0x080051e8       0x1c D:\1_Studying\1_IoT\1_FUNIX\Libraries_Add\SDK_1.0.3_NUCLEO-F401RE\lib_stm\libLibraries.a(stm32f401re_tim.o)
                0x080051e8                TIM_SetCompare1
 .text.TIM_SetCompare2
                0x08005204       0x1c D:\1_Studying\1_IoT\1_FUNIX\Libraries_Add\SDK_1.0.3_NUCLEO-F401RE\lib_stm\libLibraries.a(stm32f401re_tim.o)
                0x08005204                TIM_SetCompare2
 .text.TIM_SetCompare3
                0x08005220       0x1c D:\1_Studying\1_IoT\1_FUNIX\Libraries_Add\SDK_1.0.3_NUCLEO-F401RE\lib_stm\libLibraries.a(stm32f401re_tim.o)
                0x08005220                TIM_SetCompare3
 .text.TIM_SetCompare4
                0x0800523c       0x1c D:\1_Studying\1_IoT\1_FUNIX\Libraries_Add\SDK_1.0.3_NUCLEO-F401RE\lib_stm\libLibraries.a(stm32f401re_tim.o)
                0x0800523c                TIM_SetCompare4
 .text.TIM_CtrlPWMOutputs
                0x08005258       0x4c D:\1_Studying\1_IoT\1_FUNIX\Libraries_Add\SDK_1.0.3_NUCLEO-F401RE\lib_stm\libLibraries.a(stm32f401re_tim.o)
                0x08005258                TIM_CtrlPWMOutputs
 .text.USART_ReceiveData
                0x080052a4       0x20 D:\1_Studying\1_IoT\1_FUNIX\Libraries_Add\SDK_1.0.3_NUCLEO-F401RE\lib_stm\libLibraries.a(stm32f401re_usart.o)
                0x080052a4                USART_ReceiveData
 .text.USART_GetITStatus
                0x080052c4       0xb6 D:\1_Studying\1_IoT\1_FUNIX\Libraries_Add\SDK_1.0.3_NUCLEO-F401RE\lib_stm\libLibraries.a(stm32f401re_usart.o)
                0x080052c4                USART_GetITStatus
 .text.USART_ClearITPendingBit
                0x0800537a       0x3a D:\1_Studying\1_IoT\1_FUNIX\Libraries_Add\SDK_1.0.3_NUCLEO-F401RE\lib_stm\libLibraries.a(stm32f401re_usart.o)
                0x0800537a                USART_ClearITPendingBit
 .text.Button_Init
                0x080053b4       0xbc D:\1_Studying\1_IoT\1_FUNIX\Libraries_Add\SDK_1.0.3_NUCLEO-F401RE\lib_stm\libLibraries.a(button.o)
                0x080053b4                Button_Init
 .text.Button_SetMode
                0x08005470       0x3c D:\1_Studying\1_IoT\1_FUNIX\Libraries_Add\SDK_1.0.3_NUCLEO-F401RE\lib_stm\libLibraries.a(button.o)
                0x08005470                Button_SetMode
 .text.Button_RegisterEventCallback
                0x080054ac       0x28 D:\1_Studying\1_IoT\1_FUNIX\Libraries_Add\SDK_1.0.3_NUCLEO-F401RE\lib_stm\libLibraries.a(button.o)
                0x080054ac                Button_RegisterEventCallback
 .text.ButtonScanTypeEdge
                0x080054d4      0x1fc D:\1_Studying\1_IoT\1_FUNIX\Libraries_Add\SDK_1.0.3_NUCLEO-F401RE\lib_stm\libLibraries.a(button.o)
 .text.ButtonScan
                0x080056d0       0x4c D:\1_Studying\1_IoT\1_FUNIX\Libraries_Add\SDK_1.0.3_NUCLEO-F401RE\lib_stm\libLibraries.a(button.o)
 .text.BTNGPIO_Init
                0x0800571c       0x6c D:\1_Studying\1_IoT\1_FUNIX\Libraries_Add\SDK_1.0.3_NUCLEO-F401RE\lib_stm\libLibraries.a(button.o)
 .text.ucg_clip_is_x_visible
                0x08005788       0x4a D:\1_Studying\1_IoT\1_FUNIX\Libraries_Add\SDK_1.0.3_NUCLEO-F401RE\lib_stm\libLibraries.a(ucg_clip.o)
 .text.ucg_clip_is_y_visible
                0x080057d2       0x4a D:\1_Studying\1_IoT\1_FUNIX\Libraries_Add\SDK_1.0.3_NUCLEO-F401RE\lib_stm\libLibraries.a(ucg_clip.o)
 .text.ucg_clip_intersection
                0x0800581c       0x74 D:\1_Studying\1_IoT\1_FUNIX\Libraries_Add\SDK_1.0.3_NUCLEO-F401RE\lib_stm\libLibraries.a(ucg_clip.o)
 .text.ucg_clip_is_pixel_visible
                0x08005890       0x32 D:\1_Studying\1_IoT\1_FUNIX\Libraries_Add\SDK_1.0.3_NUCLEO-F401RE\lib_stm\libLibraries.a(ucg_clip.o)
                0x08005890                ucg_clip_is_pixel_visible
 *fill*         0x080058c2        0x2 
 .text.ucg_clip_l90fx
                0x080058c4      0x300 D:\1_Studying\1_IoT\1_FUNIX\Libraries_Add\SDK_1.0.3_NUCLEO-F401RE\lib_stm\libLibraries.a(ucg_clip.o)
                0x080058c4                ucg_clip_l90fx
 .text.ucg_clip_l90se
                0x08005bc4       0x54 D:\1_Studying\1_IoT\1_FUNIX\Libraries_Add\SDK_1.0.3_NUCLEO-F401RE\lib_stm\libLibraries.a(ucg_clip.o)
                0x08005bc4                ucg_clip_l90se
 .text.ucg_com_PowerDown
                0x08005c18       0x3e D:\1_Studying\1_IoT\1_FUNIX\Libraries_Add\SDK_1.0.3_NUCLEO-F401RE\lib_stm\libLibraries.a(ucg_com_msg_api.o)
                0x08005c18                ucg_com_PowerDown
 .text.ucg_com_PowerUp
                0x08005c56       0x60 D:\1_Studying\1_IoT\1_FUNIX\Libraries_Add\SDK_1.0.3_NUCLEO-F401RE\lib_stm\libLibraries.a(ucg_com_msg_api.o)
                0x08005c56                ucg_com_PowerUp
 .text.ucg_com_SetLineStatus
                0x08005cb6       0xe2 D:\1_Studying\1_IoT\1_FUNIX\Libraries_Add\SDK_1.0.3_NUCLEO-F401RE\lib_stm\libLibraries.a(ucg_com_msg_api.o)
                0x08005cb6                ucg_com_SetLineStatus
 .text.ucg_com_SetResetLineStatus
                0x08005d98       0x20 D:\1_Studying\1_IoT\1_FUNIX\Libraries_Add\SDK_1.0.3_NUCLEO-F401RE\lib_stm\libLibraries.a(ucg_com_msg_api.o)
                0x08005d98                ucg_com_SetResetLineStatus
 .text.ucg_com_SetCSLineStatus
                0x08005db8       0x20 D:\1_Studying\1_IoT\1_FUNIX\Libraries_Add\SDK_1.0.3_NUCLEO-F401RE\lib_stm\libLibraries.a(ucg_com_msg_api.o)
                0x08005db8                ucg_com_SetCSLineStatus
 .text.ucg_com_SetCDLineStatus
                0x08005dd8       0x20 D:\1_Studying\1_IoT\1_FUNIX\Libraries_Add\SDK_1.0.3_NUCLEO-F401RE\lib_stm\libLibraries.a(ucg_com_msg_api.o)
                0x08005dd8                ucg_com_SetCDLineStatus
 .text.ucg_com_DelayMicroseconds
                0x08005df8       0x22 D:\1_Studying\1_IoT\1_FUNIX\Libraries_Add\SDK_1.0.3_NUCLEO-F401RE\lib_stm\libLibraries.a(ucg_com_msg_api.o)
                0x08005df8                ucg_com_DelayMicroseconds
 .text.ucg_com_DelayMilliseconds
                0x08005e1a       0x2c D:\1_Studying\1_IoT\1_FUNIX\Libraries_Add\SDK_1.0.3_NUCLEO-F401RE\lib_stm\libLibraries.a(ucg_com_msg_api.o)
                0x08005e1a                ucg_com_DelayMilliseconds
 .text.ucg_com_SendByte
                0x08005e46       0x24 D:\1_Studying\1_IoT\1_FUNIX\Libraries_Add\SDK_1.0.3_NUCLEO-F401RE\lib_stm\libLibraries.a(ucg_com_msg_api.o)
                0x08005e46                ucg_com_SendByte
 .text.ucg_com_SendStringP
                0x08005e6a       0x40 D:\1_Studying\1_IoT\1_FUNIX\Libraries_Add\SDK_1.0.3_NUCLEO-F401RE\lib_stm\libLibraries.a(ucg_com_msg_api.o)
                0x08005e6a                ucg_com_SendStringP
 .text.ucg_com_SendCmdArg
                0x08005eaa       0x74 D:\1_Studying\1_IoT\1_FUNIX\Libraries_Add\SDK_1.0.3_NUCLEO-F401RE\lib_stm\libLibraries.a(ucg_com_msg_api.o)
 *fill*         0x08005f1e        0x2 
 .text.ucg_com_SendCmdSeq
                0x08005f20      0x278 D:\1_Studying\1_IoT\1_FUNIX\Libraries_Add\SDK_1.0.3_NUCLEO-F401RE\lib_stm\libLibraries.a(ucg_com_msg_api.o)
                0x08005f20                ucg_com_SendCmdSeq
 .text.sprintf  0x08006198       0x40 C:/ST/STM32CubeIDE_1.13.2/STM32CubeIDE/plugins/com.st.stm32cube.ide.mcu.externaltools.gnu-tools-for-stm32.12.3.rel1.win32_1.0.100.202403111256/tools/bin/../lib/gcc/arm-none-eabi/12.3.1/../../../../arm-none-eabi/lib/thumb/v7e-m+fp/hard\libc_nano.a(libc_a-sprintf.o)
                0x08006198                siprintf
                0x08006198                sprintf
 .text.memset   0x080061d8       0x10 C:/ST/STM32CubeIDE_1.13.2/STM32CubeIDE/plugins/com.st.stm32cube.ide.mcu.externaltools.gnu-tools-for-stm32.12.3.rel1.win32_1.0.100.202403111256/tools/bin/../lib/gcc/arm-none-eabi/12.3.1/../../../../arm-none-eabi/lib/thumb/v7e-m+fp/hard\libc_nano.a(libc_a-memset.o)
                0x080061d8                memset
 .text.__errno  0x080061e8        0xc C:/ST/STM32CubeIDE_1.13.2/STM32CubeIDE/plugins/com.st.stm32cube.ide.mcu.externaltools.gnu-tools-for-stm32.12.3.rel1.win32_1.0.100.202403111256/tools/bin/../lib/gcc/arm-none-eabi/12.3.1/../../../../arm-none-eabi/lib/thumb/v7e-m+fp/hard\libc_nano.a(libc_a-errno.o)
                0x080061e8                __errno
 .text.__libc_init_array
                0x080061f4       0x48 C:/ST/STM32CubeIDE_1.13.2/STM32CubeIDE/plugins/com.st.stm32cube.ide.mcu.externaltools.gnu-tools-for-stm32.12.3.rel1.win32_1.0.100.202403111256/tools/bin/../lib/gcc/arm-none-eabi/12.3.1/../../../../arm-none-eabi/lib/thumb/v7e-m+fp/hard\libc_nano.a(libc_a-init.o)
                0x080061f4                __libc_init_array
 .text.__retarget_lock_acquire_recursive
                0x0800623c        0x2 C:/ST/STM32CubeIDE_1.13.2/STM32CubeIDE/plugins/com.st.stm32cube.ide.mcu.externaltools.gnu-tools-for-stm32.12.3.rel1.win32_1.0.100.202403111256/tools/bin/../lib/gcc/arm-none-eabi/12.3.1/../../../../arm-none-eabi/lib/thumb/v7e-m+fp/hard\libc_nano.a(libc_a-lock.o)
                0x0800623c                __retarget_lock_acquire_recursive
 .text.__retarget_lock_release_recursive
                0x0800623e        0x2 C:/ST/STM32CubeIDE_1.13.2/STM32CubeIDE/plugins/com.st.stm32cube.ide.mcu.externaltools.gnu-tools-for-stm32.12.3.rel1.win32_1.0.100.202403111256/tools/bin/../lib/gcc/arm-none-eabi/12.3.1/../../../../arm-none-eabi/lib/thumb/v7e-m+fp/hard\libc_nano.a(libc_a-lock.o)
                0x0800623e                __retarget_lock_release_recursive
 .text._free_r  0x08006240       0x94 C:/ST/STM32CubeIDE_1.13.2/STM32CubeIDE/plugins/com.st.stm32cube.ide.mcu.externaltools.gnu-tools-for-stm32.12.3.rel1.win32_1.0.100.202403111256/tools/bin/../lib/gcc/arm-none-eabi/12.3.1/../../../../arm-none-eabi/lib/thumb/v7e-m+fp/hard\libc_nano.a(libc_a-freer.o)
                0x08006240                _free_r
 .text.sbrk_aligned
                0x080062d4       0x44 C:/ST/STM32CubeIDE_1.13.2/STM32CubeIDE/plugins/com.st.stm32cube.ide.mcu.externaltools.gnu-tools-for-stm32.12.3.rel1.win32_1.0.100.202403111256/tools/bin/../lib/gcc/arm-none-eabi/12.3.1/../../../../arm-none-eabi/lib/thumb/v7e-m+fp/hard\libc_nano.a(libc_a-mallocr.o)
 .text._malloc_r
                0x08006318      0x100 C:/ST/STM32CubeIDE_1.13.2/STM32CubeIDE/plugins/com.st.stm32cube.ide.mcu.externaltools.gnu-tools-for-stm32.12.3.rel1.win32_1.0.100.202403111256/tools/bin/../lib/gcc/arm-none-eabi/12.3.1/../../../../arm-none-eabi/lib/thumb/v7e-m+fp/hard\libc_nano.a(libc_a-mallocr.o)
                0x08006318                _malloc_r
 .text.__malloc_lock
                0x08006418        0xc C:/ST/STM32CubeIDE_1.13.2/STM32CubeIDE/plugins/com.st.stm32cube.ide.mcu.externaltools.gnu-tools-for-stm32.12.3.rel1.win32_1.0.100.202403111256/tools/bin/../lib/gcc/arm-none-eabi/12.3.1/../../../../arm-none-eabi/lib/thumb/v7e-m+fp/hard\libc_nano.a(libc_a-mlock.o)
                0x08006418                __malloc_lock
 .text.__malloc_unlock
                0x08006424        0xc C:/ST/STM32CubeIDE_1.13.2/STM32CubeIDE/plugins/com.st.stm32cube.ide.mcu.externaltools.gnu-tools-for-stm32.12.3.rel1.win32_1.0.100.202403111256/tools/bin/../lib/gcc/arm-none-eabi/12.3.1/../../../../arm-none-eabi/lib/thumb/v7e-m+fp/hard\libc_nano.a(libc_a-mlock.o)
                0x08006424                __malloc_unlock
 .text.__ssputs_r
                0x08006430       0xb6 C:/ST/STM32CubeIDE_1.13.2/STM32CubeIDE/plugins/com.st.stm32cube.ide.mcu.externaltools.gnu-tools-for-stm32.12.3.rel1.win32_1.0.100.202403111256/tools/bin/../lib/gcc/arm-none-eabi/12.3.1/../../../../arm-none-eabi/lib/thumb/v7e-m+fp/hard\libc_nano.a(libc_a-nano-svfprintf.o)
                0x08006430                __ssputs_r
 *fill*         0x080064e6        0x2 
 .text._svfprintf_r
                0x080064e8      0x1f8 C:/ST/STM32CubeIDE_1.13.2/STM32CubeIDE/plugins/com.st.stm32cube.ide.mcu.externaltools.gnu-tools-for-stm32.12.3.rel1.win32_1.0.100.202403111256/tools/bin/../lib/gcc/arm-none-eabi/12.3.1/../../../../arm-none-eabi/lib/thumb/v7e-m+fp/hard\libc_nano.a(libc_a-nano-svfprintf.o)
                0x080064e8                _svfiprintf_r
                0x080064e8                _svfprintf_r
 .text._printf_common
                0x080066e0       0xda C:/ST/STM32CubeIDE_1.13.2/STM32CubeIDE/plugins/com.st.stm32cube.ide.mcu.externaltools.gnu-tools-for-stm32.12.3.rel1.win32_1.0.100.202403111256/tools/bin/../lib/gcc/arm-none-eabi/12.3.1/../../../../arm-none-eabi/lib/thumb/v7e-m+fp/hard\libc_nano.a(libc_a-nano-vfprintf_i.o)
                0x080066e0                _printf_common
 *fill*         0x080067ba        0x2 
 .text._printf_i
                0x080067bc      0x240 C:/ST/STM32CubeIDE_1.13.2/STM32CubeIDE/plugins/com.st.stm32cube.ide.mcu.externaltools.gnu-tools-for-stm32.12.3.rel1.win32_1.0.100.202403111256/tools/bin/../lib/gcc/arm-none-eabi/12.3.1/../../../../arm-none-eabi/lib/thumb/v7e-m+fp/hard\libc_nano.a(libc_a-nano-vfprintf_i.o)
                0x080067bc                _printf_i
 .text.memmove  0x080069fc       0x34 C:/ST/STM32CubeIDE_1.13.2/STM32CubeIDE/plugins/com.st.stm32cube.ide.mcu.externaltools.gnu-tools-for-stm32.12.3.rel1.win32_1.0.100.202403111256/tools/bin/../lib/gcc/arm-none-eabi/12.3.1/../../../../arm-none-eabi/lib/thumb/v7e-m+fp/hard\libc_nano.a(libc_a-memmove.o)
                0x080069fc                memmove
 .text._sbrk_r  0x08006a30       0x20 C:/ST/STM32CubeIDE_1.13.2/STM32CubeIDE/plugins/com.st.stm32cube.ide.mcu.externaltools.gnu-tools-for-stm32.12.3.rel1.win32_1.0.100.202403111256/tools/bin/../lib/gcc/arm-none-eabi/12.3.1/../../../../arm-none-eabi/lib/thumb/v7e-m+fp/hard\libc_nano.a(libc_a-sbrkr.o)
                0x08006a30                _sbrk_r
 .text.memcpy   0x08006a50       0x1c C:/ST/STM32CubeIDE_1.13.2/STM32CubeIDE/plugins/com.st.stm32cube.ide.mcu.externaltools.gnu-tools-for-stm32.12.3.rel1.win32_1.0.100.202403111256/tools/bin/../lib/gcc/arm-none-eabi/12.3.1/../../../../arm-none-eabi/lib/thumb/v7e-m+fp/hard\libc_nano.a(libc_a-memcpy-stub.o)
                0x08006a50                memcpy
 .text._realloc_r
                0x08006a6c       0x5c C:/ST/STM32CubeIDE_1.13.2/STM32CubeIDE/plugins/com.st.stm32cube.ide.mcu.externaltools.gnu-tools-for-stm32.12.3.rel1.win32_1.0.100.202403111256/tools/bin/../lib/gcc/arm-none-eabi/12.3.1/../../../../arm-none-eabi/lib/thumb/v7e-m+fp/hard\libc_nano.a(libc_a-reallocr.o)
                0x08006a6c                _realloc_r
 .text._malloc_usable_size_r
                0x08006ac8       0x10 C:/ST/STM32CubeIDE_1.13.2/STM32CubeIDE/plugins/com.st.stm32cube.ide.mcu.externaltools.gnu-tools-for-stm32.12.3.rel1.win32_1.0.100.202403111256/tools/bin/../lib/gcc/arm-none-eabi/12.3.1/../../../../arm-none-eabi/lib/thumb/v7e-m+fp/hard\libc_nano.a(libc_a-msizer.o)
                0x08006ac8                _malloc_usable_size_r
 *(.glue_7)
 .glue_7        0x08006ad8        0x0 linker stubs
 *(.glue_7t)
 .glue_7t       0x08006ad8        0x0 linker stubs
 *(.eh_frame)
 .eh_frame      0x08006ad8        0x0 C:/ST/STM32CubeIDE_1.13.2/STM32CubeIDE/plugins/com.st.stm32cube.ide.mcu.externaltools.gnu-tools-for-stm32.12.3.rel1.win32_1.0.100.202403111256/tools/bin/../lib/gcc/arm-none-eabi/12.3.1/thumb/v7e-m+fp/hard/crtbegin.o
 *(.init)
 .init          0x08006ad8        0x4 C:/ST/STM32CubeIDE_1.13.2/STM32CubeIDE/plugins/com.st.stm32cube.ide.mcu.externaltools.gnu-tools-for-stm32.12.3.rel1.win32_1.0.100.202403111256/tools/bin/../lib/gcc/arm-none-eabi/12.3.1/thumb/v7e-m+fp/hard/crti.o
                0x08006ad8                _init
 .init          0x08006adc        0x8 C:/ST/STM32CubeIDE_1.13.2/STM32CubeIDE/plugins/com.st.stm32cube.ide.mcu.externaltools.gnu-tools-for-stm32.12.3.rel1.win32_1.0.100.202403111256/tools/bin/../lib/gcc/arm-none-eabi/12.3.1/thumb/v7e-m+fp/hard/crtn.o
 *(.fini)
 .fini          0x08006ae4        0x4 C:/ST/STM32CubeIDE_1.13.2/STM32CubeIDE/plugins/com.st.stm32cube.ide.mcu.externaltools.gnu-tools-for-stm32.12.3.rel1.win32_1.0.100.202403111256/tools/bin/../lib/gcc/arm-none-eabi/12.3.1/thumb/v7e-m+fp/hard/crti.o
                0x08006ae4                _fini
 .fini          0x08006ae8        0x8 C:/ST/STM32CubeIDE_1.13.2/STM32CubeIDE/plugins/com.st.stm32cube.ide.mcu.externaltools.gnu-tools-for-stm32.12.3.rel1.win32_1.0.100.202403111256/tools/bin/../lib/gcc/arm-none-eabi/12.3.1/thumb/v7e-m+fp/hard/crtn.o
                0x08006af0                        . = ALIGN (0x4)
                0x08006af0                        _etext = .

.vfp11_veneer   0x08006af0        0x0
 .vfp11_veneer  0x08006af0        0x0 linker stubs

.v4_bx          0x08006af0        0x0
 .v4_bx         0x08006af0        0x0 linker stubs

.iplt           0x08006af0        0x0
 .iplt          0x08006af0        0x0 C:/ST/STM32CubeIDE_1.13.2/STM32CubeIDE/plugins/com.st.stm32cube.ide.mcu.externaltools.gnu-tools-for-stm32.12.3.rel1.win32_1.0.100.202403111256/tools/bin/../lib/gcc/arm-none-eabi/12.3.1/thumb/v7e-m+fp/hard/crtbegin.o

.rodata         0x08006af0     0x1cd0
                0x08006af0                        . = ALIGN (0x4)
 *(.rodata)
 .rodata        0x08006af0      0x14c ./Src/main_Asm1_IOT302.o
 .rodata        0x08006c3c        0x5 D:\1_Studying\1_IoT\1_FUNIX\Libraries_Add\SDK_1.0.3_NUCLEO-F401RE\lib_stm\libLibraries.a(buzzer.o)
 *fill*         0x08006c41        0x3 
 .rodata        0x08006c44        0x9 D:\1_Studying\1_IoT\1_FUNIX\Libraries_Add\SDK_1.0.3_NUCLEO-F401RE\lib_stm\libLibraries.a(led.o)
 *fill*         0x08006c4d        0x3 
 .rodata        0x08006c50       0x16 D:\1_Studying\1_IoT\1_FUNIX\Libraries_Add\SDK_1.0.3_NUCLEO-F401RE\lib_stm\libLibraries.a(temhumsensor.o)
 *fill*         0x08006c66        0x2 
 .rodata        0x08006c68        0xf D:\1_Studying\1_IoT\1_FUNIX\Libraries_Add\SDK_1.0.3_NUCLEO-F401RE\lib_stm\libLibraries.a(ucg_font.o)
 *fill*         0x08006c77        0x1 
 .rodata        0x08006c78        0x1 D:\1_Studying\1_IoT\1_FUNIX\Libraries_Add\SDK_1.0.3_NUCLEO-F401RE\lib_stm\libLibraries.a(button.o)
 *(.rodata*)
 *fill*         0x08006c79        0x3 
 .rodata.pinBuzz
                0x08006c7c        0x8 D:\1_Studying\1_IoT\1_FUNIX\Libraries_Add\SDK_1.0.3_NUCLEO-F401RE\lib_stm\libLibraries.a(buzzer.o)
 .rodata.ucg_st7735_set_pos_seq
                0x08006c84       0x1e D:\1_Studying\1_IoT\1_FUNIX\Libraries_Add\SDK_1.0.3_NUCLEO-F401RE\lib_stm\libLibraries.a(ucg_dev_ic_st7735.o)
                0x08006c84                ucg_st7735_set_pos_seq
 *fill*         0x08006ca2        0x2 
 .rodata.ucg_st7735_set_pos_dir0_seq
                0x08006ca4       0x1e D:\1_Studying\1_IoT\1_FUNIX\Libraries_Add\SDK_1.0.3_NUCLEO-F401RE\lib_stm\libLibraries.a(ucg_dev_ic_st7735.o)
                0x08006ca4                ucg_st7735_set_pos_dir0_seq
 *fill*         0x08006cc2        0x2 
 .rodata.ucg_st7735_set_pos_dir1_seq
                0x08006cc4       0x21 D:\1_Studying\1_IoT\1_FUNIX\Libraries_Add\SDK_1.0.3_NUCLEO-F401RE\lib_stm\libLibraries.a(ucg_dev_ic_st7735.o)
                0x08006cc4                ucg_st7735_set_pos_dir1_seq
 *fill*         0x08006ce5        0x3 
 .rodata.ucg_st7735_set_pos_dir2_seq
                0x08006ce8       0x21 D:\1_Studying\1_IoT\1_FUNIX\Libraries_Add\SDK_1.0.3_NUCLEO-F401RE\lib_stm\libLibraries.a(ucg_dev_ic_st7735.o)
                0x08006ce8                ucg_st7735_set_pos_dir2_seq
 *fill*         0x08006d09        0x3 
 .rodata.ucg_st7735_set_pos_dir3_seq
                0x08006d0c       0x24 D:\1_Studying\1_IoT\1_FUNIX\Libraries_Add\SDK_1.0.3_NUCLEO-F401RE\lib_stm\libLibraries.a(ucg_dev_ic_st7735.o)
                0x08006d0c                ucg_st7735_set_pos_dir3_seq
 .rodata.ucg_st7735_power_down_seq
                0x08006d30        0x7 D:\1_Studying\1_IoT\1_FUNIX\Libraries_Add\SDK_1.0.3_NUCLEO-F401RE\lib_stm\libLibraries.a(ucg_dev_ic_st7735.o)
 *fill*         0x08006d37        0x1 
 .rodata.ucg_tft_128x160_st7735_init_seq
                0x08006d38       0x2c D:\1_Studying\1_IoT\1_FUNIX\Libraries_Add\SDK_1.0.3_NUCLEO-F401RE\lib_stm\libLibraries.a(ucg_dev_tft_128x128_st7735.o)
 .rodata.ucg_font_ncenR08_hf
                0x08006d64      0xab3 D:\1_Studying\1_IoT\1_FUNIX\Libraries_Add\SDK_1.0.3_NUCLEO-F401RE\lib_stm\libLibraries.a(ucg_pixel_font_data.o)
                0x08006d64                ucg_font_ncenR08_hf
 *fill*         0x08007817        0x1 
 .rodata.ucg_font_ncenR10_hf
                0x08007818      0xf75 D:\1_Studying\1_IoT\1_FUNIX\Libraries_Add\SDK_1.0.3_NUCLEO-F401RE\lib_stm\libLibraries.a(ucg_pixel_font_data.o)
                0x08007818                ucg_font_ncenR10_hf
 .rodata._svfprintf_r.str1.1
                0x0800878d       0x11 C:/ST/STM32CubeIDE_1.13.2/STM32CubeIDE/plugins/com.st.stm32cube.ide.mcu.externaltools.gnu-tools-for-stm32.12.3.rel1.win32_1.0.100.202403111256/tools/bin/../lib/gcc/arm-none-eabi/12.3.1/../../../../arm-none-eabi/lib/thumb/v7e-m+fp/hard\libc_nano.a(libc_a-nano-svfprintf.o)
 .rodata._printf_i.str1.1
                0x0800879e       0x22 C:/ST/STM32CubeIDE_1.13.2/STM32CubeIDE/plugins/com.st.stm32cube.ide.mcu.externaltools.gnu-tools-for-stm32.12.3.rel1.win32_1.0.100.202403111256/tools/bin/../lib/gcc/arm-none-eabi/12.3.1/../../../../arm-none-eabi/lib/thumb/v7e-m+fp/hard\libc_nano.a(libc_a-nano-vfprintf_i.o)
                0x080087c0                        . = ALIGN (0x4)

.ARM.extab      0x080087c0        0x0
                0x080087c0                        . = ALIGN (0x4)
 *(.ARM.extab* .gnu.linkonce.armextab.*)
                0x080087c0                        . = ALIGN (0x4)

.ARM            0x080087c0        0x8
                0x080087c0                        . = ALIGN (0x4)
                0x080087c0                        __exidx_start = .
 *(.ARM.exidx*)
 .ARM.exidx     0x080087c0        0x8 C:/ST/STM32CubeIDE_1.13.2/STM32CubeIDE/plugins/com.st.stm32cube.ide.mcu.externaltools.gnu-tools-for-stm32.12.3.rel1.win32_1.0.100.202403111256/tools/bin/../lib/gcc/arm-none-eabi/12.3.1/../../../../arm-none-eabi/lib/thumb/v7e-m+fp/hard\libc_nano.a(libc_a-memchr.o)
                0x080087c8                        __exidx_end = .
                0x080087c8                        . = ALIGN (0x4)

.rel.dyn        0x080087c8        0x0
 .rel.iplt      0x080087c8        0x0 C:/ST/STM32CubeIDE_1.13.2/STM32CubeIDE/plugins/com.st.stm32cube.ide.mcu.externaltools.gnu-tools-for-stm32.12.3.rel1.win32_1.0.100.202403111256/tools/bin/../lib/gcc/arm-none-eabi/12.3.1/thumb/v7e-m+fp/hard/crtbegin.o

.preinit_array  0x080087c8        0x0
                0x080087c8                        . = ALIGN (0x4)
                0x080087c8                        PROVIDE (__preinit_array_start = .)
 *(.preinit_array*)
                0x080087c8                        PROVIDE (__preinit_array_end = .)
                0x080087c8                        . = ALIGN (0x4)

.init_array     0x080087c8        0x4
                0x080087c8                        . = ALIGN (0x4)
                0x080087c8                        PROVIDE (__init_array_start = .)
 *(SORT_BY_NAME(.init_array.*))
 *(.init_array*)
 .init_array    0x080087c8        0x4 C:/ST/STM32CubeIDE_1.13.2/STM32CubeIDE/plugins/com.st.stm32cube.ide.mcu.externaltools.gnu-tools-for-stm32.12.3.rel1.win32_1.0.100.202403111256/tools/bin/../lib/gcc/arm-none-eabi/12.3.1/thumb/v7e-m+fp/hard/crtbegin.o
                0x080087cc                        PROVIDE (__init_array_end = .)
                0x080087cc                        . = ALIGN (0x4)

.fini_array     0x080087cc        0x4
                0x080087cc                        . = ALIGN (0x4)
                [!provide]                        PROVIDE (__fini_array_start = .)
 *(SORT_BY_NAME(.fini_array.*))
 *(.fini_array*)
 .fini_array    0x080087cc        0x4 C:/ST/STM32CubeIDE_1.13.2/STM32CubeIDE/plugins/com.st.stm32cube.ide.mcu.externaltools.gnu-tools-for-stm32.12.3.rel1.win32_1.0.100.202403111256/tools/bin/../lib/gcc/arm-none-eabi/12.3.1/thumb/v7e-m+fp/hard/crtbegin.o
                [!provide]                        PROVIDE (__fini_array_end = .)
                0x080087d0                        . = ALIGN (0x4)
                0x080087d0                        _sidata = LOADADDR (.data)

.data           0x20000000       0xbc load address 0x080087d0
                0x20000000                        . = ALIGN (0x4)
                0x20000000                        _sdata = .
 *(.data)
 *(.data*)
 .data.g_idTimerStartIncrease
                0x20000000        0x1 ./Src/main_Asm1_IOT302.o
 .data.g_idTimerStartDecrease
                0x20000001        0x1 ./Src/main_Asm1_IOT302.o
 .data.g_idTimerDisplayLCD
                0x20000002        0x1 ./Src/main_Asm1_IOT302.o
 .data.g_idTimerSensorUpdate
                0x20000003        0x1 ./Src/main_Asm1_IOT302.o
 .data.SystemCoreClock
                0x20000004        0x4 D:\1_Studying\1_IoT\1_FUNIX\Libraries_Add\SDK_1.0.3_NUCLEO-F401RE\lib_stm\libLibraries.a(system_stm32f4xx.o)
                0x20000004                SystemCoreClock
 .data.AHBPrescTable
                0x20000008       0x10 D:\1_Studying\1_IoT\1_FUNIX\Libraries_Add\SDK_1.0.3_NUCLEO-F401RE\lib_stm\libLibraries.a(system_stm32f4xx.o)
                0x20000008                AHBPrescTable
 .data.idBuzz   0x20000018        0x1 D:\1_Studying\1_IoT\1_FUNIX\Libraries_Add\SDK_1.0.3_NUCLEO-F401RE\lib_stm\libLibraries.a(buzzer.o)
 *fill*         0x20000019        0x3 
 .data.pbeep    0x2000001c        0x8 D:\1_Studying\1_IoT\1_FUNIX\Libraries_Add\SDK_1.0.3_NUCLEO-F401RE\lib_stm\libLibraries.a(melody.o)
                0x2000001c                pbeep
 .data.blinkTimer
                0x20000024        0x1 D:\1_Studying\1_IoT\1_FUNIX\Libraries_Add\SDK_1.0.3_NUCLEO-F401RE\lib_stm\libLibraries.a(led.o)
 .data.g_byTimeWaitGetTemp
                0x20000025        0x1 D:\1_Studying\1_IoT\1_FUNIX\Libraries_Add\SDK_1.0.3_NUCLEO-F401RE\lib_stm\libLibraries.a(temhumsensor.o)
 .data.g_byTimeWaitGetHumi
                0x20000026        0x1 D:\1_Studying\1_IoT\1_FUNIX\Libraries_Add\SDK_1.0.3_NUCLEO-F401RE\lib_stm\libLibraries.a(temhumsensor.o)
 .data.idTaskScanDecodeLen
                0x20000027        0x1 D:\1_Studying\1_IoT\1_FUNIX\Libraries_Add\SDK_1.0.3_NUCLEO-F401RE\lib_stm\libLibraries.a(ucg_font.o)
 .data.APBAHBPrescTable
                0x20000028       0x10 D:\1_Studying\1_IoT\1_FUNIX\Libraries_Add\SDK_1.0.3_NUCLEO-F401RE\lib_stm\libLibraries.a(stm32f401re_rcc.o)
 .data.pinBtnPad
                0x20000038       0x30 D:\1_Studying\1_IoT\1_FUNIX\Libraries_Add\SDK_1.0.3_NUCLEO-F401RE\lib_stm\libLibraries.a(button.o)
 .data.idTaskScanButton
                0x20000068        0x1 D:\1_Studying\1_IoT\1_FUNIX\Libraries_Add\SDK_1.0.3_NUCLEO-F401RE\lib_stm\libLibraries.a(button.o)
 *fill*         0x20000069        0x3 
 .data._impure_ptr
                0x2000006c        0x4 C:/ST/STM32CubeIDE_1.13.2/STM32CubeIDE/plugins/com.st.stm32cube.ide.mcu.externaltools.gnu-tools-for-stm32.12.3.rel1.win32_1.0.100.202403111256/tools/bin/../lib/gcc/arm-none-eabi/12.3.1/../../../../arm-none-eabi/lib/thumb/v7e-m+fp/hard\libc_nano.a(libc_a-impure.o)
                0x2000006c                _impure_ptr
 .data._impure_data
                0x20000070       0x4c C:/ST/STM32CubeIDE_1.13.2/STM32CubeIDE/plugins/com.st.stm32cube.ide.mcu.externaltools.gnu-tools-for-stm32.12.3.rel1.win32_1.0.100.202403111256/tools/bin/../lib/gcc/arm-none-eabi/12.3.1/../../../../arm-none-eabi/lib/thumb/v7e-m+fp/hard\libc_nano.a(libc_a-impure.o)
                0x20000070                _impure_data
 *(.RamFunc)
 *(.RamFunc*)
                0x200000bc                        . = ALIGN (0x4)
                0x200000bc                        _edata = .

.igot.plt       0x200000bc        0x0 load address 0x0800888c
 .igot.plt      0x200000bc        0x0 C:/ST/STM32CubeIDE_1.13.2/STM32CubeIDE/plugins/com.st.stm32cube.ide.mcu.externaltools.gnu-tools-for-stm32.12.3.rel1.win32_1.0.100.202403111256/tools/bin/../lib/gcc/arm-none-eabi/12.3.1/thumb/v7e-m+fp/hard/crtbegin.o
                0x200000bc                        . = ALIGN (0x4)

.bss            0x200000bc     0x15e8 load address 0x0800888c
                0x200000bc                        _sbss = .
                0x200000bc                        __bss_start__ = _sbss
 *(.bss)
 .bss           0x200000bc       0x1c C:/ST/STM32CubeIDE_1.13.2/STM32CubeIDE/plugins/com.st.stm32cube.ide.mcu.externaltools.gnu-tools-for-stm32.12.3.rel1.win32_1.0.100.202403111256/tools/bin/../lib/gcc/arm-none-eabi/12.3.1/thumb/v7e-m+fp/hard/crtbegin.o
 *(.bss*)
 .bss.g_ucg     0x200000d8       0xb4 ./Src/main_Asm1_IOT302.o
 .bss.g_eCurrentState
                0x2000018c        0x1 ./Src/main_Asm1_IOT302.o
                0x2000018c                g_eCurrentState
 .bss.g_ledRed  0x2000018d        0x1 ./Src/main_Asm1_IOT302.o
 .bss.g_ledGreen
                0x2000018e        0x1 ./Src/main_Asm1_IOT302.o
 .bss.g_ledWhite
                0x2000018f        0x1 ./Src/main_Asm1_IOT302.o
 .bss.g_ledBlue
                0x20000190        0x1 ./Src/main_Asm1_IOT302.o
 .bss.g_ledChange
                0x20000191        0x1 ./Src/main_Asm1_IOT302.o
 .bss.g_temperature
                0x20000192        0x2 ./Src/main_Asm1_IOT302.o
 .bss.g_humidity
                0x20000194        0x2 ./Src/main_Asm1_IOT302.o
 .bss.g_light   0x20000196        0x2 ./Src/main_Asm1_IOT302.o
 .bss.g_strTemp
                0x20000198       0x1e ./Src/main_Asm1_IOT302.o
 *fill*         0x200001b6        0x2 
 .bss.g_strHumi
                0x200001b8       0x1e ./Src/main_Asm1_IOT302.o
 *fill*         0x200001d6        0x2 
 .bss.g_strLight
                0x200001d8       0x1e ./Src/main_Asm1_IOT302.o
 *fill*         0x200001f6        0x2 
 .bss.__sbrk_heap_end
                0x200001f8        0x4 ./Src/sysmem.o
 .bss.bBuzzInit
                0x200001fc        0x1 D:\1_Studying\1_IoT\1_FUNIX\Libraries_Add\SDK_1.0.3_NUCLEO-F401RE\lib_stm\libLibraries.a(buzzer.o)
 *fill*         0x200001fd        0x3 
 .bss.gpToneList
                0x20000200        0x4 D:\1_Studying\1_IoT\1_FUNIX\Libraries_Add\SDK_1.0.3_NUCLEO-F401RE\lib_stm\libLibraries.a(buzzer.o)
 .bss.ledBlink  0x20000204        0x8 D:\1_Studying\1_IoT\1_FUNIX\Libraries_Add\SDK_1.0.3_NUCLEO-F401RE\lib_stm\libLibraries.a(led.o)
 .bss.g_brightnessLed
                0x2000020c        0x1 D:\1_Studying\1_IoT\1_FUNIX\Libraries_Add\SDK_1.0.3_NUCLEO-F401RE\lib_stm\libLibraries.a(led.o)
 .bss.bToggleAll.7549
                0x2000020d        0x1 D:\1_Studying\1_IoT\1_FUNIX\Libraries_Add\SDK_1.0.3_NUCLEO-F401RE\lib_stm\libLibraries.a(led.o)
 .bss.bToggle.7548
                0x2000020e        0x1 D:\1_Studying\1_IoT\1_FUNIX\Libraries_Add\SDK_1.0.3_NUCLEO-F401RE\lib_stm\libLibraries.a(led.o)
 *fill*         0x2000020f        0x1 
 .bss.pAppStateFunc
                0x20000210        0x4 D:\1_Studying\1_IoT\1_FUNIX\Libraries_Add\SDK_1.0.3_NUCLEO-F401RE\lib_stm\libLibraries.a(eventman.o)
 .bss.pBuffEvent
                0x20000214      0x100 D:\1_Studying\1_IoT\1_FUNIX\Libraries_Add\SDK_1.0.3_NUCLEO-F401RE\lib_stm\libLibraries.a(eventman.o)
 .bss.eventQueue
                0x20000314       0x10 D:\1_Studying\1_IoT\1_FUNIX\Libraries_Add\SDK_1.0.3_NUCLEO-F401RE\lib_stm\libLibraries.a(eventman.o)
 .bss.g_pTimerHandle
                0x20000324      0x180 D:\1_Studying\1_IoT\1_FUNIX\Libraries_Add\SDK_1.0.3_NUCLEO-F401RE\lib_stm\libLibraries.a(timer.o)
 .bss.g_wMilSecTickTimer
                0x200004a4        0x4 D:\1_Studying\1_IoT\1_FUNIX\Libraries_Add\SDK_1.0.3_NUCLEO-F401RE\lib_stm\libLibraries.a(timer.o)
 .bss.uhADCConvertedValue
                0x200004a8        0x2 D:\1_Studying\1_IoT\1_FUNIX\Libraries_Add\SDK_1.0.3_NUCLEO-F401RE\lib_stm\libLibraries.a(lightsensor.o)
 *fill*         0x200004aa        0x2 
 .bss.g_pUartQueueRx
                0x200004ac        0x8 D:\1_Studying\1_IoT\1_FUNIX\Libraries_Add\SDK_1.0.3_NUCLEO-F401RE\lib_stm\libLibraries.a(serial.o)
 .bss.fontQueue
                0x200004b4       0x10 D:\1_Studying\1_IoT\1_FUNIX\Libraries_Add\SDK_1.0.3_NUCLEO-F401RE\lib_stm\libLibraries.a(ucg_font.o)
 .bss.pQueueFont
                0x200004c4     0x1000 D:\1_Studying\1_IoT\1_FUNIX\Libraries_Add\SDK_1.0.3_NUCLEO-F401RE\lib_stm\libLibraries.a(ucg_font.o)
 .bss.next.7562
                0x200014c4        0x1 D:\1_Studying\1_IoT\1_FUNIX\Libraries_Add\SDK_1.0.3_NUCLEO-F401RE\lib_stm\libLibraries.a(ucg_font.o)
 *fill*         0x200014c5        0x3 
 .bss.kpad      0x200014c8       0x78 D:\1_Studying\1_IoT\1_FUNIX\Libraries_Add\SDK_1.0.3_NUCLEO-F401RE\lib_stm\libLibraries.a(button.o)
 .bss.pEventCallbacks
                0x20001540       0x10 D:\1_Studying\1_IoT\1_FUNIX\Libraries_Add\SDK_1.0.3_NUCLEO-F401RE\lib_stm\libLibraries.a(button.o)
 .bss.__sf      0x20001550      0x138 C:/ST/STM32CubeIDE_1.13.2/STM32CubeIDE/plugins/com.st.stm32cube.ide.mcu.externaltools.gnu-tools-for-stm32.12.3.rel1.win32_1.0.100.202403111256/tools/bin/../lib/gcc/arm-none-eabi/12.3.1/../../../../arm-none-eabi/lib/thumb/v7e-m+fp/hard\libc_nano.a(libc_a-findfp.o)
                0x20001550                __sf
 .bss.errno     0x20001688        0x4 C:/ST/STM32CubeIDE_1.13.2/STM32CubeIDE/plugins/com.st.stm32cube.ide.mcu.externaltools.gnu-tools-for-stm32.12.3.rel1.win32_1.0.100.202403111256/tools/bin/../lib/gcc/arm-none-eabi/12.3.1/../../../../arm-none-eabi/lib/thumb/v7e-m+fp/hard\libc_nano.a(libc_a-reent.o)
                0x20001688                errno
 .bss.__lock___malloc_recursive_mutex
                0x2000168c        0x1 C:/ST/STM32CubeIDE_1.13.2/STM32CubeIDE/plugins/com.st.stm32cube.ide.mcu.externaltools.gnu-tools-for-stm32.12.3.rel1.win32_1.0.100.202403111256/tools/bin/../lib/gcc/arm-none-eabi/12.3.1/../../../../arm-none-eabi/lib/thumb/v7e-m+fp/hard\libc_nano.a(libc_a-lock.o)
                0x2000168c                __lock___malloc_recursive_mutex
 *fill*         0x2000168d        0x3 
 .bss.__malloc_sbrk_start
                0x20001690        0x4 C:/ST/STM32CubeIDE_1.13.2/STM32CubeIDE/plugins/com.st.stm32cube.ide.mcu.externaltools.gnu-tools-for-stm32.12.3.rel1.win32_1.0.100.202403111256/tools/bin/../lib/gcc/arm-none-eabi/12.3.1/../../../../arm-none-eabi/lib/thumb/v7e-m+fp/hard\libc_nano.a(libc_a-mallocr.o)
                0x20001690                __malloc_sbrk_start
 .bss.__malloc_free_list
                0x20001694        0x4 C:/ST/STM32CubeIDE_1.13.2/STM32CubeIDE/plugins/com.st.stm32cube.ide.mcu.externaltools.gnu-tools-for-stm32.12.3.rel1.win32_1.0.100.202403111256/tools/bin/../lib/gcc/arm-none-eabi/12.3.1/../../../../arm-none-eabi/lib/thumb/v7e-m+fp/hard\libc_nano.a(libc_a-mallocr.o)
                0x20001694                __malloc_free_list
 *(COMMON)
 COMMON         0x20001698        0xc D:\1_Studying\1_IoT\1_FUNIX\Libraries_Add\SDK_1.0.3_NUCLEO-F401RE\lib_stm\libLibraries.a(ucg_font.o)
                0x20001698                ucg_draw_str
                0x200016a4                        . = ALIGN (0x4)
                0x200016a4                        _ebss = .
                0x200016a4                        __bss_end__ = _ebss

._user_heap_stack
                0x200016a4      0x604 load address 0x0800888c
                0x200016a8                        . = ALIGN (0x8)
 *fill*         0x200016a4        0x4 
                [!provide]                        PROVIDE (end = .)
                0x200016a8                        PROVIDE (_end = .)
                0x200018a8                        . = (. + _Min_Heap_Size)
 *fill*         0x200016a8      0x200 
                0x20001ca8                        . = (. + _Min_Stack_Size)
 *fill*         0x200018a8      0x400 
                0x20001ca8                        . = ALIGN (0x8)

/DISCARD/
 libc.a(*)
 libm.a(*)
 libgcc.a(*)

.ARM.attributes
                0x00000000       0x30
 *(.ARM.attributes)
 .ARM.attributes
                0x00000000       0x22 C:/ST/STM32CubeIDE_1.13.2/STM32CubeIDE/plugins/com.st.stm32cube.ide.mcu.externaltools.gnu-tools-for-stm32.12.3.rel1.win32_1.0.100.202403111256/tools/bin/../lib/gcc/arm-none-eabi/12.3.1/thumb/v7e-m+fp/hard/crti.o
 .ARM.attributes
                0x00000022       0x34 C:/ST/STM32CubeIDE_1.13.2/STM32CubeIDE/plugins/com.st.stm32cube.ide.mcu.externaltools.gnu-tools-for-stm32.12.3.rel1.win32_1.0.100.202403111256/tools/bin/../lib/gcc/arm-none-eabi/12.3.1/thumb/v7e-m+fp/hard/crtbegin.o
 .ARM.attributes
                0x00000056       0x34 ./Src/main_Asm1_IOT302.o
 .ARM.attributes
                0x0000008a       0x34 ./Src/sysmem.o
 .ARM.attributes
                0x000000be       0x21 ./Startup/startup_stm32f401retx.o
 .ARM.attributes
                0x000000df       0x39 D:\1_Studying\1_IoT\1_FUNIX\Libraries_Add\SDK_1.0.3_NUCLEO-F401RE\lib_stm\libLibraries.a(system_stm32f4xx.o)
 .ARM.attributes
                0x00000118       0x39 D:\1_Studying\1_IoT\1_FUNIX\Libraries_Add\SDK_1.0.3_NUCLEO-F401RE\lib_stm\libLibraries.a(eventbutton.o)
 .ARM.attributes
                0x00000151       0x39 D:\1_Studying\1_IoT\1_FUNIX\Libraries_Add\SDK_1.0.3_NUCLEO-F401RE\lib_stm\libLibraries.a(buzzer.o)
 .ARM.attributes
                0x0000018a       0x39 D:\1_Studying\1_IoT\1_FUNIX\Libraries_Add\SDK_1.0.3_NUCLEO-F401RE\lib_stm\libLibraries.a(melody.o)
 .ARM.attributes
                0x000001c3       0x39 D:\1_Studying\1_IoT\1_FUNIX\Libraries_Add\SDK_1.0.3_NUCLEO-F401RE\lib_stm\libLibraries.a(led.o)
 .ARM.attributes
                0x000001fc       0x39 D:\1_Studying\1_IoT\1_FUNIX\Libraries_Add\SDK_1.0.3_NUCLEO-F401RE\lib_stm\libLibraries.a(eventman.o)
 .ARM.attributes
                0x00000235       0x39 D:\1_Studying\1_IoT\1_FUNIX\Libraries_Add\SDK_1.0.3_NUCLEO-F401RE\lib_stm\libLibraries.a(timer.o)
 .ARM.attributes
                0x0000026e       0x39 D:\1_Studying\1_IoT\1_FUNIX\Libraries_Add\SDK_1.0.3_NUCLEO-F401RE\lib_stm\libLibraries.a(lightsensor.o)
 .ARM.attributes
                0x000002a7       0x39 D:\1_Studying\1_IoT\1_FUNIX\Libraries_Add\SDK_1.0.3_NUCLEO-F401RE\lib_stm\libLibraries.a(temhumsensor.o)
 .ARM.attributes
                0x000002e0       0x39 D:\1_Studying\1_IoT\1_FUNIX\Libraries_Add\SDK_1.0.3_NUCLEO-F401RE\lib_stm\libLibraries.a(serial.o)
 .ARM.attributes
                0x00000319       0x39 D:\1_Studying\1_IoT\1_FUNIX\Libraries_Add\SDK_1.0.3_NUCLEO-F401RE\lib_stm\libLibraries.a(Ucglib.o)
 .ARM.attributes
                0x00000352       0x39 D:\1_Studying\1_IoT\1_FUNIX\Libraries_Add\SDK_1.0.3_NUCLEO-F401RE\lib_stm\libLibraries.a(ucg_box.o)
 .ARM.attributes
                0x0000038b       0x39 D:\1_Studying\1_IoT\1_FUNIX\Libraries_Add\SDK_1.0.3_NUCLEO-F401RE\lib_stm\libLibraries.a(ucg_ccs.o)
 .ARM.attributes
                0x000003c4       0x39 D:\1_Studying\1_IoT\1_FUNIX\Libraries_Add\SDK_1.0.3_NUCLEO-F401RE\lib_stm\libLibraries.a(ucg_dev_default_cb.o)
 .ARM.attributes
                0x000003fd       0x39 D:\1_Studying\1_IoT\1_FUNIX\Libraries_Add\SDK_1.0.3_NUCLEO-F401RE\lib_stm\libLibraries.a(ucg_dev_ic_st7735.o)
 .ARM.attributes
                0x00000436       0x39 D:\1_Studying\1_IoT\1_FUNIX\Libraries_Add\SDK_1.0.3_NUCLEO-F401RE\lib_stm\libLibraries.a(ucg_dev_msg_api.o)
 .ARM.attributes
                0x0000046f       0x39 D:\1_Studying\1_IoT\1_FUNIX\Libraries_Add\SDK_1.0.3_NUCLEO-F401RE\lib_stm\libLibraries.a(ucg_dev_tft_128x128_st7735.o)
 .ARM.attributes
                0x000004a8       0x39 D:\1_Studying\1_IoT\1_FUNIX\Libraries_Add\SDK_1.0.3_NUCLEO-F401RE\lib_stm\libLibraries.a(ucg_font.o)
 .ARM.attributes
                0x000004e1       0x39 D:\1_Studying\1_IoT\1_FUNIX\Libraries_Add\SDK_1.0.3_NUCLEO-F401RE\lib_stm\libLibraries.a(ucg_init.o)
 .ARM.attributes
                0x0000051a       0x39 D:\1_Studying\1_IoT\1_FUNIX\Libraries_Add\SDK_1.0.3_NUCLEO-F401RE\lib_stm\libLibraries.a(ucg_line.o)
 .ARM.attributes
                0x00000553       0x39 D:\1_Studying\1_IoT\1_FUNIX\Libraries_Add\SDK_1.0.3_NUCLEO-F401RE\lib_stm\libLibraries.a(ucg_pixel.o)
 .ARM.attributes
                0x0000058c       0x39 D:\1_Studying\1_IoT\1_FUNIX\Libraries_Add\SDK_1.0.3_NUCLEO-F401RE\lib_stm\libLibraries.a(ucg_pixel_font_data.o)
 .ARM.attributes
                0x000005c5       0x39 D:\1_Studying\1_IoT\1_FUNIX\Libraries_Add\SDK_1.0.3_NUCLEO-F401RE\lib_stm\libLibraries.a(ucg_rotate.o)
 .ARM.attributes
                0x000005fe       0x39 D:\1_Studying\1_IoT\1_FUNIX\Libraries_Add\SDK_1.0.3_NUCLEO-F401RE\lib_stm\libLibraries.a(buff.o)
 .ARM.attributes
                0x00000637       0x39 D:\1_Studying\1_IoT\1_FUNIX\Libraries_Add\SDK_1.0.3_NUCLEO-F401RE\lib_stm\libLibraries.a(utilities.o)
 .ARM.attributes
                0x00000670       0x39 D:\1_Studying\1_IoT\1_FUNIX\Libraries_Add\SDK_1.0.3_NUCLEO-F401RE\lib_stm\libLibraries.a(stm32f401re_adc.o)
 .ARM.attributes
                0x000006a9       0x39 D:\1_Studying\1_IoT\1_FUNIX\Libraries_Add\SDK_1.0.3_NUCLEO-F401RE\lib_stm\libLibraries.a(stm32f401re_dma.o)
 .ARM.attributes
                0x000006e2       0x39 D:\1_Studying\1_IoT\1_FUNIX\Libraries_Add\SDK_1.0.3_NUCLEO-F401RE\lib_stm\libLibraries.a(stm32f401re_gpio.o)
 .ARM.attributes
                0x0000071b       0x39 D:\1_Studying\1_IoT\1_FUNIX\Libraries_Add\SDK_1.0.3_NUCLEO-F401RE\lib_stm\libLibraries.a(stm32f401re_i2c.o)
 .ARM.attributes
                0x00000754       0x39 D:\1_Studying\1_IoT\1_FUNIX\Libraries_Add\SDK_1.0.3_NUCLEO-F401RE\lib_stm\libLibraries.a(stm32f401re_rcc.o)
 .ARM.attributes
                0x0000078d       0x39 D:\1_Studying\1_IoT\1_FUNIX\Libraries_Add\SDK_1.0.3_NUCLEO-F401RE\lib_stm\libLibraries.a(stm32f401re_tim.o)
 .ARM.attributes
                0x000007c6       0x39 D:\1_Studying\1_IoT\1_FUNIX\Libraries_Add\SDK_1.0.3_NUCLEO-F401RE\lib_stm\libLibraries.a(stm32f401re_usart.o)
 .ARM.attributes
                0x000007ff       0x39 D:\1_Studying\1_IoT\1_FUNIX\Libraries_Add\SDK_1.0.3_NUCLEO-F401RE\lib_stm\libLibraries.a(button.o)
 .ARM.attributes
                0x00000838       0x39 D:\1_Studying\1_IoT\1_FUNIX\Libraries_Add\SDK_1.0.3_NUCLEO-F401RE\lib_stm\libLibraries.a(ucg_clip.o)
 .ARM.attributes
                0x00000871       0x39 D:\1_Studying\1_IoT\1_FUNIX\Libraries_Add\SDK_1.0.3_NUCLEO-F401RE\lib_stm\libLibraries.a(ucg_com_msg_api.o)
 .ARM.attributes
                0x000008aa       0x34 C:/ST/STM32CubeIDE_1.13.2/STM32CubeIDE/plugins/com.st.stm32cube.ide.mcu.externaltools.gnu-tools-for-stm32.12.3.rel1.win32_1.0.100.202403111256/tools/bin/../lib/gcc/arm-none-eabi/12.3.1/../../../../arm-none-eabi/lib/thumb/v7e-m+fp/hard\libc_nano.a(libc_a-findfp.o)
 .ARM.attributes
                0x000008de       0x34 C:/ST/STM32CubeIDE_1.13.2/STM32CubeIDE/plugins/com.st.stm32cube.ide.mcu.externaltools.gnu-tools-for-stm32.12.3.rel1.win32_1.0.100.202403111256/tools/bin/../lib/gcc/arm-none-eabi/12.3.1/../../../../arm-none-eabi/lib/thumb/v7e-m+fp/hard\libc_nano.a(libc_a-sprintf.o)
 .ARM.attributes
                0x00000912       0x34 C:/ST/STM32CubeIDE_1.13.2/STM32CubeIDE/plugins/com.st.stm32cube.ide.mcu.externaltools.gnu-tools-for-stm32.12.3.rel1.win32_1.0.100.202403111256/tools/bin/../lib/gcc/arm-none-eabi/12.3.1/../../../../arm-none-eabi/lib/thumb/v7e-m+fp/hard\libc_nano.a(libc_a-memset.o)
 .ARM.attributes
                0x00000946       0x34 C:/ST/STM32CubeIDE_1.13.2/STM32CubeIDE/plugins/com.st.stm32cube.ide.mcu.externaltools.gnu-tools-for-stm32.12.3.rel1.win32_1.0.100.202403111256/tools/bin/../lib/gcc/arm-none-eabi/12.3.1/../../../../arm-none-eabi/lib/thumb/v7e-m+fp/hard\libc_nano.a(libc_a-reent.o)
 .ARM.attributes
                0x0000097a       0x34 C:/ST/STM32CubeIDE_1.13.2/STM32CubeIDE/plugins/com.st.stm32cube.ide.mcu.externaltools.gnu-tools-for-stm32.12.3.rel1.win32_1.0.100.202403111256/tools/bin/../lib/gcc/arm-none-eabi/12.3.1/../../../../arm-none-eabi/lib/thumb/v7e-m+fp/hard\libc_nano.a(libc_a-impure.o)
 .ARM.attributes
                0x000009ae       0x34 C:/ST/STM32CubeIDE_1.13.2/STM32CubeIDE/plugins/com.st.stm32cube.ide.mcu.externaltools.gnu-tools-for-stm32.12.3.rel1.win32_1.0.100.202403111256/tools/bin/../lib/gcc/arm-none-eabi/12.3.1/../../../../arm-none-eabi/lib/thumb/v7e-m+fp/hard\libc_nano.a(libc_a-errno.o)
 .ARM.attributes
                0x000009e2       0x34 C:/ST/STM32CubeIDE_1.13.2/STM32CubeIDE/plugins/com.st.stm32cube.ide.mcu.externaltools.gnu-tools-for-stm32.12.3.rel1.win32_1.0.100.202403111256/tools/bin/../lib/gcc/arm-none-eabi/12.3.1/../../../../arm-none-eabi/lib/thumb/v7e-m+fp/hard\libc_nano.a(libc_a-init.o)
 .ARM.attributes
                0x00000a16       0x34 C:/ST/STM32CubeIDE_1.13.2/STM32CubeIDE/plugins/com.st.stm32cube.ide.mcu.externaltools.gnu-tools-for-stm32.12.3.rel1.win32_1.0.100.202403111256/tools/bin/../lib/gcc/arm-none-eabi/12.3.1/../../../../arm-none-eabi/lib/thumb/v7e-m+fp/hard\libc_nano.a(libc_a-lock.o)
 .ARM.attributes
                0x00000a4a       0x34 C:/ST/STM32CubeIDE_1.13.2/STM32CubeIDE/plugins/com.st.stm32cube.ide.mcu.externaltools.gnu-tools-for-stm32.12.3.rel1.win32_1.0.100.202403111256/tools/bin/../lib/gcc/arm-none-eabi/12.3.1/../../../../arm-none-eabi/lib/thumb/v7e-m+fp/hard\libc_nano.a(libc_a-freer.o)
 .ARM.attributes
                0x00000a7e       0x34 C:/ST/STM32CubeIDE_1.13.2/STM32CubeIDE/plugins/com.st.stm32cube.ide.mcu.externaltools.gnu-tools-for-stm32.12.3.rel1.win32_1.0.100.202403111256/tools/bin/../lib/gcc/arm-none-eabi/12.3.1/../../../../arm-none-eabi/lib/thumb/v7e-m+fp/hard\libc_nano.a(libc_a-mallocr.o)
 .ARM.attributes
                0x00000ab2       0x34 C:/ST/STM32CubeIDE_1.13.2/STM32CubeIDE/plugins/com.st.stm32cube.ide.mcu.externaltools.gnu-tools-for-stm32.12.3.rel1.win32_1.0.100.202403111256/tools/bin/../lib/gcc/arm-none-eabi/12.3.1/../../../../arm-none-eabi/lib/thumb/v7e-m+fp/hard\libc_nano.a(libc_a-mlock.o)
 .ARM.attributes
                0x00000ae6       0x34 C:/ST/STM32CubeIDE_1.13.2/STM32CubeIDE/plugins/com.st.stm32cube.ide.mcu.externaltools.gnu-tools-for-stm32.12.3.rel1.win32_1.0.100.202403111256/tools/bin/../lib/gcc/arm-none-eabi/12.3.1/../../../../arm-none-eabi/lib/thumb/v7e-m+fp/hard\libc_nano.a(libc_a-nano-svfprintf.o)
 .ARM.attributes
                0x00000b1a       0x34 C:/ST/STM32CubeIDE_1.13.2/STM32CubeIDE/plugins/com.st.stm32cube.ide.mcu.externaltools.gnu-tools-for-stm32.12.3.rel1.win32_1.0.100.202403111256/tools/bin/../lib/gcc/arm-none-eabi/12.3.1/../../../../arm-none-eabi/lib/thumb/v7e-m+fp/hard\libc_nano.a(libc_a-nano-vfprintf_i.o)
 .ARM.attributes
                0x00000b4e       0x34 C:/ST/STM32CubeIDE_1.13.2/STM32CubeIDE/plugins/com.st.stm32cube.ide.mcu.externaltools.gnu-tools-for-stm32.12.3.rel1.win32_1.0.100.202403111256/tools/bin/../lib/gcc/arm-none-eabi/12.3.1/../../../../arm-none-eabi/lib/thumb/v7e-m+fp/hard\libc_nano.a(libc_a-memmove.o)
 .ARM.attributes
                0x00000b82       0x34 C:/ST/STM32CubeIDE_1.13.2/STM32CubeIDE/plugins/com.st.stm32cube.ide.mcu.externaltools.gnu-tools-for-stm32.12.3.rel1.win32_1.0.100.202403111256/tools/bin/../lib/gcc/arm-none-eabi/12.3.1/../../../../arm-none-eabi/lib/thumb/v7e-m+fp/hard\libc_nano.a(libc_a-sbrkr.o)
 .ARM.attributes
                0x00000bb6       0x1c C:/ST/STM32CubeIDE_1.13.2/STM32CubeIDE/plugins/com.st.stm32cube.ide.mcu.externaltools.gnu-tools-for-stm32.12.3.rel1.win32_1.0.100.202403111256/tools/bin/../lib/gcc/arm-none-eabi/12.3.1/../../../../arm-none-eabi/lib/thumb/v7e-m+fp/hard\libc_nano.a(libc_a-memchr.o)
 .ARM.attributes
                0x00000bd2       0x34 C:/ST/STM32CubeIDE_1.13.2/STM32CubeIDE/plugins/com.st.stm32cube.ide.mcu.externaltools.gnu-tools-for-stm32.12.3.rel1.win32_1.0.100.202403111256/tools/bin/../lib/gcc/arm-none-eabi/12.3.1/../../../../arm-none-eabi/lib/thumb/v7e-m+fp/hard\libc_nano.a(libc_a-memcpy-stub.o)
 .ARM.attributes
                0x00000c06       0x34 C:/ST/STM32CubeIDE_1.13.2/STM32CubeIDE/plugins/com.st.stm32cube.ide.mcu.externaltools.gnu-tools-for-stm32.12.3.rel1.win32_1.0.100.202403111256/tools/bin/../lib/gcc/arm-none-eabi/12.3.1/../../../../arm-none-eabi/lib/thumb/v7e-m+fp/hard\libc_nano.a(libc_a-reallocr.o)
 .ARM.attributes
                0x00000c3a       0x34 C:/ST/STM32CubeIDE_1.13.2/STM32CubeIDE/plugins/com.st.stm32cube.ide.mcu.externaltools.gnu-tools-for-stm32.12.3.rel1.win32_1.0.100.202403111256/tools/bin/../lib/gcc/arm-none-eabi/12.3.1/../../../../arm-none-eabi/lib/thumb/v7e-m+fp/hard\libc_nano.a(libc_a-msizer.o)
 .ARM.attributes
                0x00000c6e       0x22 C:/ST/STM32CubeIDE_1.13.2/STM32CubeIDE/plugins/com.st.stm32cube.ide.mcu.externaltools.gnu-tools-for-stm32.12.3.rel1.win32_1.0.100.202403111256/tools/bin/../lib/gcc/arm-none-eabi/12.3.1/thumb/v7e-m+fp/hard/crtn.o
OUTPUT(TouchSwitch_MCU_V1.0.0.elf elf32-littlearm)
LOAD linker stubs
LOAD C:/ST/STM32CubeIDE_1.13.2/STM32CubeIDE/plugins/com.st.stm32cube.ide.mcu.externaltools.gnu-tools-for-stm32.12.3.rel1.win32_1.0.100.202403111256/tools/bin/../lib/gcc/arm-none-eabi/12.3.1/../../../../arm-none-eabi/lib/thumb/v7e-m+fp/hard\libc.a
LOAD C:/ST/STM32CubeIDE_1.13.2/STM32CubeIDE/plugins/com.st.stm32cube.ide.mcu.externaltools.gnu-tools-for-stm32.12.3.rel1.win32_1.0.100.202403111256/tools/bin/../lib/gcc/arm-none-eabi/12.3.1/../../../../arm-none-eabi/lib/thumb/v7e-m+fp/hard\libm.a
LOAD C:/ST/STM32CubeIDE_1.13.2/STM32CubeIDE/plugins/com.st.stm32cube.ide.mcu.externaltools.gnu-tools-for-stm32.12.3.rel1.win32_1.0.100.202403111256/tools/bin/../lib/gcc/arm-none-eabi/12.3.1/thumb/v7e-m+fp/hard\libgcc.a

.debug_info     0x00000000    0x3cc9a
 .debug_info    0x00000000      0xf3a ./Src/main_Asm1_IOT302.o
 .debug_info    0x00000f3a      0x168 ./Src/sysmem.o
 .debug_info    0x000010a2       0x30 ./Startup/startup_stm32f401retx.o
 .debug_info    0x000010d2      0x5bb D:\1_Studying\1_IoT\1_FUNIX\Libraries_Add\SDK_1.0.3_NUCLEO-F401RE\lib_stm\libLibraries.a(system_stm32f4xx.o)
 .debug_info    0x0000168d      0x425 D:\1_Studying\1_IoT\1_FUNIX\Libraries_Add\SDK_1.0.3_NUCLEO-F401RE\lib_stm\libLibraries.a(eventbutton.o)
 .debug_info    0x00001ab2      0x7f2 D:\1_Studying\1_IoT\1_FUNIX\Libraries_Add\SDK_1.0.3_NUCLEO-F401RE\lib_stm\libLibraries.a(buzzer.o)
 .debug_info    0x000022a4      0x161 D:\1_Studying\1_IoT\1_FUNIX\Libraries_Add\SDK_1.0.3_NUCLEO-F401RE\lib_stm\libLibraries.a(melody.o)
 .debug_info    0x00002405      0x9b4 D:\1_Studying\1_IoT\1_FUNIX\Libraries_Add\SDK_1.0.3_NUCLEO-F401RE\lib_stm\libLibraries.a(led.o)