../Src/main_Asm3_IOT303.c:210:5:main	8	static
../Src/main_Asm3_IOT303.c:241:6:AppInitManager	16	static
../Src/main_Asm3_IOT303.c:278:6:AppStateManager	16	static
../Src/main_Asm3_IOT303.c:315:6:SetStateApp	16	static
../Src/main_Asm3_IOT303.c:331:13:GetStateApp	4	static
../Src/main_Asm3_IOT303.c:347:6:SerialCustom_Init	8	static
../Src/main_Asm3_IOT303.c:364:6:USART2_Init	40	static
../Src/main_Asm3_IOT303.c:431:6:USART2Modify_IRQHandler	8	static
../Src/main_Asm3_IOT303.c:454:6:LoadConfiguration	64	static
../Src/main_Asm3_IOT303.c:478:6:DeviceStateMachine	24	static
../Src/main_Asm3_IOT303.c:675:9:Clamp	16	static
../Src/main_Asm3_IOT303.c:693:6:Increase_LedLevel	8	static
../Src/main_Asm3_IOT303.c:710:6:Decrease_LedLevel	8	static
../Src/main_Asm3_IOT303.c:727:6:MultiSensorScan	16	static
../Src/main_Asm3_IOT303.c:758:6:Task_MultiSensorScan	16	static
../Src/main_Asm3_IOT303.c:800:6:Serial_SendPacketCustom	56	dynamic
../Src/main_Asm3_IOT303.c:849:6:processSerialReceiverCustom	32	static
../Src/main_Asm3_IOT303.c:905:9:PollRxBuff	16	static
../Src/main_Asm3_IOT303.c:1001:6:ButtonCmdSetState	24	static
../Src/main_Asm3_IOT303.c:1167:6:LedCmdSetState	24	static
../Src/main_Asm3_IOT303.c:1226:6:BuzzerCmdSetState	16	static
../Src/main_Asm3_IOT303.c:1246:6:LcdCmdSetState	32	static
