../Src/main_Asm2_IOT303.c:102:5:main	8	static
../Src/main_Asm2_IOT303.c:127:13:AppInitManager	8	static
../Src/main_Asm2_IOT303.c:156:13:LCD_Setup	16	static
../Src/main_Asm2_IOT303.c:188:13:Sensor_Init	32	static
../Src/main_Asm2_IOT303.c:239:13:I2C_Start	8	static
../Src/main_Asm2_IOT303.c:263:13:I2C_Address_Direction	16	static
../Src/main_Asm2_IOT303.c:292:13:I2C_TransmitData	16	static
../Src/main_Asm2_IOT303.c:313:16:I2C_Receive_ACK	16	static
../Src/main_Asm2_IOT303.c:339:16:I2C_Receive_NACK	16	static
../Src/main_Asm2_IOT303.c:365:13:I2C_Stop	8	static
../Src/main_Asm2_IOT303.c:386:13:TemHumSensor_readRegister	32	static
../Src/main_Asm2_IOT303.c:433:15:TemHumSensor_getTemp	32	static
../Src/main_Asm2_IOT303.c:461:15:TemHumSensor_getHumi	32	static
../Src/main_Asm2_IOT303.c:490:13:Update_ValueSensor	8	static
../Src/main_Asm2_IOT303.c:529:13:Update_LCD	24	static
../Src/main_Asm2_IOT303.c:588:13:printDataToLCD	16	static
../Src/main_Asm2_IOT303.c:614:13:delay_ms	24	static
