Archive member included to satisfy reference by file (symbol)

D:\1_Studying\1_IoT\1_FUNIX\Libraries_Add\SDK_1.0.3_NUCLEO-F401RE\lib_stm\libLibraries.a(system_stm32f4xx.o)
                              ./Src/main-displaycontrol.o (SystemCoreClockUpdate)
D:\1_Studying\1_IoT\1_FUNIX\Libraries_Add\SDK_1.0.3_NUCLEO-F401RE\lib_stm\libLibraries.a(misc.o)
                              ./Src/usart.o (NVIC_PriorityGroupConfig)
D:\1_Studying\1_IoT\1_FUNIX\Libraries_Add\SDK_1.0.3_NUCLEO-F401RE\lib_stm\libLibraries.a(stm32f401re_gpio.o)
                              ./Src/usart.o (GPIO_Init)
D:\1_Studying\1_IoT\1_FUNIX\Libraries_Add\SDK_1.0.3_NUCLEO-F401RE\lib_stm\libLibraries.a(stm32f401re_rcc.o)
                              ./Src/usart.o (RCC_AHB1PeriphClockCmd)
D:\1_Studying\1_IoT\1_FUNIX\Libraries_Add\SDK_1.0.3_NUCLEO-F401RE\lib_stm\libLibraries.a(stm32f401re_usart.o)
                              ./Src/usart.o (USART_Init)
D:\1_Studying\1_IoT\1_FUNIX\Libraries_Add\SDK_1.0.3_NUCLEO-F401RE\lib_stm\libLibraries.a(button.o)
                              ./Src/main-displaycontrol.o (Button_Init)
D:\1_Studying\1_IoT\1_FUNIX\Libraries_Add\SDK_1.0.3_NUCLEO-F401RE\lib_stm\libLibraries.a(eventbutton.o)
                              ./Src/main-displaycontrol.o (EventButton_Init)
D:\1_Studying\1_IoT\1_FUNIX\Libraries_Add\SDK_1.0.3_NUCLEO-F401RE\lib_stm\libLibraries.a(eventman.o)
                              ./Src/main-displaycontrol.o (EventSchedulerInit)
D:\1_Studying\1_IoT\1_FUNIX\Libraries_Add\SDK_1.0.3_NUCLEO-F401RE\lib_stm\libLibraries.a(timer.o)
                              ./Src/main-displaycontrol.o (TimerInit)
D:\1_Studying\1_IoT\1_FUNIX\Libraries_Add\SDK_1.0.3_NUCLEO-F401RE\lib_stm\libLibraries.a(serial.o)
                              D:\1_Studying\1_IoT\1_FUNIX\Libraries_Add\SDK_1.0.3_NUCLEO-F401RE\lib_stm\libLibraries.a(eventbutton.o) (Serial_SendPacket)
D:\1_Studying\1_IoT\1_FUNIX\Libraries_Add\SDK_1.0.3_NUCLEO-F401RE\lib_stm\libLibraries.a(Ucglib.o)
                              ./Src/lcd.o (Ucglib4WireSWSPI_begin)
D:\1_Studying\1_IoT\1_FUNIX\Libraries_Add\SDK_1.0.3_NUCLEO-F401RE\lib_stm\libLibraries.a(ucg_box.o)
                              ./Src/lcd.o (ucg_ClearScreen)
D:\1_Studying\1_IoT\1_FUNIX\Libraries_Add\SDK_1.0.3_NUCLEO-F401RE\lib_stm\libLibraries.a(ucg_ccs.o)
                              D:\1_Studying\1_IoT\1_FUNIX\Libraries_Add\SDK_1.0.3_NUCLEO-F401RE\lib_stm\libLibraries.a(ucg_box.o) (ucg_ccs_init)
D:\1_Studying\1_IoT\1_FUNIX\Libraries_Add\SDK_1.0.3_NUCLEO-F401RE\lib_stm\libLibraries.a(ucg_circle.o)
                              D:\1_Studying\1_IoT\1_FUNIX\Libraries_Add\SDK_1.0.3_NUCLEO-F401RE\lib_stm\libLibraries.a(ucg_box.o) (ucg_DrawCircle)
D:\1_Studying\1_IoT\1_FUNIX\Libraries_Add\SDK_1.0.3_NUCLEO-F401RE\lib_stm\libLibraries.a(ucg_dev_default_cb.o)
                              D:\1_Studying\1_IoT\1_FUNIX\Libraries_Add\SDK_1.0.3_NUCLEO-F401RE\lib_stm\libLibraries.a(Ucglib.o) (ucg_dev_default_cb)
D:\1_Studying\1_IoT\1_FUNIX\Libraries_Add\SDK_1.0.3_NUCLEO-F401RE\lib_stm\libLibraries.a(ucg_dev_ic_st7735.o)
                              D:\1_Studying\1_IoT\1_FUNIX\Libraries_Add\SDK_1.0.3_NUCLEO-F401RE\lib_stm\libLibraries.a(Ucglib.o) (ucg_ext_st7735_18)
D:\1_Studying\1_IoT\1_FUNIX\Libraries_Add\SDK_1.0.3_NUCLEO-F401RE\lib_stm\libLibraries.a(ucg_dev_msg_api.o)
                              D:\1_Studying\1_IoT\1_FUNIX\Libraries_Add\SDK_1.0.3_NUCLEO-F401RE\lib_stm\libLibraries.a(ucg_box.o) (ucg_SetMaxClipRange)
D:\1_Studying\1_IoT\1_FUNIX\Libraries_Add\SDK_1.0.3_NUCLEO-F401RE\lib_stm\libLibraries.a(ucg_dev_tft_128x128_st7735.o)
                              D:\1_Studying\1_IoT\1_FUNIX\Libraries_Add\SDK_1.0.3_NUCLEO-F401RE\lib_stm\libLibraries.a(Ucglib.o) (ucg_dev_st7735_18x128x128)
D:\1_Studying\1_IoT\1_FUNIX\Libraries_Add\SDK_1.0.3_NUCLEO-F401RE\lib_stm\libLibraries.a(ucg_font.o)
                              D:\1_Studying\1_IoT\1_FUNIX\Libraries_Add\SDK_1.0.3_NUCLEO-F401RE\lib_stm\libLibraries.a(Ucglib.o) (ucg_SetFontMode)
D:\1_Studying\1_IoT\1_FUNIX\Libraries_Add\SDK_1.0.3_NUCLEO-F401RE\lib_stm\libLibraries.a(ucg_init.o)
                              D:\1_Studying\1_IoT\1_FUNIX\Libraries_Add\SDK_1.0.3_NUCLEO-F401RE\lib_stm\libLibraries.a(Ucglib.o) (ucg_Init)
D:\1_Studying\1_IoT\1_FUNIX\Libraries_Add\SDK_1.0.3_NUCLEO-F401RE\lib_stm\libLibraries.a(ucg_line.o)
                              D:\1_Studying\1_IoT\1_FUNIX\Libraries_Add\SDK_1.0.3_NUCLEO-F401RE\lib_stm\libLibraries.a(ucg_font.o) (ucg_Draw90Line)
D:\1_Studying\1_IoT\1_FUNIX\Libraries_Add\SDK_1.0.3_NUCLEO-F401RE\lib_stm\libLibraries.a(ucg_pixel.o)
                              ./Src/lcd.o (ucg_SetColor)
D:\1_Studying\1_IoT\1_FUNIX\Libraries_Add\SDK_1.0.3_NUCLEO-F401RE\lib_stm\libLibraries.a(ucg_pixel_font_data.o)
                              ./Src/lcd.o (ucg_font_ncenR10_hf)
D:\1_Studying\1_IoT\1_FUNIX\Libraries_Add\SDK_1.0.3_NUCLEO-F401RE\lib_stm\libLibraries.a(ucg_rotate.o)
                              ./Src/lcd.o (ucg_SetRotate180)
[...]
Memory Configuration

Name             Origin             Length             Attributes
RAM              0x20000000         0x00018000         xrw
FLASH            0x08000000         0x00080000         xr
*default*        0x00000000         0xffffffff

Linker script and memory map

LOAD C:/ST/STM32CubeIDE_1.13.2/STM32CubeIDE/plugins/com.st.stm32cube.ide.mcu.externaltools.gnu-tools-for-stm32.12.3.rel1.win32_1.0.100.202403111256/tools/bin/../lib/gcc/arm-none-eabi/12.3.1/thumb/v7e-m+fp/hard/crti.o
LOAD C:/ST/STM32CubeIDE_1.13.2/STM32CubeIDE/plugins/com.st.stm32cube.ide.mcu.externaltools.gnu-tools-for-stm32.12.3.rel1.win32_1.0.100.202403111256/tools/bin/../lib/gcc/arm-none-eabi/12.3.1/thumb/v7e-m+fp/hard/crtbegin.o
LOAD C:/ST/STM32CubeIDE_1.13.2/STM32CubeIDE/plugins/com.st.stm32cube.ide.mcu.externaltools.gnu-tools-for-stm32.12.3.rel1.win32_1.0.100.202403111256/tools/bin/../lib/gcc/arm-none-eabi/12.3.1/../../../../arm-none-eabi/lib/thumb/v7e-m+fp/hard/crt0.o
LOAD ./Src/lcd.o
LOAD ./Src/main-displaycontrol.o
LOAD ./Src/syscalls.o
LOAD ./Src/sysmem.o
LOAD ./Src/usart.o
LOAD ./Startup/startup_stm32f401retx.o
LOAD D:\1_Studying\1_IoT\1_FUNIX\Libraries_Add\SDK_1.0.3_NUCLEO-F401RE\lib_stm\libLibraries.a
START GROUP
LOAD C:/ST/STM32CubeIDE_1.13.2/STM32CubeIDE/plugins/com.st.stm32cube.ide.mcu.externaltools.gnu-tools-for-stm32.12.3.rel1.win32_1.0.100.202403111256/tools/bin/../lib/gcc/arm-none-eabi/12.3.1/../../../../arm-none-eabi/lib/thumb/v7e-m+fp/hard\libc_nano.a
LOAD C:/ST/STM32CubeIDE_1.13.2/STM32CubeIDE/plugins/com.st.stm32cube.ide.mcu.externaltools.gnu-tools-for-stm32.12.3.rel1.win32_1.0.100.202403111256/tools/bin/../lib/gcc/arm-none-eabi/12.3.1/../../../../arm-none-eabi/lib/thumb/v7e-m+fp/hard\libm.a
END GROUP
START GROUP
LOAD C:/ST/STM32CubeIDE_1.13.2/STM32CubeIDE/plugins/com.st.stm32cube.ide.mcu.externaltools.gnu-tools-for-stm32.12.3.rel1.win32_1.0.100.202403111256/tools/bin/../lib/gcc/arm-none-eabi/12.3.1/thumb/v7e-m+fp/hard\libgcc.a
LOAD C:/ST/STM32CubeIDE_1.13.2/STM32CubeIDE/plugins/com.st.stm32cube.ide.mcu.externaltools.gnu-tools-for-stm32.12.3.rel1.win32_1.0.100.202403111256/tools/bin/../lib/gcc/arm-none-eabi/12.3.1/../../../../arm-none-eabi/lib/thumb/v7e-m+fp/hard\libc_nano.a
END GROUP
START GROUP
LOAD C:/ST/STM32CubeIDE_1.13.2/STM32CubeIDE/plugins/com.st.stm32cube.ide.mcu.externaltools.gnu-tools-for-stm32.12.3.rel1.win32_1.0.100.202403111256/tools/bin/../lib/gcc/arm-none-eabi/12.3.1/thumb/v7e-m+fp/hard\libgcc.a
LOAD C:/ST/STM32CubeIDE_1.13.2/STM32CubeIDE/plugins/com.st.stm32cube.ide.mcu.externaltools.gnu-tools-for-stm32.12.3.rel1.win32_1.0.100.202403111256/tools/bin/../lib/gcc/arm-none-eabi/12.3.1/../../../../arm-none-eabi/lib/thumb/v7e-m+fp/hard\libc_nano.a
LOAD C:/ST/STM32CubeIDE_1.13.2/STM32CubeIDE/plugins/com.st.stm32cube.ide.mcu.externaltools.gnu-tools-for-stm32.12.3.rel1.win32_1.0.100.202403111256/tools/bin/../lib/gcc/arm-none-eabi/12.3.1/../../../../arm-none-eabi/lib/thumb/v7e-m+fp/hard\libnosys.a
END GROUP
START GROUP
LOAD C:/ST/STM32CubeIDE_1.13.2/STM32CubeIDE/plugins/com.st.stm32cube.ide.mcu.externaltools.gnu-tools-for-stm32.12.3.rel1.win32_1.0.100.202403111256/tools/bin/../lib/gcc/arm-none-eabi/12.3.1/thumb/v7e-m+fp/hard\libgcc.a
LOAD C:/ST/STM32CubeIDE_1.13.2/STM32CubeIDE/plugins/com.st.stm32cube.ide.mcu.externaltools.gnu-tools-for-stm32.12.3.rel1.win32_1.0.100.202403111256/tools/bin/../lib/gcc/arm-none-eabi/12.3.1/../../../../arm-none-eabi/lib/thumb/v7e-m+fp/hard\libc_nano.a
LOAD C:/ST/STM32CubeIDE_1.13.2/STM32CubeIDE/plugins/com.st.stm32cube.ide.mcu.externaltools.gnu-tools-for-stm32.12.3.rel1.win32_1.0.100.202403111256/tools/bin/../lib/gcc/arm-none-eabi/12.3.1/../../../../arm-none-eabi/lib/thumb/v7e-m+fp/hard\libnosys.a
END GROUP
LOAD C:/ST/STM32CubeIDE_1.13.2/STM32CubeIDE/plugins/com.st.stm32cube.ide.mcu.externaltools.gnu-tools-for-stm32.12.3.rel1.win32_1.0.100.202403111256/tools/bin/../lib/gcc/arm-none-eabi/12.3.1/thumb/v7e-m+fp/hard/crtend.o
LOAD C:/ST/STM32CubeIDE_1.13.2/STM32CubeIDE/plugins/com.st.stm32cube.ide.mcu.externaltools.gnu-tools-for-stm32.12.3.rel1.win32_1.0.100.202403111256/tools/bin/../lib/gcc/arm-none-eabi/12.3.1/thumb/v7e-m+fp/hard/crtn.o
                0x20018000                        _estack = (ORIGIN (RAM) + LENGTH (RAM))
                0x00000200                        _Min_Heap_Size = 0x200
                0x00000400                        _Min_Stack_Size = 0x400

.isr_vector     0x08000000      0x194
                0x08000000                        . = ALIGN (0x4)
 *(.isr_vector)
 .isr_vector    0x08000000      0x194 ./Startup/startup_stm32f401retx.o
                0x08000000                g_pfnVectors
                0x08000194                        . = ALIGN (0x4)

.text           0x080001a0     0x6978
                0x080001a0                        . = ALIGN (0x4)
 *(.text)
 .text          0x080001a0       0x40 C:/ST/STM32CubeIDE_1.13.2/STM32CubeIDE/plugins/com.st.stm32cube.ide.mcu.externaltools.gnu-tools-for-stm32.12.3.rel1.win32_1.0.100.202403111256/tools/bin/../lib/gcc/arm-none-eabi/12.3.1/thumb/v7e-m+fp/hard/crtbegin.o
 .text          0x080001e0       0xa0 C:/ST/STM32CubeIDE_1.13.2/STM32CubeIDE/plugins/com.st.stm32cube.ide.mcu.externaltools.gnu-tools-for-stm32.12.3.rel1.win32_1.0.100.202403111256/tools/bin/../lib/gcc/arm-none-eabi/12.3.1/../../../../arm-none-eabi/lib/thumb/v7e-m+fp/hard\libc_nano.a(libc_a-memchr.o)
                0x080001e0                memchr
 *(.text*)
 .text.LCD_Init
                0x08000280       0x50 ./Src/lcd.o
                0x08000280                LCD_Init
 .text.LCD_ClearScreen
                0x080002d0       0x20 ./Src/lcd.o
                0x080002d0                LCD_ClearScreen
 .text.LCD_ClearBuffer
                0x080002f0       0x78 ./Src/lcd.o
                0x080002f0                LCD_ClearBuffer
 .text.LCD_DisplayNetworkState
                0x08000368       0x68 ./Src/lcd.o
                0x08000368                LCD_DisplayNetworkState
 .text.LCD_DisplayTempValue
                0x080003d0       0x50 ./Src/lcd.o
                0x080003d0                LCD_DisplayTempValue
 .text.LCD_DisplayHumiValue
                0x08000420       0x50 ./Src/lcd.o
                0x08000420                LCD_DisplayHumiValue
 .text.LCD_DisplayLightValue
                0x08000470       0x50 ./Src/lcd.o
                0x08000470                LCD_DisplayLightValue
 .text.LCD_DisplayDetectionState
                0x080004c0       0x60 ./Src/lcd.o
                0x080004c0                LCD_DisplayDetectionState
 .text.LCD_DisplayLedState
                0x08000520       0x60 ./Src/lcd.o
                0x08000520                LCD_DisplayLedState
 .text.LCD_DisplayConnectionLedState
                0x08000580       0x70 ./Src/lcd.o
                0x08000580                LCD_DisplayConnectionLedState
 .text.LCD_DisplayConnectionSensorState
                0x080005f0       0x70 ./Src/lcd.o
                0x080005f0                LCD_DisplayConnectionSensorState
 .text.LCD_ScreenLoadOnStartup
                0x08000660       0x58 ./Src/lcd.o
                0x08000660                LCD_ScreenLoadOnStartup
 .text.LCD_ScreenHome
                0x080006b8       0x50 ./Src/lcd.o
                0x080006b8                LCD_ScreenHome
 .text.LCD_ScreenDeviceManager
                0x08000708       0x7c ./Src/lcd.o
                0x08000708                LCD_ScreenDeviceManager
 .text.LCD_ScreenLedControl
                0x08000784       0x8c ./Src/lcd.o
                0x08000784                LCD_ScreenLedControl
 .text.LCD_ScreenSensorConfig
                0x08000810       0xb4 ./Src/lcd.o
                0x08000810                LCD_ScreenSensorConfig
 .text.LCD_ScreenValueDistance
                0x080008c4       0xb0 ./Src/lcd.o
                0x080008c4                LCD_ScreenValueDistance
 .text.LCD_ScreenValueLatency
                0x08000974       0xb0 ./Src/lcd.o
                0x08000974                LCD_ScreenValueLatency
 .text.LCD_ScreenValueSensitivity
                0x08000a24       0xb0 ./Src/lcd.o
                0x08000a24                LCD_ScreenValueSensitivity
 .text.LCD_ScreenValueLight
                0x08000ad4       0xb0 ./Src/lcd.o
                0x08000ad4                LCD_ScreenValueLight
 .text.LCD_ScreenMoveUp
                0x08000b84       0x40 ./Src/lcd.o
                0x08000b84                LCD_ScreenMoveUp
 .text.LCD_ScreenMoveDown
                0x08000bc4       0x40 ./Src/lcd.o
                0x08000bc4                LCD_ScreenMoveDown
 .text.LCD_ScreenMovePosition
                0x08000c04       0x78 ./Src/lcd.o
                0x08000c04                LCD_ScreenMovePosition
 .text.LCD_ScreenNextAndSet
                0x08000c7c      0x274 ./Src/lcd.o
                0x08000c7c                LCD_ScreenNextAndSet
 .text.LCD_ScreenBack
                0x08000ef0       0x8c ./Src/lcd.o
                0x08000ef0                LCD_ScreenBack
 .text.LCD_ScreenSetLedState
                0x08000f7c       0x34 ./Src/lcd.o
                0x08000f7c                LCD_ScreenSetLedState
 .text.LCD_ScreenSetValueDistance
                0x08000fb0       0x34 ./Src/lcd.o
                0x08000fb0                LCD_ScreenSetValueDistance
 .text.LCD_ScreenSetValueLatency
                0x08000fe4       0x34 ./Src/lcd.o
                0x08000fe4                LCD_ScreenSetValueLatency
 .text.LCD_ScreenSetValueSensitivity
                0x08001018       0x34 ./Src/lcd.o
                0x08001018                LCD_ScreenSetValueSensitivity
 .text.LCD_ScreenSetValueLight
                0x0800104c       0x34 ./Src/lcd.o
                0x0800104c                LCD_ScreenSetValueLight
 .text.LCD_ScreenValueSetMarker
                0x08001080       0x6c ./Src/lcd.o
                0x08001080                LCD_ScreenValueSetMarker
 .text.LCD_ScreenSelectPosition
                0x080010ec       0x84 ./Src/lcd.o
                0x080010ec                LCD_ScreenSelectPosition
 .text.LCD_ScreenClearSelectPosition
                0x08001170       0x84 ./Src/lcd.o
                0x08001170                LCD_ScreenClearSelectPosition
 .text.LCD_ScreenSetValue
                0x080011f4       0x84 ./Src/lcd.o
                0x080011f4                LCD_ScreenSetValue
 .text.LCD_ScreenClearSetValue
                0x08001278       0x84 ./Src/lcd.o
                0x08001278                LCD_ScreenClearSetValue
 .text.LCD_UpdateDeviceState
                0x080012fc       0x88 ./Src/lcd.o
                0x080012fc                LCD_UpdateDeviceState
 .text.LCD_GetCurrentScreen
                0x08001384       0x18 ./Src/lcd.o
                0x08001384                LCD_GetCurrentScreen
 .text.LCD_GetNetworkStateReceived
                0x0800139c       0x20 ./Src/lcd.o
                0x0800139c                LCD_GetNetworkStateReceived
 .text.LCD_GetTempValueReceived
                0x080013bc       0x20 ./Src/lcd.o
                0x080013bc                LCD_GetTempValueReceived
 .text.LCD_GetHumiValueReceived
                0x080013dc       0x20 ./Src/lcd.o
                0x080013dc                LCD_GetHumiValueReceived
 .text.LCD_GetLightValueReceived
                0x080013fc       0x20 ./Src/lcd.o
                0x080013fc                LCD_GetLightValueReceived
 .text.LCD_GetDetecStateReceived
                0x0800141c       0x20 ./Src/lcd.o
                0x0800141c                LCD_GetDetecStateReceived
 .text.LCD_GetLedStateReceived
                0x0800143c       0x20 ./Src/lcd.o
                0x0800143c                LCD_GetLedStateReceived
 .text.LCD_ResetItemSelect
                0x0800145c       0x24 ./Src/lcd.o
                0x0800145c                LCD_ResetItemSelect
 .text.main     0x08001480       0x24 ./Src/main-displaycontrol.o
                0x08001480                main
 .text.Main_AppInitManager
                0x080014a4       0x34 ./Src/main-displaycontrol.o
                0x080014a4                Main_AppInitManager
 .text.Main_AppStateManager
                0x080014d8       0x94 ./Src/main-displaycontrol.o
                0x080014d8                Main_AppStateManager
 .text.Main_SetStateApp
                0x0800156c       0x20 ./Src/main-displaycontrol.o
                0x0800156c                Main_SetStateApp
 .text.Main_GetStateApp
                0x0800158c       0x18 ./Src/main-displaycontrol.o
                0x0800158c                Main_GetStateApp
 .text.Main_DeviceStateMachine
                0x080015a4       0xd0 ./Src/main-displaycontrol.o
                0x080015a4                Main_DeviceStateMachine
 .text.Main_Usart2RxHandle
                0x08001674       0x74 ./Src/main-displaycontrol.o
                0x08001674                Main_Usart2RxHandle
 .text._read    0x080016e8       0x3a ./Src/syscalls.o
                0x080016e8                _read
 .text._write   0x08001722       0x38 ./Src/syscalls.o
                0x08001722                _write
 .text._close   0x0800175a       0x18 ./Src/syscalls.o
                0x0800175a                _close
 .text._fstat   0x08001772       0x20 ./Src/syscalls.o
                0x08001772                _fstat
 .text._isatty  0x08001792       0x16 ./Src/syscalls.o
                0x08001792                _isatty
 .text._lseek   0x080017a8       0x1a ./Src/syscalls.o
                0x080017a8                _lseek
 *fill*         0x080017c2        0x2 
 .text._sbrk    0x080017c4       0x6c ./Src/sysmem.o
                0x080017c4                _sbrk
 .text.USART6_FifoAndUsartInit
                0x08001830       0x24 ./Src/usart.o
                0x08001830                USART6_FifoAndUsartInit
 .text.USART6_Init
                0x08001854       0xcc ./Src/usart.o
                0x08001854                USART6_Init
 .text.USART6Modify_IRQHandler
                0x08001920       0x44 ./Src/usart.o
                0x08001920                USART6Modify_IRQHandler
 .text.USART6_HandleEventCallback
                0x08001964       0x20 ./Src/usart.o
                0x08001964                USART6_HandleEventCallback
 .text.processSerialHandle
                0x08001984       0x38 ./Src/usart.o
                0x08001984                processSerialHandle
 .text.PollRxBuff
                0x080019bc       0xec ./Src/usart.o
                0x080019bc                PollRxBuff
 .text.USART_GetFrame
                0x08001aa8       0x14 ./Src/usart.o
                0x08001aa8                USART_GetFrame
 .text.USART_SendPacket
                0x08001abc      0x1b4 ./Src/usart.o
                0x08001abc                USART_SendPacket
 .text.USART_SendLedState
                0x08001c70       0x28 ./Src/usart.o
                0x08001c70                USART_SendLedState
 .text.USART_SendValueDistance
                0x08001c98       0x28 ./Src/usart.o
                0x08001c98                USART_SendValueDistance
 .text.USART_SendValueLatency
                0x08001cc0       0x28 ./Src/usart.o
                0x08001cc0                USART_SendValueLatency
 .text.USART_SendValueSensitivity
                0x08001ce8       0x28 ./Src/usart.o
                0x08001ce8                USART_SendValueSensitivity
 .text.USART_SendValueLight
                0x08001d10       0x28 ./Src/usart.o
                0x08001d10                USART_SendValueLight
 .text.USART_SendSyncMessage
                0x08001d38       0x22 ./Src/usart.o
                0x08001d38                USART_SendSyncMessage
 *fill*         0x08001d5a        0x2 
 .text.USART_ReceivedData
                0x08001d5c      0x224 ./Src/usart.o
                0x08001d5c                USART_ReceivedData
 .text.Reset_Handler
                0x08001f80       0x50 ./Startup/startup_stm32f401retx.o
                0x08001f80                Reset_Handler
 .text.Default_Handler
                0x08001fd0        0x2 ./Startup/startup_stm32f401retx.o
                0x08001fd0                EXTI2_IRQHandler
                0x08001fd0                DebugMon_Handler
                0x08001fd0                SPI4_IRQHandler
                0x08001fd0                TIM1_CC_IRQHandler
                0x08001fd0                DMA2_Stream5_IRQHandler
                0x08001fd0                HardFault_Handler
                0x08001fd0                DMA1_Stream5_IRQHandler
                0x08001fd0                SDIO_IRQHandler
                0x08001fd0                TAMP_STAMP_IRQHandler
                0x08001fd0                PendSV_Handler
                0x08001fd0                NMI_Handler
                0x08001fd0                EXTI3_IRQHandler
                0x08001fd0                TIM1_UP_TIM10_IRQHandler
                0x08001fd0                I2C3_ER_IRQHandler
                0x08001fd0                EXTI18_OTG_FS_WKUP_IRQHandler
                0x08001fd0                EXTI0_IRQHandler
                0x08001fd0                I2C2_EV_IRQHandler
                0x08001fd0                DMA1_Stream2_IRQHandler
                0x08001fd0                UsageFault_Handler
                0x08001fd0                DMA2_Stream2_IRQHandler
                0x08001fd0                SPI1_IRQHandler
                0x08001fd0                TIM1_BRK_TIM9_IRQHandler
                0x08001fd0                DMA2_Stream3_IRQHandler
                0x08001fd0                DMA2_Stream0_IRQHandler
                0x08001fd0                TIM4_IRQHandler
                0x08001fd0                I2C1_EV_IRQHandler
                0x08001fd0                DMA1_Stream6_IRQHandler
                0x08001fd0                DMA1_Stream1_IRQHandler
                0x08001fd0                TIM3_IRQHandler
                0x08001fd0                RCC_IRQHandler
                0x08001fd0                Default_Handler
                0x08001fd0                EXTI15_10_IRQHandler
                0x08001fd0                ADC_IRQHandler
                0x08001fd0                DMA1_Stream7_IRQHandler
                0x08001fd0                TIM5_IRQHandler
                0x08001fd0                DMA2_Stream7_IRQHandler
                0x08001fd0                I2C3_EV_IRQHandler
                0x08001fd0                EXTI9_5_IRQHandler
                0x08001fd0                SPI2_IRQHandler
                0x08001fd0                MemManage_Handler
                0x08001fd0                DMA1_Stream0_IRQHandler
                0x08001fd0                SVC_Handler
                0x08001fd0                EXTI4_IRQHandler
                0x08001fd0                EXTI22_RTC_WKUP_IRQHandler
                0x08001fd0                TIM2_IRQHandler
                0x08001fd0                EXTI16_PVD_IRQHandler
                0x08001fd0                TIM1_TRG_COM_TIM11_IRQHandler
                0x08001fd0                EXTI1_IRQHandler
                0x08001fd0                EXTI17_RTC_Alarm_IRQHandler
                0x08001fd0                I2C2_ER_IRQHandler
                0x08001fd0                DMA2_Stream1_IRQHandler
                0x08001fd0                FLASH_IRQHandler
                0x08001fd0                DMA2_Stream4_IRQHandler
                0x08001fd0                BusFault_Handler
                0x08001fd0                USART1_IRQHandler
                0x08001fd0                OTG_FS_IRQHandler
                0x08001fd0                SPI3_IRQHandler
                0x08001fd0                DMA1_Stream4_IRQHandler
                0x08001fd0                I2C1_ER_IRQHandler
                0x08001fd0                DMA2_Stream6_IRQHandler
                0x08001fd0                DMA1_Stream3_IRQHandler
 *fill*         0x08001fd2        0x2 
 .text.SystemInit
                0x08001fd4       0x6c D:\1_Studying\1_IoT\1_FUNIX\Libraries_Add\SDK_1.0.3_NUCLEO-F401RE\lib_stm\libLibraries.a(system_stm32f4xx.o)
                0x08001fd4                SystemInit
 .text.SystemCoreClockUpdate
                0x08002040       0xf8 D:\1_Studying\1_IoT\1_FUNIX\Libraries_Add\SDK_1.0.3_NUCLEO-F401RE\lib_stm\libLibraries.a(system_stm32f4xx.o)
                0x08002040                SystemCoreClockUpdate
 .text.SetSysClock
                0x08002138       0xa0 D:\1_Studying\1_IoT\1_FUNIX\Libraries_Add\SDK_1.0.3_NUCLEO-F401RE\lib_stm\libLibraries.a(system_stm32f4xx.o)
 .text.NVIC_PriorityGroupConfig
                0x080021d8       0x28 D:\1_Studying\1_IoT\1_FUNIX\Libraries_Add\SDK_1.0.3_NUCLEO-F401RE\lib_stm\libLibraries.a(misc.o)
                0x080021d8                NVIC_PriorityGroupConfig
 .text.NVIC_Init
                0x08002200       0xc4 D:\1_Studying\1_IoT\1_FUNIX\Libraries_Add\SDK_1.0.3_NUCLEO-F401RE\lib_stm\libLibraries.a(misc.o)
                0x08002200                NVIC_Init
 .text.GPIO_Init
                0x080022c4      0x11c D:\1_Studying\1_IoT\1_FUNIX\Libraries_Add\SDK_1.0.3_NUCLEO-F401RE\lib_stm\libLibraries.a(stm32f401re_gpio.o)
                0x080022c4                GPIO_Init
 .text.GPIO_ReadInputDataBit
                0x080023e0       0x34 D:\1_Studying\1_IoT\1_FUNIX\Libraries_Add\SDK_1.0.3_NUCLEO-F401RE\lib_stm\libLibraries.a(stm32f401re_gpio.o)
                0x080023e0                GPIO_ReadInputDataBit
 .text.GPIO_WriteBit
                0x08002414       0x30 D:\1_Studying\1_IoT\1_FUNIX\Libraries_Add\SDK_1.0.3_NUCLEO-F401RE\lib_stm\libLibraries.a(stm32f401re_gpio.o)
                0x08002414                GPIO_WriteBit
 .text.GPIO_PinAFConfig
                0x08002444       0x92 D:\1_Studying\1_IoT\1_FUNIX\Libraries_Add\SDK_1.0.3_NUCLEO-F401RE\lib_stm\libLibraries.a(stm32f401re_gpio.o)
                0x08002444                GPIO_PinAFConfig
 *fill*         0x080024d6        0x2 
 .text.RCC_GetClocksFreq
                0x080024d8      0x150 D:\1_Studying\1_IoT\1_FUNIX\Libraries_Add\SDK_1.0.3_NUCLEO-F401RE\lib_stm\libLibraries.a(stm32f401re_rcc.o)
                0x080024d8                RCC_GetClocksFreq
 .text.RCC_AHB1PeriphClockCmd
                0x08002628       0x40 D:\1_Studying\1_IoT\1_FUNIX\Libraries_Add\SDK_1.0.3_NUCLEO-F401RE\lib_stm\libLibraries.a(stm32f401re_rcc.o)
                0x08002628                RCC_AHB1PeriphClockCmd
 .text.RCC_APB2PeriphClockCmd
                0x08002668       0x40 D:\1_Studying\1_IoT\1_FUNIX\Libraries_Add\SDK_1.0.3_NUCLEO-F401RE\lib_stm\libLibraries.a(stm32f401re_rcc.o)
                0x08002668                RCC_APB2PeriphClockCmd
 .text.USART_Init
                0x080026a8      0x174 D:\1_Studying\1_IoT\1_FUNIX\Libraries_Add\SDK_1.0.3_NUCLEO-F401RE\lib_stm\libLibraries.a(stm32f401re_usart.o)
                0x080026a8                USART_Init
 .text.USART_Cmd
                0x0800281c       0x40 D:\1_Studying\1_IoT\1_FUNIX\Libraries_Add\SDK_1.0.3_NUCLEO-F401RE\lib_stm\libLibraries.a(stm32f401re_usart.o)
                0x0800281c                USART_Cmd
 .text.USART_SendData
                0x0800285c       0x24 D:\1_Studying\1_IoT\1_FUNIX\Libraries_Add\SDK_1.0.3_NUCLEO-F401RE\lib_stm\libLibraries.a(stm32f401re_usart.o)
                0x0800285c                USART_SendData
 .text.USART_ReceiveData
                0x08002880       0x20 D:\1_Studying\1_IoT\1_FUNIX\Libraries_Add\SDK_1.0.3_NUCLEO-F401RE\lib_stm\libLibraries.a(stm32f401re_usart.o)
                0x08002880                USART_ReceiveData
 .text.USART_ITConfig
                0x080028a0       0x90 D:\1_Studying\1_IoT\1_FUNIX\Libraries_Add\SDK_1.0.3_NUCLEO-F401RE\lib_stm\libLibraries.a(stm32f401re_usart.o)
                0x080028a0                USART_ITConfig
 .text.USART_GetFlagStatus
                0x08002930       0x38 D:\1_Studying\1_IoT\1_FUNIX\Libraries_Add\SDK_1.0.3_NUCLEO-F401RE\lib_stm\libLibraries.a(stm32f401re_usart.o)
                0x08002930                USART_GetFlagStatus
 .text.USART_GetITStatus
                0x08002968       0xb6 D:\1_Studying\1_IoT\1_FUNIX\Libraries_Add\SDK_1.0.3_NUCLEO-F401RE\lib_stm\libLibraries.a(stm32f401re_usart.o)
                0x08002968                USART_GetITStatus
 .text.USART_ClearITPendingBit
                0x08002a1e       0x3a D:\1_Studying\1_IoT\1_FUNIX\Libraries_Add\SDK_1.0.3_NUCLEO-F401RE\lib_stm\libLibraries.a(stm32f401re_usart.o)
                0x08002a1e                USART_ClearITPendingBit
 .text.Button_Init
                0x08002a58       0xbc D:\1_Studying\1_IoT\1_FUNIX\Libraries_Add\SDK_1.0.3_NUCLEO-F401RE\lib_stm\libLibraries.a(button.o)
                0x08002a58                Button_Init
 .text.Button_SetMode
                0x08002b14       0x3c D:\1_Studying\1_IoT\1_FUNIX\Libraries_Add\SDK_1.0.3_NUCLEO-F401RE\lib_stm\libLibraries.a(button.o)
                0x08002b14                Button_SetMode
 .text.Button_RegisterEventCallback
                0x08002b50       0x28 D:\1_Studying\1_IoT\1_FUNIX\Libraries_Add\SDK_1.0.3_NUCLEO-F401RE\lib_stm\libLibraries.a(button.o)
                0x08002b50                Button_RegisterEventCallback
 .text.ButtonScanTypeEdge
                0x08002b78      0x1fc D:\1_Studying\1_IoT\1_FUNIX\Libraries_Add\SDK_1.0.3_NUCLEO-F401RE\lib_stm\libLibraries.a(button.o)
 .text.ButtonScan
                0x08002d74       0x4c D:\1_Studying\1_IoT\1_FUNIX\Libraries_Add\SDK_1.0.3_NUCLEO-F401RE\lib_stm\libLibraries.a(button.o)
 .text.BTNGPIO_Init
                0x08002dc0       0x6c D:\1_Studying\1_IoT\1_FUNIX\Libraries_Add\SDK_1.0.3_NUCLEO-F401RE\lib_stm\libLibraries.a(button.o)
 .text.EventButton_Init
                0x08002e2c       0x6c D:\1_Studying\1_IoT\1_FUNIX\Libraries_Add\SDK_1.0.3_NUCLEO-F401RE\lib_stm\libLibraries.a(eventbutton.o)
                0x08002e2c                EventButton_Init
 .text.ButtonProcessEventEdge
                0x08002e98       0x34 D:\1_Studying\1_IoT\1_FUNIX\Libraries_Add\SDK_1.0.3_NUCLEO-F401RE\lib_stm\libLibraries.a(eventbutton.o)
 .text.ButtonProcessEventPress
                0x08002ecc       0x48 D:\1_Studying\1_IoT\1_FUNIX\Libraries_Add\SDK_1.0.3_NUCLEO-F401RE\lib_stm\libLibraries.a(eventbutton.o)
 .text.ButtonProcessEventHold
                0x08002f14       0x5e D:\1_Studying\1_IoT\1_FUNIX\Libraries_Add\SDK_1.0.3_NUCLEO-F401RE\lib_stm\libLibraries.a(eventbutton.o)
 .text.ButtonProcessEventRelease
                0x08002f72       0x5e D:\1_Studying\1_IoT\1_FUNIX\Libraries_Add\SDK_1.0.3_NUCLEO-F401RE\lib_stm\libLibraries.a(eventbutton.o)
 .text.EventSchedulerInit
                0x08002fd0       0x38 D:\1_Studying\1_IoT\1_FUNIX\Libraries_Add\SDK_1.0.3_NUCLEO-F401RE\lib_stm\libLibraries.a(eventman.o)
                0x08002fd0                EventSchedulerInit
 .text.EventSchedulerAdd
                0x08003008       0x2c D:\1_Studying\1_IoT\1_FUNIX\Libraries_Add\SDK_1.0.3_NUCLEO-F401RE\lib_stm\libLibraries.a(eventman.o)
                0x08003008                EventSchedulerAdd
 .text.processEventScheduler
                0x08003034       0x38 D:\1_Studying\1_IoT\1_FUNIX\Libraries_Add\SDK_1.0.3_NUCLEO-F401RE\lib_stm\libLibraries.a(eventman.o)
                0x08003034                processEventScheduler
 .text.NVIC_SetPriority
                0x0800306c       0x54 D:\1_Studying\1_IoT\1_FUNIX\Libraries_Add\SDK_1.0.3_NUCLEO-F401RE\lib_stm\libLibraries.a(timer.o)
 .text.SysTick_Config
                0x080030c0       0x44 D:\1_Studying\1_IoT\1_FUNIX\Libraries_Add\SDK_1.0.3_NUCLEO-F401RE\lib_stm\libLibraries.a(timer.o)
 .text.TimerInit
                0x08003104       0x44 D:\1_Studying\1_IoT\1_FUNIX\Libraries_Add\SDK_1.0.3_NUCLEO-F401RE\lib_stm\libLibraries.a(timer.o)
                0x08003104                TimerInit
 .text.TimerStart
                0x08003148       0xc4 D:\1_Studying\1_IoT\1_FUNIX\Libraries_Add\SDK_1.0.3_NUCLEO-F401RE\lib_stm\libLibraries.a(timer.o)
                0x08003148                TimerStart
 .text.TimerStop
                0x0800320c       0xa0 D:\1_Studying\1_IoT\1_FUNIX\Libraries_Add\SDK_1.0.3_NUCLEO-F401RE\lib_stm\libLibraries.a(timer.o)
                0x0800320c                TimerStop
 .text.GetMilSecTick
                0x080032ac       0x18 D:\1_Studying\1_IoT\1_FUNIX\Libraries_Add\SDK_1.0.3_NUCLEO-F401RE\lib_stm\libLibraries.a(timer.o)
                0x080032ac                GetMilSecTick
 .text.processTimerScheduler
                0x080032c4       0xf0 D:\1_Studying\1_IoT\1_FUNIX\Libraries_Add\SDK_1.0.3_NUCLEO-F401RE\lib_stm\libLibraries.a(timer.o)
                0x080032c4                processTimerScheduler
 .text.TimeExpired
                0x080033b4       0xcc D:\1_Studying\1_IoT\1_FUNIX\Libraries_Add\SDK_1.0.3_NUCLEO-F401RE\lib_stm\libLibraries.a(timer.o)
 .text.SysTick_Handler
                0x08003480       0x1c D:\1_Studying\1_IoT\1_FUNIX\Libraries_Add\SDK_1.0.3_NUCLEO-F401RE\lib_stm\libLibraries.a(timer.o)
                0x08003480                SysTick_Handler
 .text.USART2_IRQHandler
                0x0800349c       0x50 D:\1_Studying\1_IoT\1_FUNIX\Libraries_Add\SDK_1.0.3_NUCLEO-F401RE\lib_stm\libLibraries.a(serial.o)
                0x0800349c                USART2_IRQHandler
 .text.delayMicroseconds
                0x080034ec       0x14 D:\1_Studying\1_IoT\1_FUNIX\Libraries_Add\SDK_1.0.3_NUCLEO-F401RE\lib_stm\libLibraries.a(Ucglib.o)
 .text.ucg_gpio_init
                0x08003500       0x60 D:\1_Studying\1_IoT\1_FUNIX\Libraries_Add\SDK_1.0.3_NUCLEO-F401RE\lib_stm\libLibraries.a(Ucglib.o)
 .text.ucg_com_arduino_send_generic_SW_SPI
                0x08003560       0x74 D:\1_Studying\1_IoT\1_FUNIX\Libraries_Add\SDK_1.0.3_NUCLEO-F401RE\lib_stm\libLibraries.a(Ucglib.o)
 .text.ucg_com_arduino_generic_SW_SPI
                0x080035d4      0x1ec D:\1_Studying\1_IoT\1_FUNIX\Libraries_Add\SDK_1.0.3_NUCLEO-F401RE\lib_stm\libLibraries.a(Ucglib.o)
 .text.Ucglib4WireSWSPI_begin
                0x080037c0       0x38 D:\1_Studying\1_IoT\1_FUNIX\Libraries_Add\SDK_1.0.3_NUCLEO-F401RE\lib_stm\libLibraries.a(Ucglib.o)
                0x080037c0                Ucglib4WireSWSPI_begin
 .text.ucg_DrawBox
                0x080037f8       0x56 D:\1_Studying\1_IoT\1_FUNIX\Libraries_Add\SDK_1.0.3_NUCLEO-F401RE\lib_stm\libLibraries.a(ucg_box.o)
                0x080037f8                ucg_DrawBox
 .text.ucg_ClearScreen
                0x0800384e       0x50 D:\1_Studying\1_IoT\1_FUNIX\Libraries_Add\SDK_1.0.3_NUCLEO-F401RE\lib_stm\libLibraries.a(ucg_box.o)
                0x0800384e                ucg_ClearScreen
 .text.ucg_ccs_init
                0x0800389e       0xc0 D:\1_Studying\1_IoT\1_FUNIX\Libraries_Add\SDK_1.0.3_NUCLEO-F401RE\lib_stm\libLibraries.a(ucg_ccs.o)
                0x0800389e                ucg_ccs_init
 .text.ucg_ccs_step
                0x0800395e       0x80 D:\1_Studying\1_IoT\1_FUNIX\Libraries_Add\SDK_1.0.3_NUCLEO-F401RE\lib_stm\libLibraries.a(ucg_ccs.o)
                0x0800395e                ucg_ccs_step
 .text.ucg_ccs_seek
                0x080039de       0xca D:\1_Studying\1_IoT\1_FUNIX\Libraries_Add\SDK_1.0.3_NUCLEO-F401RE\lib_stm\libLibraries.a(ucg_ccs.o)
                0x080039de                ucg_ccs_seek
 .text.ucg_dev_default_cb
                0x08003aa8       0x44 D:\1_Studying\1_IoT\1_FUNIX\Libraries_Add\SDK_1.0.3_NUCLEO-F401RE\lib_stm\libLibraries.a(ucg_dev_default_cb.o)
                0x08003aa8                ucg_dev_default_cb
 .text.ucg_ext_none
                0x08003aec       0x1c D:\1_Studying\1_IoT\1_FUNIX\Libraries_Add\SDK_1.0.3_NUCLEO-F401RE\lib_stm\libLibraries.a(ucg_dev_default_cb.o)
                0x08003aec                ucg_ext_none
 .text.ucg_handle_st7735_l90fx
                0x08003b08       0xd8 D:\1_Studying\1_IoT\1_FUNIX\Libraries_Add\SDK_1.0.3_NUCLEO-F401RE\lib_stm\libLibraries.a(ucg_dev_ic_st7735.o)
                0x08003b08                ucg_handle_st7735_l90fx
 .text.ucg_handle_st7735_l90se
                0x08003be0      0x154 D:\1_Studying\1_IoT\1_FUNIX\Libraries_Add\SDK_1.0.3_NUCLEO-F401RE\lib_stm\libLibraries.a(ucg_dev_ic_st7735.o)
                0x08003be0                ucg_handle_st7735_l90se
 .text.ucg_dev_ic_st7735_18
                0x08003d34       0xf8 D:\1_Studying\1_IoT\1_FUNIX\Libraries_Add\SDK_1.0.3_NUCLEO-F401RE\lib_stm\libLibraries.a(ucg_dev_ic_st7735.o)
                0x08003d34                ucg_dev_ic_st7735_18
 .text.ucg_ext_st7735_18
                0x08003e2c       0x28 D:\1_Studying\1_IoT\1_FUNIX\Libraries_Add\SDK_1.0.3_NUCLEO-F401RE\lib_stm\libLibraries.a(ucg_dev_ic_st7735.o)
                0x08003e2c                ucg_ext_st7735_18
 .text.ucg_PowerDown
                0x08003e54       0x34 D:\1_Studying\1_IoT\1_FUNIX\Libraries_Add\SDK_1.0.3_NUCLEO-F401RE\lib_stm\libLibraries.a(ucg_dev_msg_api.o)
                0x08003e54                ucg_PowerDown
 .text.ucg_PowerUp
                0x08003e88       0x3c D:\1_Studying\1_IoT\1_FUNIX\Libraries_Add\SDK_1.0.3_NUCLEO-F401RE\lib_stm\libLibraries.a(ucg_dev_msg_api.o)
                0x08003e88                ucg_PowerUp
 .text.ucg_SetClipBox
                0x08003ec4       0x1e D:\1_Studying\1_IoT\1_FUNIX\Libraries_Add\SDK_1.0.3_NUCLEO-F401RE\lib_stm\libLibraries.a(ucg_dev_msg_api.o)
                0x08003ec4                ucg_SetClipBox
 .text.ucg_SetMaxClipRange
                0x08003ee2       0x30 D:\1_Studying\1_IoT\1_FUNIX\Libraries_Add\SDK_1.0.3_NUCLEO-F401RE\lib_stm\libLibraries.a(ucg_dev_msg_api.o)
                0x08003ee2                ucg_SetMaxClipRange
 .text.ucg_GetDimension
                0x08003f12       0x24 D:\1_Studying\1_IoT\1_FUNIX\Libraries_Add\SDK_1.0.3_NUCLEO-F401RE\lib_stm\libLibraries.a(ucg_dev_msg_api.o)
                0x08003f12                ucg_GetDimension
 .text.ucg_DrawL90FXWithArg
                0x08003f36       0x1e D:\1_Studying\1_IoT\1_FUNIX\Libraries_Add\SDK_1.0.3_NUCLEO-F401RE\lib_stm\libLibraries.a(ucg_dev_msg_api.o)
                0x08003f36                ucg_DrawL90FXWithArg
 .text.ucg_dev_st7735_18x128x128
                0x08003f54       0x80 D:\1_Studying\1_IoT\1_FUNIX\Libraries_Add\SDK_1.0.3_NUCLEO-F401RE\lib_stm\libLibraries.a(ucg_dev_tft_128x128_st7735.o)
                0x08003f54                ucg_dev_st7735_18x128x128
 .text.ucg_font_get_byte
                0x08003fd4       0x24 D:\1_Studying\1_IoT\1_FUNIX\Libraries_Add\SDK_1.0.3_NUCLEO-F401RE\lib_stm\libLibraries.a(ucg_font.o)
 .text.ucg_font_get_word
                0x08003ff8       0x40 D:\1_Studying\1_IoT\1_FUNIX\Libraries_Add\SDK_1.0.3_NUCLEO-F401RE\lib_stm\libLibraries.a(ucg_font.o)
 .text.ucg_read_font_info
                0x08004038      0x142 D:\1_Studying\1_IoT\1_FUNIX\Libraries_Add\SDK_1.0.3_NUCLEO-F401RE\lib_stm\libLibraries.a(ucg_font.o)
                0x08004038                ucg_read_font_info
 .text.ucg_font_decode_get_unsigned_bits
                0x0800417a       0x96 D:\1_Studying\1_IoT\1_FUNIX\Libraries_Add\SDK_1.0.3_NUCLEO-F401RE\lib_stm\libLibraries.a(ucg_font.o)
                0x0800417a                ucg_font_decode_get_unsigned_bits
 .text.ucg_font_decode_get_signed_bits
                0x08004210       0x46 D:\1_Studying\1_IoT\1_FUNIX\Libraries_Add\SDK_1.0.3_NUCLEO-F401RE\lib_stm\libLibraries.a(ucg_font.o)
                0x08004210                ucg_font_decode_get_signed_bits
 .text.ucg_add_vector_y
                0x08004256       0x7a D:\1_Studying\1_IoT\1_FUNIX\Libraries_Add\SDK_1.0.3_NUCLEO-F401RE\lib_stm\libLibraries.a(ucg_font.o)
 .text.ucg_add_vector_x
                0x080042d0       0x7a D:\1_Studying\1_IoT\1_FUNIX\Libraries_Add\SDK_1.0.3_NUCLEO-F401RE\lib_stm\libLibraries.a(ucg_font.o)
 .text.ucg_font_decode_len
                0x0800434a      0x118 D:\1_Studying\1_IoT\1_FUNIX\Libraries_Add\SDK_1.0.3_NUCLEO-F401RE\lib_stm\libLibraries.a(ucg_font.o)
                0x0800434a                ucg_font_decode_len
 .text.ucg_font_setup_decode
                0x08004462       0x64 D:\1_Studying\1_IoT\1_FUNIX\Libraries_Add\SDK_1.0.3_NUCLEO-F401RE\lib_stm\libLibraries.a(ucg_font.o)
 .text.ucg_font_decode_glyph
                0x080044c6      0x14c D:\1_Studying\1_IoT\1_FUNIX\Libraries_Add\SDK_1.0.3_NUCLEO-F401RE\lib_stm\libLibraries.a(ucg_font.o)
                0x080044c6                ucg_font_decode_glyph
 .text.ucg_font_get_glyph_data
                0x08004612       0x7a D:\1_Studying\1_IoT\1_FUNIX\Libraries_Add\SDK_1.0.3_NUCLEO-F401RE\lib_stm\libLibraries.a(ucg_font.o)
                0x08004612                ucg_font_get_glyph_data
 .text.ucg_font_draw_glyph
                0x0800468c       0x62 D:\1_Studying\1_IoT\1_FUNIX\Libraries_Add\SDK_1.0.3_NUCLEO-F401RE\lib_stm\libLibraries.a(ucg_font.o)
                0x0800468c                ucg_font_draw_glyph
 .text.ucg_SetFontMode
                0x080046ee       0x20 D:\1_Studying\1_IoT\1_FUNIX\Libraries_Add\SDK_1.0.3_NUCLEO-F401RE\lib_stm\libLibraries.a(ucg_font.o)
                0x080046ee                ucg_SetFontMode
 *fill*         0x0800470e        0x2 
 .text.ucg_DrawGlyph
                0x08004710       0xb0 D:\1_Studying\1_IoT\1_FUNIX\Libraries_Add\SDK_1.0.3_NUCLEO-F401RE\lib_stm\libLibraries.a(ucg_font.o)
                0x08004710                ucg_DrawGlyph
 .text.task_drawString
                0x080047c0      0x138 D:\1_Studying\1_IoT\1_FUNIX\Libraries_Add\SDK_1.0.3_NUCLEO-F401RE\lib_stm\libLibraries.a(ucg_font.o)
                0x080047c0                task_drawString
 .text.ucg_DrawString
                0x080048f8       0x78 D:\1_Studying\1_IoT\1_FUNIX\Libraries_Add\SDK_1.0.3_NUCLEO-F401RE\lib_stm\libLibraries.a(ucg_font.o)
                0x080048f8                ucg_DrawString
 .text.ucg_UpdateRefHeight
                0x08004970       0xd8 D:\1_Studying\1_IoT\1_FUNIX\Libraries_Add\SDK_1.0.3_NUCLEO-F401RE\lib_stm\libLibraries.a(ucg_font.o)
                0x08004970                ucg_UpdateRefHeight
 .text.ucg_font_calc_vref_font
                0x08004a48       0x16 D:\1_Studying\1_IoT\1_FUNIX\Libraries_Add\SDK_1.0.3_NUCLEO-F401RE\lib_stm\libLibraries.a(ucg_font.o)
                0x08004a48                ucg_font_calc_vref_font
 *fill*         0x08004a5e        0x2 
 .text.ucg_SetFontPosBaseline
                0x08004a60       0x20 D:\1_Studying\1_IoT\1_FUNIX\Libraries_Add\SDK_1.0.3_NUCLEO-F401RE\lib_stm\libLibraries.a(ucg_font.o)
                0x08004a60                ucg_SetFontPosBaseline
 .text.ucg_SetFont
                0x08004a80       0x4c D:\1_Studying\1_IoT\1_FUNIX\Libraries_Add\SDK_1.0.3_NUCLEO-F401RE\lib_stm\libLibraries.a(ucg_font.o)
                0x08004a80                ucg_SetFont
 .text.ucg_init_struct
                0x08004acc       0x50 D:\1_Studying\1_IoT\1_FUNIX\Libraries_Add\SDK_1.0.3_NUCLEO-F401RE\lib_stm\libLibraries.a(ucg_init.o)
                0x08004acc                ucg_init_struct
 .text.ucg_Init
                0x08004b1c       0x5c D:\1_Studying\1_IoT\1_FUNIX\Libraries_Add\SDK_1.0.3_NUCLEO-F401RE\lib_stm\libLibraries.a(ucg_init.o)
                0x08004b1c                ucg_Init
 .text.ucg_Draw90Line
                0x08004b78       0x88 D:\1_Studying\1_IoT\1_FUNIX\Libraries_Add\SDK_1.0.3_NUCLEO-F401RE\lib_stm\libLibraries.a(ucg_line.o)
                0x08004b78                ucg_Draw90Line
 .text.ucg_DrawHLine
                0x08004c00       0x3e D:\1_Studying\1_IoT\1_FUNIX\Libraries_Add\SDK_1.0.3_NUCLEO-F401RE\lib_stm\libLibraries.a(ucg_line.o)
                0x08004c00                ucg_DrawHLine
 .text.ucg_SetColor
                0x08004c3e       0x5c D:\1_Studying\1_IoT\1_FUNIX\Libraries_Add\SDK_1.0.3_NUCLEO-F401RE\lib_stm\libLibraries.a(ucg_pixel.o)
                0x08004c3e                ucg_SetColor
 .text.ucg_UndoRotate
                0x08004c9a       0x32 D:\1_Studying\1_IoT\1_FUNIX\Libraries_Add\SDK_1.0.3_NUCLEO-F401RE\lib_stm\libLibraries.a(ucg_rotate.o)
                0x08004c9a                ucg_UndoRotate
 .text.ucg_rotate_180_xy
                0x08004ccc       0x66 D:\1_Studying\1_IoT\1_FUNIX\Libraries_Add\SDK_1.0.3_NUCLEO-F401RE\lib_stm\libLibraries.a(ucg_rotate.o)
 *fill*         0x08004d32        0x2 
 .text.ucg_dev_rotate180
                0x08004d34      0x100 D:\1_Studying\1_IoT\1_FUNIX\Libraries_Add\SDK_1.0.3_NUCLEO-F401RE\lib_stm\libLibraries.a(ucg_rotate.o)
                0x08004d34                ucg_dev_rotate180
 .text.ucg_SetRotate180
                0x08004e34       0x34 D:\1_Studying\1_IoT\1_FUNIX\Libraries_Add\SDK_1.0.3_NUCLEO-F401RE\lib_stm\libLibraries.a(ucg_rotate.o)
                0x08004e34                ucg_SetRotate180
 .text.bufInit  0x08004e68       0x36 D:\1_Studying\1_IoT\1_FUNIX\Libraries_Add\SDK_1.0.3_NUCLEO-F401RE\lib_stm\libLibraries.a(buff.o)
                0x08004e68                bufInit
 .text.bufNumItems
                0x08004e9e       0x18 D:\1_Studying\1_IoT\1_FUNIX\Libraries_Add\SDK_1.0.3_NUCLEO-F401RE\lib_stm\libLibraries.a(buff.o)
                0x08004e9e                bufNumItems
 .text.bufIsFull
                0x08004eb6       0x26 D:\1_Studying\1_IoT\1_FUNIX\Libraries_Add\SDK_1.0.3_NUCLEO-F401RE\lib_stm\libLibraries.a(buff.o)
                0x08004eb6                bufIsFull
 .text.bufIsEmpty
                0x08004edc       0x26 D:\1_Studying\1_IoT\1_FUNIX\Libraries_Add\SDK_1.0.3_NUCLEO-F401RE\lib_stm\libLibraries.a(buff.o)
                0x08004edc                bufIsEmpty
 .text.bufFlush
                0x08004f02       0x32 D:\1_Studying\1_IoT\1_FUNIX\Libraries_Add\SDK_1.0.3_NUCLEO-F401RE\lib_stm\libLibraries.a(buff.o)
                0x08004f02                bufFlush
 .text.bufEnDat
                0x08004f34       0x9c D:\1_Studying\1_IoT\1_FUNIX\Libraries_Add\SDK_1.0.3_NUCLEO-F401RE\lib_stm\libLibraries.a(buff.o)
                0x08004f34                bufEnDat
 .text.bufDeDat
                0x08004fd0       0x84 D:\1_Studying\1_IoT\1_FUNIX\Libraries_Add\SDK_1.0.3_NUCLEO-F401RE\lib_stm\libLibraries.a(buff.o)
                0x08004fd0                bufDeDat
 .text.memsetl  0x08005054       0x32 D:\1_Studying\1_IoT\1_FUNIX\Libraries_Add\SDK_1.0.3_NUCLEO-F401RE\lib_stm\libLibraries.a(utilities.o)
                0x08005054                memsetl
 .text.ucg_clip_is_x_visible
                0x08005086       0x4a D:\1_Studying\1_IoT\1_FUNIX\Libraries_Add\SDK_1.0.3_NUCLEO-F401RE\lib_stm\libLibraries.a(ucg_clip.o)
 .text.ucg_clip_is_y_visible
                0x080050d0       0x4a D:\1_Studying\1_IoT\1_FUNIX\Libraries_Add\SDK_1.0.3_NUCLEO-F401RE\lib_stm\libLibraries.a(ucg_clip.o)
 .text.ucg_clip_intersection
                0x0800511a       0x74 D:\1_Studying\1_IoT\1_FUNIX\Libraries_Add\SDK_1.0.3_NUCLEO-F401RE\lib_stm\libLibraries.a(ucg_clip.o)
 .text.ucg_clip_is_pixel_visible
                0x0800518e       0x32 D:\1_Studying\1_IoT\1_FUNIX\Libraries_Add\SDK_1.0.3_NUCLEO-F401RE\lib_stm\libLibraries.a(ucg_clip.o)
                0x0800518e                ucg_clip_is_pixel_visible
 .text.ucg_clip_l90fx
                0x080051c0      0x300 D:\1_Studying\1_IoT\1_FUNIX\Libraries_Add\SDK_1.0.3_NUCLEO-F401RE\lib_stm\libLibraries.a(ucg_clip.o)
                0x080051c0                ucg_clip_l90fx
 .text.ucg_clip_l90se
                0x080054c0       0x54 D:\1_Studying\1_IoT\1_FUNIX\Libraries_Add\SDK_1.0.3_NUCLEO-F401RE\lib_stm\libLibraries.a(ucg_clip.o)
                0x080054c0                ucg_clip_l90se
 .text.ucg_com_PowerDown
                0x08005514       0x3e D:\1_Studying\1_IoT\1_FUNIX\Libraries_Add\SDK_1.0.3_NUCLEO-F401RE\lib_stm\libLibraries.a(ucg_com_msg_api.o)
                0x08005514                ucg_com_PowerDown
 .text.ucg_com_PowerUp
                0x08005552       0x60 D:\1_Studying\1_IoT\1_FUNIX\Libraries_Add\SDK_1.0.3_NUCLEO-F401RE\lib_stm\libLibraries.a(ucg_com_msg_api.o)
                0x08005552                ucg_com_PowerUp
 .text.ucg_com_SetLineStatus
                0x080055b2       0xe2 D:\1_Studying\1_IoT\1_FUNIX\Libraries_Add\SDK_1.0.3_NUCLEO-F401RE\lib_stm\libLibraries.a(ucg_com_msg_api.o)
                0x080055b2                ucg_com_SetLineStatus
 .text.ucg_com_SetResetLineStatus
                0x08005694       0x20 D:\1_Studying\1_IoT\1_FUNIX\Libraries_Add\SDK_1.0.3_NUCLEO-F401RE\lib_stm\libLibraries.a(ucg_com_msg_api.o)
                0x08005694                ucg_com_SetResetLineStatus
 .text.ucg_com_SetCSLineStatus
                0x080056b4       0x20 D:\1_Studying\1_IoT\1_FUNIX\Libraries_Add\SDK_1.0.3_NUCLEO-F401RE\lib_stm\libLibraries.a(ucg_com_msg_api.o)
                0x080056b4                ucg_com_SetCSLineStatus
 .text.ucg_com_SetCDLineStatus
                0x080056d4       0x20 D:\1_Studying\1_IoT\1_FUNIX\Libraries_Add\SDK_1.0.3_NUCLEO-F401RE\lib_stm\libLibraries.a(ucg_com_msg_api.o)
                0x080056d4                ucg_com_SetCDLineStatus
 .text.ucg_com_DelayMicroseconds
                0x080056f4       0x22 D:\1_Studying\1_IoT\1_FUNIX\Libraries_Add\SDK_1.0.3_NUCLEO-F401RE\lib_stm\libLibraries.a(ucg_com_msg_api.o)
                0x080056f4                ucg_com_DelayMicroseconds
 .text.ucg_com_DelayMilliseconds
                0x08005716       0x2c D:\1_Studying\1_IoT\1_FUNIX\Libraries_Add\SDK_1.0.3_NUCLEO-F401RE\lib_stm\libLibraries.a(ucg_com_msg_api.o)
                0x08005716                ucg_com_DelayMilliseconds
 .text.ucg_com_SendByte
                0x08005742       0x24 D:\1_Studying\1_IoT\1_FUNIX\Libraries_Add\SDK_1.0.3_NUCLEO-F401RE\lib_stm\libLibraries.a(ucg_com_msg_api.o)
                0x08005742                ucg_com_SendByte
 .text.ucg_com_SendStringP
                0x08005766       0x40 D:\1_Studying\1_IoT\1_FUNIX\Libraries_Add\SDK_1.0.3_NUCLEO-F401RE\lib_stm\libLibraries.a(ucg_com_msg_api.o)
                0x08005766                ucg_com_SendStringP
 .text.ucg_com_SendCmdArg
                0x080057a6       0x74 D:\1_Studying\1_IoT\1_FUNIX\Libraries_Add\SDK_1.0.3_NUCLEO-F401RE\lib_stm\libLibraries.a(ucg_com_msg_api.o)
 *fill*         0x0800581a        0x2 
 .text.ucg_com_SendCmdSeq
                0x0800581c      0x278 D:\1_Studying\1_IoT\1_FUNIX\Libraries_Add\SDK_1.0.3_NUCLEO-F401RE\lib_stm\libLibraries.a(ucg_com_msg_api.o)
                0x0800581c                ucg_com_SendCmdSeq
 .text.std      0x08005a94       0x6c C:/ST/STM32CubeIDE_1.13.2/STM32CubeIDE/plugins/com.st.stm32cube.ide.mcu.externaltools.gnu-tools-for-stm32.12.3.rel1.win32_1.0.100.202403111256/tools/bin/../lib/gcc/arm-none-eabi/12.3.1/../../../../arm-none-eabi/lib/thumb/v7e-m+fp/hard\libc_nano.a(libc_a-findfp.o)
 .text.stdio_exit_handler
                0x08005b00       0x18 C:/ST/STM32CubeIDE_1.13.2/STM32CubeIDE/plugins/com.st.stm32cube.ide.mcu.externaltools.gnu-tools-for-stm32.12.3.rel1.win32_1.0.100.202403111256/tools/bin/../lib/gcc/arm-none-eabi/12.3.1/../../../../arm-none-eabi/lib/thumb/v7e-m+fp/hard\libc_nano.a(libc_a-findfp.o)
 .text.cleanup_stdio
                0x08005b18       0x40 C:/ST/STM32CubeIDE_1.13.2/STM32CubeIDE/plugins/com.st.stm32cube.ide.mcu.externaltools.gnu-tools-for-stm32.12.3.rel1.win32_1.0.100.202403111256/tools/bin/../lib/gcc/arm-none-eabi/12.3.1/../../../../arm-none-eabi/lib/thumb/v7e-m+fp/hard\libc_nano.a(libc_a-findfp.o)
 .text.global_stdio_init.part.0
                0x08005b58       0x3c C:/ST/STM32CubeIDE_1.13.2/STM32CubeIDE/plugins/com.st.stm32cube.ide.mcu.externaltools.gnu-tools-for-stm32.12.3.rel1.win32_1.0.100.202403111256/tools/bin/../lib/gcc/arm-none-eabi/12.3.1/../../../../arm-none-eabi/lib/thumb/v7e-m+fp/hard\libc_nano.a(libc_a-findfp.o)
 .text.__sfp_lock_acquire
                0x08005b94        0xc C:/ST/STM32CubeIDE_1.13.2/STM32CubeIDE/plugins/com.st.stm32cube.ide.mcu.externaltools.gnu-tools-for-stm32.12.3.rel1.win32_1.0.100.202403111256/tools/bin/../lib/gcc/arm-none-eabi/12.3.1/../../../../arm-none-eabi/lib/thumb/v7e-m+fp/hard\libc_nano.a(libc_a-findfp.o)
                0x08005b94                __sfp_lock_acquire
 .text.__sfp_lock_release
                0x08005ba0        0xc C:/ST/STM32CubeIDE_1.13.2/STM32CubeIDE/plugins/com.st.stm32cube.ide.mcu.externaltools.gnu-tools-for-stm32.12.3.rel1.win32_1.0.100.202403111256/tools/bin/../lib/gcc/arm-none-eabi/12.3.1/../../../../arm-none-eabi/lib/thumb/v7e-m+fp/hard\libc_nano.a(libc_a-findfp.o)
                0x08005ba0                __sfp_lock_release
 .text.__sinit  0x08005bac       0x30 C:/ST/STM32CubeIDE_1.13.2/STM32CubeIDE/plugins/com.st.stm32cube.ide.mcu.externaltools.gnu-tools-for-stm32.12.3.rel1.win32_1.0.100.202403111256/tools/bin/../lib/gcc/arm-none-eabi/12.3.1/../../../../arm-none-eabi/lib/thumb/v7e-m+fp/hard\libc_nano.a(libc_a-findfp.o)
                0x08005bac                __sinit
 .text._fwalk_sglue
                0x08005bdc       0x3c C:/ST/STM32CubeIDE_1.13.2/STM32CubeIDE/plugins/com.st.stm32cube.ide.mcu.externaltools.gnu-tools-for-stm32.12.3.rel1.win32_1.0.100.202403111256/tools/bin/../lib/gcc/arm-none-eabi/12.3.1/../../../../arm-none-eabi/lib/thumb/v7e-m+fp/hard\libc_nano.a(libc_a-fwalk.o)
                0x08005bdc                _fwalk_sglue
 .text._puts_r  0x08005c18       0xaa C:/ST/STM32CubeIDE_1.13.2/STM32CubeIDE/plugins/com.st.stm32cube.ide.mcu.externaltools.gnu-tools-for-stm32.12.3.rel1.win32_1.0.100.202403111256/tools/bin/../lib/gcc/arm-none-eabi/12.3.1/../../../../arm-none-eabi/lib/thumb/v7e-m+fp/hard\libc_nano.a(libc_a-puts.o)
                0x08005c18                _puts_r
 *fill*         0x08005cc2        0x2 
 .text.puts     0x08005cc4       0x10 C:/ST/STM32CubeIDE_1.13.2/STM32CubeIDE/plugins/com.st.stm32cube.ide.mcu.externaltools.gnu-tools-for-stm32.12.3.rel1.win32_1.0.100.202403111256/tools/bin/../lib/gcc/arm-none-eabi/12.3.1/../../../../arm-none-eabi/lib/thumb/v7e-m+fp/hard\libc_nano.a(libc_a-puts.o)
                0x08005cc4                puts
 .text.sprintf  0x08005cd4       0x40 C:/ST/STM32CubeIDE_1.13.2/STM32CubeIDE/plugins/com.st.stm32cube.ide.mcu.externaltools.gnu-tools-for-stm32.12.3.rel1.win32_1.0.100.202403111256/tools/bin/../lib/gcc/arm-none-eabi/12.3.1/../../../../arm-none-eabi/lib/thumb/v7e-m+fp/hard\libc_nano.a(libc_a-sprintf.o)
                0x08005cd4                siprintf
                0x08005cd4                sprintf
 .text.__sread  0x08005d14       0x22 C:/ST/STM32CubeIDE_1.13.2/STM32CubeIDE/plugins/com.st.stm32cube.ide.mcu.externaltools.gnu-tools-for-stm32.12.3.rel1.win32_1.0.100.202403111256/tools/bin/../lib/gcc/arm-none-eabi/12.3.1/../../../../arm-none-eabi/lib/thumb/v7e-m+fp/hard\libc_nano.a(libc_a-stdio.o)
                0x08005d14                __sread
 .text.__swrite
                0x08005d36       0x38 C:/ST/STM32CubeIDE_1.13.2/STM32CubeIDE/plugins/com.st.stm32cube.ide.mcu.externaltools.gnu-tools-for-stm32.12.3.rel1.win32_1.0.100.202403111256/tools/bin/../lib/gcc/arm-none-eabi/12.3.1/../../../../arm-none-eabi/lib/thumb/v7e-m+fp/hard\libc_nano.a(libc_a-stdio.o)
                0x08005d36                __swrite
 .text.__sseek  0x08005d6e       0x24 C:/ST/STM32CubeIDE_1.13.2/STM32CubeIDE/plugins/com.st.stm32cube.ide.mcu.externaltools.gnu-tools-for-stm32.12.3.rel1.win32_1.0.100.202403111256/tools/bin/../lib/gcc/arm-none-eabi/12.3.1/../../../../arm-none-eabi/lib/thumb/v7e-m+fp/hard\libc_nano.a(libc_a-stdio.o)
                0x08005d6e                __sseek
 .text.__sclose
                0x08005d92        0x8 C:/ST/STM32CubeIDE_1.13.2/STM32CubeIDE/plugins/com.st.stm32cube.ide.mcu.externaltools.gnu-tools-for-stm32.12.3.rel1.win32_1.0.100.202403111256/tools/bin/../lib/gcc/arm-none-eabi/12.3.1/../../../../arm-none-eabi/lib/thumb/v7e-m+fp/hard\libc_nano.a(libc_a-stdio.o)
                0x08005d92                __sclose
 .text.__swbuf_r
                0x08005d9a       0x7c C:/ST/STM32CubeIDE_1.13.2/STM32CubeIDE/plugins/com.st.stm32cube.ide.mcu.externaltools.gnu-tools-for-stm32.12.3.rel1.win32_1.0.100.202403111256/tools/bin/../lib/gcc/arm-none-eabi/12.3.1/../../../../arm-none-eabi/lib/thumb/v7e-m+fp/hard\libc_nano.a(libc_a-wbuf.o)
                0x08005d9a                __swbuf_r
 *fill*         0x08005e16        0x2 
 .text.__swsetup_r
                0x08005e18       0xac C:/ST/STM32CubeIDE_1.13.2/STM32CubeIDE/plugins/com.st.stm32cube.ide.mcu.externaltools.gnu-tools-for-stm32.12.3.rel1.win32_1.0.100.202403111256/tools/bin/../lib/gcc/arm-none-eabi/12.3.1/../../../../arm-none-eabi/lib/thumb/v7e-m+fp/hard\libc_nano.a(libc_a-wsetup.o)
                0x08005e18                __swsetup_r
 .text.memset   0x08005ec4       0x10 C:/ST/STM32CubeIDE_1.13.2/STM32CubeIDE/plugins/com.st.stm32cube.ide.mcu.externaltools.gnu-tools-for-stm32.12.3.rel1.win32_1.0.100.202403111256/tools/bin/../lib/gcc/arm-none-eabi/12.3.1/../../../../arm-none-eabi/lib/thumb/v7e-m+fp/hard\libc_nano.a(libc_a-memset.o)
                0x08005ec4                memset
 .text.strncmp  0x08005ed4       0x24 C:/ST/STM32CubeIDE_1.13.2/STM32CubeIDE/plugins/com.st.stm32cube.ide.mcu.externaltools.gnu-tools-for-stm32.12.3.rel1.win32_1.0.100.202403111256/tools/bin/../lib/gcc/arm-none-eabi/12.3.1/../../../../arm-none-eabi/lib/thumb/v7e-m+fp/hard\libc_nano.a(libc_a-strncmp.o)
                0x08005ed4                strncmp
 .text.strncpy  0x08005ef8       0x26 C:/ST/STM32CubeIDE_1.13.2/STM32CubeIDE/plugins/com.st.stm32cube.ide.mcu.externaltools.gnu-tools-for-stm32.12.3.rel1.win32_1.0.100.202403111256/tools/bin/../lib/gcc/arm-none-eabi/12.3.1/../../../../arm-none-eabi/lib/thumb/v7e-m+fp/hard\libc_nano.a(libc_a-strncpy.o)
                0x08005ef8                strncpy
 *fill*         0x08005f1e        0x2 
 .text._close_r
                0x08005f20       0x20 C:/ST/STM32CubeIDE_1.13.2/STM32CubeIDE/plugins/com.st.stm32cube.ide.mcu.externaltools.gnu-tools-for-stm32.12.3.rel1.win32_1.0.100.202403111256/tools/bin/../lib/gcc/arm-none-eabi/12.3.1/../../../../arm-none-eabi/lib/thumb/v7e-m+fp/hard\libc_nano.a(libc_a-closer.o)
                0x08005f20                _close_r
 .text._lseek_r
                0x08005f40       0x24 C:/ST/STM32CubeIDE_1.13.2/STM32CubeIDE/plugins/com.st.stm32cube.ide.mcu.externaltools.gnu-tools-for-stm32.12.3.rel1.win32_1.0.100.202403111256/tools/bin/../lib/gcc/arm-none-eabi/12.3.1/../../../../arm-none-eabi/lib/thumb/v7e-m+fp/hard\libc_nano.a(libc_a-lseekr.o)
                0x08005f40                _lseek_r
 .text._read_r  0x08005f64       0x24 C:/ST/STM32CubeIDE_1.13.2/STM32CubeIDE/plugins/com.st.stm32cube.ide.mcu.externaltools.gnu-tools-for-stm32.12.3.rel1.win32_1.0.100.202403111256/tools/bin/../lib/gcc/arm-none-eabi/12.3.1/../../../../arm-none-eabi/lib/thumb/v7e-m+fp/hard\libc_nano.a(libc_a-readr.o)
                0x08005f64                _read_r
 .text._write_r
                0x08005f88       0x24 C:/ST/STM32CubeIDE_1.13.2/STM32CubeIDE/plugins/com.st.stm32cube.ide.mcu.externaltools.gnu-tools-for-stm32.12.3.rel1.win32_1.0.100.202403111256/tools/bin/../lib/gcc/arm-none-eabi/12.3.1/../../../../arm-none-eabi/lib/thumb/v7e-m+fp/hard\libc_nano.a(libc_a-writer.o)
                0x08005f88                _write_r
 .text.__errno  0x08005fac        0xc C:/ST/STM32CubeIDE_1.13.2/STM32CubeIDE/plugins/com.st.stm32cube.ide.mcu.externaltools.gnu-tools-for-stm32.12.3.rel1.win32_1.0.100.202403111256/tools/bin/../lib/gcc/arm-none-eabi/12.3.1/../../../../arm-none-eabi/lib/thumb/v7e-m+fp/hard\libc_nano.a(libc_a-errno.o)
                0x08005fac                __errno
 .text.__libc_init_array
                0x08005fb8       0x48 C:/ST/STM32CubeIDE_1.13.2/STM32CubeIDE/plugins/com.st.stm32cube.ide.mcu.externaltools.gnu-tools-for-stm32.12.3.rel1.win32_1.0.100.202403111256/tools/bin/../lib/gcc/arm-none-eabi/12.3.1/../../../../arm-none-eabi/lib/thumb/v7e-m+fp/hard\libc_nano.a(libc_a-init.o)
                0x08005fb8                __libc_init_array
 .text.__retarget_lock_init_recursive
                0x08006000        0x2 C:/ST/STM32CubeIDE_1.13.2/STM32CubeIDE/plugins/com.st.stm32cube.ide.mcu.externaltools.gnu-tools-for-stm32.12.3.rel1.win32_1.0.100.202403111256/tools/bin/../lib/gcc/arm-none-eabi/12.3.1/../../../../arm-none-eabi/lib/thumb/v7e-m+fp/hard\libc_nano.a(libc_a-lock.o)
                0x08006000                __retarget_lock_init_recursive
 .text.__retarget_lock_acquire_recursive
                0x08006002        0x2 C:/ST/STM32CubeIDE_1.13.2/STM32CubeIDE/plugins/com.st.stm32cube.ide.mcu.externaltools.gnu-tools-for-stm32.12.3.rel1.win32_1.0.100.202403111256/tools/bin/../lib/gcc/arm-none-eabi/12.3.1/../../../../arm-none-eabi/lib/thumb/v7e-m+fp/hard\libc_nano.a(libc_a-lock.o)
                0x08006002                __retarget_lock_acquire_recursive
 .text.__retarget_lock_release_recursive
                0x08006004        0x2 C:/ST/STM32CubeIDE_1.13.2/STM32CubeIDE/plugins/com.st.stm32cube.ide.mcu.externaltools.gnu-tools-for-stm32.12.3.rel1.win32_1.0.100.202403111256/tools/bin/../lib/gcc/arm-none-eabi/12.3.1/../../../../arm-none-eabi/lib/thumb/v7e-m+fp/hard\libc_nano.a(libc_a-lock.o)
                0x08006004                __retarget_lock_release_recursive
 *fill*         0x08006006        0x2 
 .text._free_r  0x08006008       0x94 C:/ST/STM32CubeIDE_1.13.2/STM32CubeIDE/plugins/com.st.stm32cube.ide.mcu.externaltools.gnu-tools-for-stm32.12.3.rel1.win32_1.0.100.202403111256/tools/bin/../lib/gcc/arm-none-eabi/12.3.1/../../../../arm-none-eabi/lib/thumb/v7e-m+fp/hard\libc_nano.a(libc_a-freer.o)
                0x08006008                _free_r
 .text.sbrk_aligned
                0x0800609c       0x44 C:/ST/STM32CubeIDE_1.13.2/STM32CubeIDE/plugins/com.st.stm32cube.ide.mcu.externaltools.gnu-tools-for-stm32.12.3.rel1.win32_1.0.100.202403111256/tools/bin/../lib/gcc/arm-none-eabi/12.3.1/../../../../arm-none-eabi/lib/thumb/v7e-m+fp/hard\libc_nano.a(libc_a-mallocr.o)
 .text._malloc_r
                0x080060e0      0x100 C:/ST/STM32CubeIDE_1.13.2/STM32CubeIDE/plugins/com.st.stm32cube.ide.mcu.externaltools.gnu-tools-for-stm32.12.3.rel1.win32_1.0.100.202403111256/tools/bin/../lib/gcc/arm-none-eabi/12.3.1/../../../../arm-none-eabi/lib/thumb/v7e-m+fp/hard\libc_nano.a(libc_a-mallocr.o)
                0x080060e0                _malloc_r
 .text.__malloc_lock
                0x080061e0        0xc C:/ST/STM32CubeIDE_1.13.2/STM32CubeIDE/plugins/com.st.stm32cube.ide.mcu.externaltools.gnu-tools-for-stm32.12.3.rel1.win32_1.0.100.202403111256/tools/bin/../lib/gcc/arm-none-eabi/12.3.1/../../../../arm-none-eabi/lib/thumb/v7e-m+fp/hard\libc_nano.a(libc_a-mlock.o)
                0x080061e0                __malloc_lock
 .text.__malloc_unlock
                0x080061ec        0xc C:/ST/STM32CubeIDE_1.13.2/STM32CubeIDE/plugins/com.st.stm32cube.ide.mcu.externaltools.gnu-tools-for-stm32.12.3.rel1.win32_1.0.100.202403111256/tools/bin/../lib/gcc/arm-none-eabi/12.3.1/../../../../arm-none-eabi/lib/thumb/v7e-m+fp/hard\libc_nano.a(libc_a-mlock.o)
                0x080061ec                __malloc_unlock
 .text.__ssputs_r
                0x080061f8       0xb6 C:/ST/STM32CubeIDE_1.13.2/STM32CubeIDE/plugins/com.st.stm32cube.ide.mcu.externaltools.gnu-tools-for-stm32.12.3.rel1.win32_1.0.100.202403111256/tools/bin/../lib/gcc/arm-none-eabi/12.3.1/../../../../arm-none-eabi/lib/thumb/v7e-m+fp/hard\libc_nano.a(libc_a-nano-svfprintf.o)
                0x080061f8                __ssputs_r
 *fill*         0x080062ae        0x2 
 .text._svfprintf_r
                0x080062b0      0x1f8 C:/ST/STM32CubeIDE_1.13.2/STM32CubeIDE/plugins/com.st.stm32cube.ide.mcu.externaltools.gnu-tools-for-stm32.12.3.rel1.win32_1.0.100.202403111256/tools/bin/../lib/gcc/arm-none-eabi/12.3.1/../../../../arm-none-eabi/lib/thumb/v7e-m+fp/hard\libc_nano.a(libc_a-nano-svfprintf.o)
                0x080062b0                _svfiprintf_r
                0x080062b0                _svfprintf_r
 .text._printf_common
                0x080064a8       0xda C:/ST/STM32CubeIDE_1.13.2/STM32CubeIDE/plugins/com.st.stm32cube.ide.mcu.externaltools.gnu-tools-for-stm32.12.3.rel1.win32_1.0.100.202403111256/tools/bin/../lib/gcc/arm-none-eabi/12.3.1/../../../../arm-none-eabi/lib/thumb/v7e-m+fp/hard\libc_nano.a(libc_a-nano-vfprintf_i.o)
                0x080064a8                _printf_common
 *fill*         0x08006582        0x2 
 .text._printf_i
                0x08006584      0x240 C:/ST/STM32CubeIDE_1.13.2/STM32CubeIDE/plugins/com.st.stm32cube.ide.mcu.externaltools.gnu-tools-for-stm32.12.3.rel1.win32_1.0.100.202403111256/tools/bin/../lib/gcc/arm-none-eabi/12.3.1/../../../../arm-none-eabi/lib/thumb/v7e-m+fp/hard\libc_nano.a(libc_a-nano-vfprintf_i.o)
                0x08006584                _printf_i
 .text.__sflush_r
                0x080067c4      0x108 C:/ST/STM32CubeIDE_1.13.2/STM32CubeIDE/plugins/com.st.stm32cube.ide.mcu.externaltools.gnu-tools-for-stm32.12.3.rel1.win32_1.0.100.202403111256/tools/bin/../lib/gcc/arm-none-eabi/12.3.1/../../../../arm-none-eabi/lib/thumb/v7e-m+fp/hard\libc_nano.a(libc_a-fflush.o)
                0x080067c4                __sflush_r
 .text._fflush_r
                0x080068cc       0x50 C:/ST/STM32CubeIDE_1.13.2/STM32CubeIDE/plugins/com.st.stm32cube.ide.mcu.externaltools.gnu-tools-for-stm32.12.3.rel1.win32_1.0.100.202403111256/tools/bin/../lib/gcc/arm-none-eabi/12.3.1/../../../../arm-none-eabi/lib/thumb/v7e-m+fp/hard\libc_nano.a(libc_a-fflush.o)
                0x080068cc                _fflush_r
 .text.__swhatbuf_r
                0x0800691c       0x4c C:/ST/STM32CubeIDE_1.13.2/STM32CubeIDE/plugins/com.st.stm32cube.ide.mcu.externaltools.gnu-tools-for-stm32.12.3.rel1.win32_1.0.100.202403111256/tools/bin/../lib/gcc/arm-none-eabi/12.3.1/../../../../arm-none-eabi/lib/thumb/v7e-m+fp/hard\libc_nano.a(libc_a-makebuf.o)
                0x0800691c                __swhatbuf_r
 .text.__smakebuf_r
                0x08006968       0x78 C:/ST/STM32CubeIDE_1.13.2/STM32CubeIDE/plugins/com.st.stm32cube.ide.mcu.externaltools.gnu-tools-for-stm32.12.3.rel1.win32_1.0.100.202403111256/tools/bin/../lib/gcc/arm-none-eabi/12.3.1/../../../../arm-none-eabi/lib/thumb/v7e-m+fp/hard\libc_nano.a(libc_a-makebuf.o)
                0x08006968                __smakebuf_r
 .text.memmove  0x080069e0       0x34 C:/ST/STM32CubeIDE_1.13.2/STM32CubeIDE/plugins/com.st.stm32cube.ide.mcu.externaltools.gnu-tools-for-stm32.12.3.rel1.win32_1.0.100.202403111256/tools/bin/../lib/gcc/arm-none-eabi/12.3.1/../../../../arm-none-eabi/lib/thumb/v7e-m+fp/hard\libc_nano.a(libc_a-memmove.o)
                0x080069e0                memmove
 .text._fstat_r
                0x08006a14       0x24 C:/ST/STM32CubeIDE_1.13.2/STM32CubeIDE/plugins/com.st.stm32cube.ide.mcu.externaltools.gnu-tools-for-stm32.12.3.rel1.win32_1.0.100.202403111256/tools/bin/../lib/gcc/arm-none-eabi/12.3.1/../../../../arm-none-eabi/lib/thumb/v7e-m+fp/hard\libc_nano.a(libc_a-fstatr.o)
                0x08006a14                _fstat_r
 .text._isatty_r
                0x08006a38       0x20 C:/ST/STM32CubeIDE_1.13.2/STM32CubeIDE/plugins/com.st.stm32cube.ide.mcu.externaltools.gnu-tools-for-stm32.12.3.rel1.win32_1.0.100.202403111256/tools/bin/../lib/gcc/arm-none-eabi/12.3.1/../../../../arm-none-eabi/lib/thumb/v7e-m+fp/hard\libc_nano.a(libc_a-isattyr.o)
                0x08006a38                _isatty_r
 .text._sbrk_r  0x08006a58       0x20 C:/ST/STM32CubeIDE_1.13.2/STM32CubeIDE/plugins/com.st.stm32cube.ide.mcu.externaltools.gnu-tools-for-stm32.12.3.rel1.win32_1.0.100.202403111256/tools/bin/../lib/gcc/arm-none-eabi/12.3.1/../../../../arm-none-eabi/lib/thumb/v7e-m+fp/hard\libc_nano.a(libc_a-sbrkr.o)
                0x08006a58                _sbrk_r
 .text.memcpy   0x08006a78       0x1c C:/ST/STM32CubeIDE_1.13.2/STM32CubeIDE/plugins/com.st.stm32cube.ide.mcu.externaltools.gnu-tools-for-stm32.12.3.rel1.win32_1.0.100.202403111256/tools/bin/../lib/gcc/arm-none-eabi/12.3.1/../../../../arm-none-eabi/lib/thumb/v7e-m+fp/hard\libc_nano.a(libc_a-memcpy-stub.o)
                0x08006a78                memcpy
 .text._realloc_r
                0x08006a94       0x5c C:/ST/STM32CubeIDE_1.13.2/STM32CubeIDE/plugins/com.st.stm32cube.ide.mcu.externaltools.gnu-tools-for-stm32.12.3.rel1.win32_1.0.100.202403111256/tools/bin/../lib/gcc/arm-none-eabi/12.3.1/../../../../arm-none-eabi/lib/thumb/v7e-m+fp/hard\libc_nano.a(libc_a-reallocr.o)
                0x08006a94                _realloc_r
 .text._malloc_usable_size_r
                0x08006af0       0x10 C:/ST/STM32CubeIDE_1.13.2/STM32CubeIDE/plugins/com.st.stm32cube.ide.mcu.externaltools.gnu-tools-for-stm32.12.3.rel1.win32_1.0.100.202403111256/tools/bin/../lib/gcc/arm-none-eabi/12.3.1/../../../../arm-none-eabi/lib/thumb/v7e-m+fp/hard\libc_nano.a(libc_a-msizer.o)
                0x08006af0                _malloc_usable_size_r
 *(.glue_7)
 .glue_7        0x08006b00        0x0 linker stubs
 *(.glue_7t)
 .glue_7t       0x08006b00        0x0 linker stubs
 *(.eh_frame)
 .eh_frame      0x08006b00        0x0 C:/ST/STM32CubeIDE_1.13.2/STM32CubeIDE/plugins/com.st.stm32cube.ide.mcu.externaltools.gnu-tools-for-stm32.12.3.rel1.win32_1.0.100.202403111256/tools/bin/../lib/gcc/arm-none-eabi/12.3.1/thumb/v7e-m+fp/hard/crtbegin.o
 *(.init)
 .init          0x08006b00        0x4 C:/ST/STM32CubeIDE_1.13.2/STM32CubeIDE/plugins/com.st.stm32cube.ide.mcu.externaltools.gnu-tools-for-stm32.12.3.rel1.win32_1.0.100.202403111256/tools/bin/../lib/gcc/arm-none-eabi/12.3.1/thumb/v7e-m+fp/hard/crti.o
                0x08006b00                _init
 .init          0x08006b04        0x8 C:/ST/STM32CubeIDE_1.13.2/STM32CubeIDE/plugins/com.st.stm32cube.ide.mcu.externaltools.gnu-tools-for-stm32.12.3.rel1.win32_1.0.100.202403111256/tools/bin/../lib/gcc/arm-none-eabi/12.3.1/thumb/v7e-m+fp/hard/crtn.o
 *(.fini)
 .fini          0x08006b0c        0x4 C:/ST/STM32CubeIDE_1.13.2/STM32CubeIDE/plugins/com.st.stm32cube.ide.mcu.externaltools.gnu-tools-for-stm32.12.3.rel1.win32_1.0.100.202403111256/tools/bin/../lib/gcc/arm-none-eabi/12.3.1/thumb/v7e-m+fp/hard/crti.o
                0x08006b0c                _fini
 .fini          0x08006b10        0x8 C:/ST/STM32CubeIDE_1.13.2/STM32CubeIDE/plugins/com.st.stm32cube.ide.mcu.externaltools.gnu-tools-for-stm32.12.3.rel1.win32_1.0.100.202403111256/tools/bin/../lib/gcc/arm-none-eabi/12.3.1/thumb/v7e-m+fp/hard/crtn.o
                0x08006b18                        . = ALIGN (0x4)
                0x08006b18                        _etext = .

.vfp11_veneer   0x08006b18        0x0
 .vfp11_veneer  0x08006b18        0x0 linker stubs

.v4_bx          0x08006b18        0x0
 .v4_bx         0x08006b18        0x0 linker stubs

.iplt           0x08006b18        0x0
 .iplt          0x08006b18        0x0 C:/ST/STM32CubeIDE_1.13.2/STM32CubeIDE/plugins/com.st.stm32cube.ide.mcu.externaltools.gnu-tools-for-stm32.12.3.rel1.win32_1.0.100.202403111256/tools/bin/../lib/gcc/arm-none-eabi/12.3.1/thumb/v7e-m+fp/hard/crtbegin.o

.rodata         0x08006b18     0x13d8
                0x08006b18                        . = ALIGN (0x4)
 *(.rodata)
 .rodata        0x08006b18      0x2c3 ./Src/lcd.o
 *fill*         0x08006ddb        0x1 
 .rodata        0x08006ddc       0x78 ./Src/main-displaycontrol.o
 .rodata        0x08006e54        0x1 D:\1_Studying\1_IoT\1_FUNIX\Libraries_Add\SDK_1.0.3_NUCLEO-F401RE\lib_stm\libLibraries.a(button.o)
 *fill*         0x08006e55        0x3 
 .rodata        0x08006e58        0xf D:\1_Studying\1_IoT\1_FUNIX\Libraries_Add\SDK_1.0.3_NUCLEO-F401RE\lib_stm\libLibraries.a(ucg_font.o)
 *(.rodata*)
 *fill*         0x08006e67        0x1 
 .rodata.ucg_st7735_set_pos_seq
                0x08006e68       0x1e D:\1_Studying\1_IoT\1_FUNIX\Libraries_Add\SDK_1.0.3_NUCLEO-F401RE\lib_stm\libLibraries.a(ucg_dev_ic_st7735.o)
                0x08006e68                ucg_st7735_set_pos_seq
 *fill*         0x08006e86        0x2 
 .rodata.ucg_st7735_set_pos_dir0_seq
                0x08006e88       0x1e D:\1_Studying\1_IoT\1_FUNIX\Libraries_Add\SDK_1.0.3_NUCLEO-F401RE\lib_stm\libLibraries.a(ucg_dev_ic_st7735.o)
                0x08006e88                ucg_st7735_set_pos_dir0_seq
 *fill*         0x08006ea6        0x2 
 .rodata.ucg_st7735_set_pos_dir1_seq
                0x08006ea8       0x21 D:\1_Studying\1_IoT\1_FUNIX\Libraries_Add\SDK_1.0.3_NUCLEO-F401RE\lib_stm\libLibraries.a(ucg_dev_ic_st7735.o)
                0x08006ea8                ucg_st7735_set_pos_dir1_seq
 *fill*         0x08006ec9        0x3 
 .rodata.ucg_st7735_set_pos_dir2_seq
                0x08006ecc       0x21 D:\1_Studying\1_IoT\1_FUNIX\Libraries_Add\SDK_1.0.3_NUCLEO-F401RE\lib_stm\libLibraries.a(ucg_dev_ic_st7735.o)
                0x08006ecc                ucg_st7735_set_pos_dir2_seq
 *fill*         0x08006eed        0x3 
 .rodata.ucg_st7735_set_pos_dir3_seq
                0x08006ef0       0x24 D:\1_Studying\1_IoT\1_FUNIX\Libraries_Add\SDK_1.0.3_NUCLEO-F401RE\lib_stm\libLibraries.a(ucg_dev_ic_st7735.o)
                0x08006ef0                ucg_st7735_set_pos_dir3_seq
 .rodata.ucg_st7735_power_down_seq
                0x08006f14        0x7 D:\1_Studying\1_IoT\1_FUNIX\Libraries_Add\SDK_1.0.3_NUCLEO-F401RE\lib_stm\libLibraries.a(ucg_dev_ic_st7735.o)
 *fill*         0x08006f1b        0x1 
 .rodata.ucg_tft_128x160_st7735_init_seq
                0x08006f1c       0x2c D:\1_Studying\1_IoT\1_FUNIX\Libraries_Add\SDK_1.0.3_NUCLEO-F401RE\lib_stm\libLibraries.a(ucg_dev_tft_128x128_st7735.o)
 .rodata.ucg_font_ncenR10_hf
                0x08006f48      0xf75 D:\1_Studying\1_IoT\1_FUNIX\Libraries_Add\SDK_1.0.3_NUCLEO-F401RE\lib_stm\libLibraries.a(ucg_pixel_font_data.o)
                0x08006f48                ucg_font_ncenR10_hf
 .rodata._svfprintf_r.str1.1
                0x08007ebd       0x11 C:/ST/STM32CubeIDE_1.13.2/STM32CubeIDE/plugins/com.st.stm32cube.ide.mcu.externaltools.gnu-tools-for-stm32.12.3.rel1.win32_1.0.100.202403111256/tools/bin/../lib/gcc/arm-none-eabi/12.3.1/../../../../arm-none-eabi/lib/thumb/v7e-m+fp/hard\libc_nano.a(libc_a-nano-svfprintf.o)
 .rodata._printf_i.str1.1
                0x08007ece       0x22 C:/ST/STM32CubeIDE_1.13.2/STM32CubeIDE/plugins/com.st.stm32cube.ide.mcu.externaltools.gnu-tools-for-stm32.12.3.rel1.win32_1.0.100.202403111256/tools/bin/../lib/gcc/arm-none-eabi/12.3.1/../../../../arm-none-eabi/lib/thumb/v7e-m+fp/hard\libc_nano.a(libc_a-nano-vfprintf_i.o)
                0x08007ef0                        . = ALIGN (0x4)

.ARM.extab      0x08007ef0        0x0
                0x08007ef0                        . = ALIGN (0x4)
 *(.ARM.extab* .gnu.linkonce.armextab.*)
                0x08007ef0                        . = ALIGN (0x4)

.ARM            0x08007ef0        0x8
                0x08007ef0                        . = ALIGN (0x4)
                0x08007ef0                        __exidx_start = .
 *(.ARM.exidx*)
 .ARM.exidx     0x08007ef0        0x8 C:/ST/STM32CubeIDE_1.13.2/STM32CubeIDE/plugins/com.st.stm32cube.ide.mcu.externaltools.gnu-tools-for-stm32.12.3.rel1.win32_1.0.100.202403111256/tools/bin/../lib/gcc/arm-none-eabi/12.3.1/../../../../arm-none-eabi/lib/thumb/v7e-m+fp/hard\libc_nano.a(libc_a-memchr.o)
                0x08007ef8                        __exidx_end = .
                0x08007ef8                        . = ALIGN (0x4)

.preinit_array  0x08007ef8        0x0
                0x08007ef8                        . = ALIGN (0x4)
                0x08007ef8                        PROVIDE (__preinit_array_start = .)
 *(.preinit_array*)
                0x08007ef8                        PROVIDE (__preinit_array_end = .)
                0x08007ef8                        . = ALIGN (0x4)

.init_array     0x08007ef8        0x4
                0x08007ef8                        . = ALIGN (0x4)
                0x08007ef8                        PROVIDE (__init_array_start = .)
 *(SORT_BY_NAME(.init_array.*))
 *(.init_array*)
 .init_array    0x08007ef8        0x4 C:/ST/STM32CubeIDE_1.13.2/STM32CubeIDE/plugins/com.st.stm32cube.ide.mcu.externaltools.gnu-tools-for-stm32.12.3.rel1.win32_1.0.100.202403111256/tools/bin/../lib/gcc/arm-none-eabi/12.3.1/thumb/v7e-m+fp/hard/crtbegin.o
                0x08007efc                        PROVIDE (__init_array_end = .)
                0x08007efc                        . = ALIGN (0x4)

.fini_array     0x08007efc        0x4
                0x08007efc                        . = ALIGN (0x4)
                [!provide]                        PROVIDE (__fini_array_start = .)
 *(SORT_BY_NAME(.fini_array.*))
 *(.fini_array*)
 .fini_array    0x08007efc        0x4 C:/ST/STM32CubeIDE_1.13.2/STM32CubeIDE/plugins/com.st.stm32cube.ide.mcu.externaltools.gnu-tools-for-stm32.12.3.rel1.win32_1.0.100.202403111256/tools/bin/../lib/gcc/arm-none-eabi/12.3.1/thumb/v7e-m+fp/hard/crtbegin.o
                [!provide]                        PROVIDE (__fini_array_end = .)
                0x08007f00                        . = ALIGN (0x4)
                0x08007f00                        _sidata = LOADADDR (.data)

.rel.dyn        0x08007f00        0x0
 .rel.iplt      0x08007f00        0x0 C:/ST/STM32CubeIDE_1.13.2/STM32CubeIDE/plugins/com.st.stm32cube.ide.mcu.externaltools.gnu-tools-for-stm32.12.3.rel1.win32_1.0.100.202403111256/tools/bin/../lib/gcc/arm-none-eabi/12.3.1/thumb/v7e-m+fp/hard/crtbegin.o

.data           0x20000000       0xdc load address 0x08007f00
                0x20000000                        . = ALIGN (0x4)
                0x20000000                        _sdata = .
 *(.data)
 *(.data*)
 .data.g_symbolStr
                0x20000000        0x2 ./Src/lcd.o
 *fill*         0x20000002        0x2 
 .data.g_clearSymbolStr
                0x20000004        0x4 ./Src/lcd.o
 .data.g_setStr
                0x20000008        0x7 ./Src/lcd.o
 *fill*         0x2000000f        0x1 
 .data.g_clearSetStr
                0x20000010        0xb ./Src/lcd.o
 .data.g_currentScreen
                0x2000001b        0x1 ./Src/lcd.o
                0x2000001b                g_currentScreen
 .data.g_currentSelect
                0x2000001c        0x1 ./Src/lcd.o
                0x2000001c                g_currentSelect
 .data.g_deviceSelected
                0x2000001d        0x1 ./Src/lcd.o
                0x2000001d                g_deviceSelected
 .data.g_sensorItemSelected
                0x2000001e        0x1 ./Src/lcd.o
                0x2000001e                g_sensorItemSelected
 .data.g_ledStateSelected
                0x2000001f        0x1 ./Src/lcd.o
                0x2000001f                g_ledStateSelected
 .data.g_distanceValueSelected
                0x20000020        0x1 ./Src/lcd.o
                0x20000020                g_distanceValueSelected
 .data.g_latencyValueSelected
                0x20000021        0x1 ./Src/lcd.o
                0x20000021                g_latencyValueSelected
 .data.g_sensitivityValueSelected
                0x20000022        0x1 ./Src/lcd.o
                0x20000022                g_sensitivityValueSelected
 .data.g_lightValueSelected
                0x20000023        0x1 ./Src/lcd.o
                0x20000023                g_lightValueSelected
 .data.g_deviceState
                0x20000024        0x2 ./Src/lcd.o
 .data.g_idTimerCallScreenHome
                0x20000026        0x1 ./Src/main-displaycontrol.o
                0x20000026                g_idTimerCallScreenHome
 *fill*         0x20000027        0x1 
 .data.SystemCoreClock
                0x20000028        0x4 D:\1_Studying\1_IoT\1_FUNIX\Libraries_Add\SDK_1.0.3_NUCLEO-F401RE\lib_stm\libLibraries.a(system_stm32f4xx.o)
                0x20000028                SystemCoreClock
 .data.AHBPrescTable
                0x2000002c       0x10 D:\1_Studying\1_IoT\1_FUNIX\Libraries_Add\SDK_1.0.3_NUCLEO-F401RE\lib_stm\libLibraries.a(system_stm32f4xx.o)
                0x2000002c                AHBPrescTable
 .data.APBAHBPrescTable
                0x2000003c       0x10 D:\1_Studying\1_IoT\1_FUNIX\Libraries_Add\SDK_1.0.3_NUCLEO-F401RE\lib_stm\libLibraries.a(stm32f401re_rcc.o)
 .data.pinBtnPad
                0x2000004c       0x30 D:\1_Studying\1_IoT\1_FUNIX\Libraries_Add\SDK_1.0.3_NUCLEO-F401RE\lib_stm\libLibraries.a(button.o)
 .data.idTaskScanButton
                0x2000007c        0x1 D:\1_Studying\1_IoT\1_FUNIX\Libraries_Add\SDK_1.0.3_NUCLEO-F401RE\lib_stm\libLibraries.a(button.o)
 .data.idTaskScanDecodeLen
                0x2000007d        0x1 D:\1_Studying\1_IoT\1_FUNIX\Libraries_Add\SDK_1.0.3_NUCLEO-F401RE\lib_stm\libLibraries.a(ucg_font.o)
 *fill*         0x2000007e        0x2 
 .data.__sglue  0x20000080        0xc C:/ST/STM32CubeIDE_1.13.2/STM32CubeIDE/plugins/com.st.stm32cube.ide.mcu.externaltools.gnu-tools-for-stm32.12.3.rel1.win32_1.0.100.202403111256/tools/bin/../lib/gcc/arm-none-eabi/12.3.1/../../../../arm-none-eabi/lib/thumb/v7e-m+fp/hard\libc_nano.a(libc_a-findfp.o)
                0x20000080                __sglue
 .data._impure_ptr
                0x2000008c        0x4 C:/ST/STM32CubeIDE_1.13.2/STM32CubeIDE/plugins/com.st.stm32cube.ide.mcu.externaltools.gnu-tools-for-stm32.12.3.rel1.win32_1.0.100.202403111256/tools/bin/../lib/gcc/arm-none-eabi/12.3.1/../../../../arm-none-eabi/lib/thumb/v7e-m+fp/hard\libc_nano.a(libc_a-impure.o)
                0x2000008c                _impure_ptr
 .data._impure_data
                0x20000090       0x4c C:/ST/STM32CubeIDE_1.13.2/STM32CubeIDE/plugins/com.st.stm32cube.ide.mcu.externaltools.gnu-tools-for-stm32.12.3.rel1.win32_1.0.100.202403111256/tools/bin/../lib/gcc/arm-none-eabi/12.3.1/../../../../arm-none-eabi/lib/thumb/v7e-m+fp/hard\libc_nano.a(libc_a-impure.o)
                0x20000090                _impure_data
 *(.RamFunc)
 *(.RamFunc*)
                0x200000dc                        . = ALIGN (0x4)
                0x200000dc                        _edata = .

.igot.plt       0x200000dc        0x0 load address 0x08007fdc
 .igot.plt      0x200000dc        0x0 C:/ST/STM32CubeIDE_1.13.2/STM32CubeIDE/plugins/com.st.stm32cube.ide.mcu.externaltools.gnu-tools-for-stm32.12.3.rel1.win32_1.0.100.202403111256/tools/bin/../lib/gcc/arm-none-eabi/12.3.1/thumb/v7e-m+fp/hard/crtbegin.o
                0x200000dc                        . = ALIGN (0x4)

.bss            0x200000dc     0x1884 load address 0x08007fdc
                0x200000dc                        _sbss = .
                0x200000dc                        __bss_start__ = _sbss
 *(.bss)
 .bss           0x200000dc       0x1c C:/ST/STM32CubeIDE_1.13.2/STM32CubeIDE/plugins/com.st.stm32cube.ide.mcu.externaltools.gnu-tools-for-stm32.12.3.rel1.win32_1.0.100.202403111256/tools/bin/../lib/gcc/arm-none-eabi/12.3.1/thumb/v7e-m+fp/hard/crtbegin.o
 *(.bss*)
 .bss.g_ucg     0x200000f8       0xb4 ./Src/lcd.o
                0x200000f8                g_ucg
 .bss.g_ledCount
                0x200001ac        0x1 ./Src/lcd.o
                0x200001ac                g_ledCount
 .bss.g_sensorCount
                0x200001ad        0x1 ./Src/lcd.o
                0x200001ad                g_sensorCount
 .bss.g_networkState
                0x200001ae        0x1 ./Src/lcd.o
                0x200001ae                g_networkState
 .bss.g_tempValue
                0x200001af        0x1 ./Src/lcd.o
                0x200001af                g_tempValue
 .bss.g_humiValue
                0x200001b0        0x1 ./Src/lcd.o
                0x200001b0                g_humiValue
 .bss.g_detecState
                0x200001b1        0x1 ./Src/lcd.o
                0x200001b1                g_detecState
 .bss.g_ledState
                0x200001b2        0x1 ./Src/lcd.o
                0x200001b2                g_ledState
 *fill*         0x200001b3        0x1 
 .bss.g_lightValue
                0x200001b4        0x2 ./Src/lcd.o
                0x200001b4                g_lightValue
 *fill*         0x200001b6        0x2 
 .bss.g_networkStr
                0x200001b8       0x14 ./Src/lcd.o
 .bss.g_strTemp
                0x200001cc       0x1e ./Src/lcd.o
 *fill*         0x200001ea        0x2 
 .bss.g_strHumi
                0x200001ec       0x1e ./Src/lcd.o
 *fill*         0x2000020a        0x2 
 .bss.g_strLight
                0x2000020c       0x1e ./Src/lcd.o
 *fill*         0x2000022a        0x2 
 .bss.g_strDetec
                0x2000022c       0x1e ./Src/lcd.o
 *fill*         0x2000024a        0x2 
 .bss.g_strLed  0x2000024c       0x1e ./Src/lcd.o
 *fill*         0x2000026a        0x2 
 .bss.g_strLedConStatus
                0x2000026c       0x1e ./Src/lcd.o
 *fill*         0x2000028a        0x2 
 .bss.g_strSensorConStatus
                0x2000028c       0x1e ./Src/lcd.o
 .bss.g_eCurrentState
                0x200002aa        0x1 ./Src/main-displaycontrol.o
                0x200002aa                g_eCurrentState
 .bss.g_curScreen
                0x200002ab        0x1 ./Src/main-displaycontrol.o
                0x200002ab                g_curScreen
 .bss.__sbrk_heap_end
                0x200002ac        0x4 ./Src/sysmem.o
 .bss.USART6StateCallback
                0x200002b0        0x4 ./Src/usart.o
                0x200002b0                USART6StateCallback
 .bss.g_IndexRxBuf
                0x200002b4        0x1 ./Src/usart.o
                0x200002b4                g_IndexRxBuf
 *fill*         0x200002b5        0x3 
 .bss.g_strRxBufData
                0x200002b8      0x100 ./Src/usart.o
                0x200002b8                g_strRxBufData
 .bss.g_strRxBuffer
                0x200003b8      0x100 ./Src/usart.o
                0x200003b8                g_strRxBuffer
 .bss.g_serialQueueRx
                0x200004b8       0x10 ./Src/usart.o
                0x200004b8                g_serialQueueRx
 .bss.g_Data_Receive
                0x200004c8        0x1 ./Src/usart.o
                0x200004c8                g_Data_Receive
 .bss.g_byCheckXorRxBuf
                0x200004c9        0x1 ./Src/usart.o
                0x200004c9                g_byCheckXorRxBuf
 .bss.g_RxBufState
                0x200004ca        0x1 ./Src/usart.o
 .bss.bySequence.0
                0x200004cb        0x1 ./Src/usart.o
 .bss.kpad      0x200004cc       0x78 D:\1_Studying\1_IoT\1_FUNIX\Libraries_Add\SDK_1.0.3_NUCLEO-F401RE\lib_stm\libLibraries.a(button.o)
 .bss.pEventCallbacks
                0x20000544       0x10 D:\1_Studying\1_IoT\1_FUNIX\Libraries_Add\SDK_1.0.3_NUCLEO-F401RE\lib_stm\libLibraries.a(button.o)
 .bss.pAppStateFunc
                0x20000554        0x4 D:\1_Studying\1_IoT\1_FUNIX\Libraries_Add\SDK_1.0.3_NUCLEO-F401RE\lib_stm\libLibraries.a(eventman.o)
 .bss.pBuffEvent
                0x20000558      0x100 D:\1_Studying\1_IoT\1_FUNIX\Libraries_Add\SDK_1.0.3_NUCLEO-F401RE\lib_stm\libLibraries.a(eventman.o)
 .bss.eventQueue
                0x20000658       0x10 D:\1_Studying\1_IoT\1_FUNIX\Libraries_Add\SDK_1.0.3_NUCLEO-F401RE\lib_stm\libLibraries.a(eventman.o)
 .bss.g_pTimerHandle
                0x20000668      0x180 D:\1_Studying\1_IoT\1_FUNIX\Libraries_Add\SDK_1.0.3_NUCLEO-F401RE\lib_stm\libLibraries.a(timer.o)
 .bss.g_wMilSecTickTimer
                0x200007e8        0x4 D:\1_Studying\1_IoT\1_FUNIX\Libraries_Add\SDK_1.0.3_NUCLEO-F401RE\lib_stm\libLibraries.a(timer.o)
 .bss.g_pUartQueueRx
                0x200007ec        0x8 D:\1_Studying\1_IoT\1_FUNIX\Libraries_Add\SDK_1.0.3_NUCLEO-F401RE\lib_stm\libLibraries.a(serial.o)
 .bss.fontQueue
                0x200007f4       0x10 D:\1_Studying\1_IoT\1_FUNIX\Libraries_Add\SDK_1.0.3_NUCLEO-F401RE\lib_stm\libLibraries.a(ucg_font.o)
 .bss.pQueueFont
                0x20000804     0x1000 D:\1_Studying\1_IoT\1_FUNIX\Libraries_Add\SDK_1.0.3_NUCLEO-F401RE\lib_stm\libLibraries.a(ucg_font.o)
 .bss.next.7562
                0x20001804        0x1 D:\1_Studying\1_IoT\1_FUNIX\Libraries_Add\SDK_1.0.3_NUCLEO-F401RE\lib_stm\libLibraries.a(ucg_font.o)
 *fill*         0x20001805        0x3 
 .bss.__sf      0x20001808      0x138 C:/ST/STM32CubeIDE_1.13.2/STM32CubeIDE/plugins/com.st.stm32cube.ide.mcu.externaltools.gnu-tools-for-stm32.12.3.rel1.win32_1.0.100.202403111256/tools/bin/../lib/gcc/arm-none-eabi/12.3.1/../../../../arm-none-eabi/lib/thumb/v7e-m+fp/hard\libc_nano.a(libc_a-findfp.o)
                0x20001808                __sf
 .bss.__stdio_exit_handler
                0x20001940        0x4 C:/ST/STM32CubeIDE_1.13.2/STM32CubeIDE/plugins/com.st.stm32cube.ide.mcu.externaltools.gnu-tools-for-stm32.12.3.rel1.win32_1.0.100.202403111256/tools/bin/../lib/gcc/arm-none-eabi/12.3.1/../../../../arm-none-eabi/lib/thumb/v7e-m+fp/hard\libc_nano.a(libc_a-findfp.o)
                0x20001940                __stdio_exit_handler
 .bss.errno     0x20001944        0x4 C:/ST/STM32CubeIDE_1.13.2/STM32CubeIDE/plugins/com.st.stm32cube.ide.mcu.externaltools.gnu-tools-for-stm32.12.3.rel1.win32_1.0.100.202403111256/tools/bin/../lib/gcc/arm-none-eabi/12.3.1/../../../../arm-none-eabi/lib/thumb/v7e-m+fp/hard\libc_nano.a(libc_a-reent.o)
                0x20001944                errno
 .bss.__lock___malloc_recursive_mutex
                0x20001948        0x1 C:/ST/STM32CubeIDE_1.13.2/STM32CubeIDE/plugins/com.st.stm32cube.ide.mcu.externaltools.gnu-tools-for-stm32.12.3.rel1.win32_1.0.100.202403111256/tools/bin/../lib/gcc/arm-none-eabi/12.3.1/../../../../arm-none-eabi/lib/thumb/v7e-m+fp/hard\libc_nano.a(libc_a-lock.o)
                0x20001948                __lock___malloc_recursive_mutex
 .bss.__lock___sfp_recursive_mutex
                0x20001949        0x1 C:/ST/STM32CubeIDE_1.13.2/STM32CubeIDE/plugins/com.st.stm32cube.ide.mcu.externaltools.gnu-tools-for-stm32.12.3.rel1.win32_1.0.100.202403111256/tools/bin/../lib/gcc/arm-none-eabi/12.3.1/../../../../arm-none-eabi/lib/thumb/v7e-m+fp/hard\libc_nano.a(libc_a-lock.o)
                0x20001949                __lock___sfp_recursive_mutex
 *fill*         0x2000194a        0x2 
 .bss.__malloc_sbrk_start
                0x2000194c        0x4 C:/ST/STM32CubeIDE_1.13.2/STM32CubeIDE/plugins/com.st.stm32cube.ide.mcu.externaltools.gnu-tools-for-stm32.12.3.rel1.win32_1.0.100.202403111256/tools/bin/../lib/gcc/arm-none-eabi/12.3.1/../../../../arm-none-eabi/lib/thumb/v7e-m+fp/hard\libc_nano.a(libc_a-mallocr.o)
                0x2000194c                __malloc_sbrk_start
 .bss.__malloc_free_list
                0x20001950        0x4 C:/ST/STM32CubeIDE_1.13.2/STM32CubeIDE/plugins/com.st.stm32cube.ide.mcu.externaltools.gnu-tools-for-stm32.12.3.rel1.win32_1.0.100.202403111256/tools/bin/../lib/gcc/arm-none-eabi/12.3.1/../../../../arm-none-eabi/lib/thumb/v7e-m+fp/hard\libc_nano.a(libc_a-mallocr.o)
                0x20001950                __malloc_free_list
 *(COMMON)
 COMMON         0x20001954        0xc D:\1_Studying\1_IoT\1_FUNIX\Libraries_Add\SDK_1.0.3_NUCLEO-F401RE\lib_stm\libLibraries.a(ucg_font.o)
                0x20001954                ucg_draw_str
                0x20001960                        . = ALIGN (0x4)
                0x20001960                        _ebss = .
                0x20001960                        __bss_end__ = _ebss

._user_heap_stack
                0x20001960      0x600 load address 0x08007fdc
                0x20001960                        . = ALIGN (0x8)
                [!provide]                        PROVIDE (end = .)
                0x20001960                        PROVIDE (_end = .)
                0x20001b60                        . = (. + _Min_Heap_Size)
 *fill*         0x20001960      0x200 
                0x20001f60                        . = (. + _Min_Stack_Size)
 *fill*         0x20001b60      0x400 
                0x20001f60                        . = ALIGN (0x8)

/DISCARD/
 libc.a(*)
 libm.a(*)
 libgcc.a(*)

.ARM.attributes
                0x00000000       0x30
 *(.ARM.attributes)
 .ARM.attributes
                0x00000000       0x22 C:/ST/STM32CubeIDE_1.13.2/STM32CubeIDE/plugins/com.st.stm32cube.ide.mcu.externaltools.gnu-tools-for-stm32.12.3.rel1.win32_1.0.100.202403111256/tools/bin/../lib/gcc/arm-none-eabi/12.3.1/thumb/v7e-m+fp/hard/crti.o
 .ARM.attributes
                0x00000022       0x34 C:/ST/STM32CubeIDE_1.13.2/STM32CubeIDE/plugins/com.st.stm32cube.ide.mcu.externaltools.gnu-tools-for-stm32.12.3.rel1.win32_1.0.100.202403111256/tools/bin/../lib/gcc/arm-none-eabi/12.3.1/thumb/v7e-m+fp/hard/crtbegin.o
 .ARM.attributes
                0x00000056       0x34 ./Src/lcd.o
 .ARM.attributes
                0x0000008a       0x34 ./Src/main-displaycontrol.o
 .ARM.attributes
                0x000000be       0x34 ./Src/syscalls.o
 .ARM.attributes
                0x000000f2       0x34 ./Src/sysmem.o
 .ARM.attributes
                0x00000126       0x34 ./Src/usart.o
 .ARM.attributes
                0x0000015a       0x21 ./Startup/startup_stm32f401retx.o
 .ARM.attributes
                0x0000017b       0x39 D:\1_Studying\1_IoT\1_FUNIX\Libraries_Add\SDK_1.0.3_NUCLEO-F401RE\lib_stm\libLibraries.a(system_stm32f4xx.o)
 .ARM.attributes
                0x000001b4       0x39 D:\1_Studying\1_IoT\1_FUNIX\Libraries_Add\SDK_1.0.3_NUCLEO-F401RE\lib_stm\libLibraries.a(misc.o)
 .ARM.attributes
                0x000001ed       0x39 D:\1_Studying\1_IoT\1_FUNIX\Libraries_Add\SDK_1.0.3_NUCLEO-F401RE\lib_stm\libLibraries.a(stm32f401re_gpio.o)
 .ARM.attributes
                0x00000226       0x39 D:\1_Studying\1_IoT\1_FUNIX\Libraries_Add\SDK_1.0.3_NUCLEO-F401RE\lib_stm\libLibraries.a(stm32f401re_rcc.o)
 .ARM.attributes
                0x0000025f       0x39 D:\1_Studying\1_IoT\1_FUNIX\Libraries_Add\SDK_1.0.3_NUCLEO-F401RE\lib_stm\libLibraries.a(stm32f401re_usart.o)
 .ARM.attributes
                0x00000298       0x39 D:\1_Studying\1_IoT\1_FUNIX\Libraries_Add\SDK_1.0.3_NUCLEO-F401RE\lib_stm\libLibraries.a(button.o)
 .ARM.attributes
                0x000002d1       0x39 D:\1_Studying\1_IoT\1_FUNIX\Libraries_Add\SDK_1.0.3_NUCLEO-F401RE\lib_stm\libLibraries.a(eventbutton.o)
 .ARM.attributes
                0x0000030a       0x39 D:\1_Studying\1_IoT\1_FUNIX\Libraries_Add\SDK_1.0.3_NUCLEO-F401RE\lib_stm\libLibraries.a(eventman.o)
 .ARM.attributes
                0x00000343       0x39 D:\1_Studying\1_IoT\1_FUNIX\Libraries_Add\SDK_1.0.3_NUCLEO-F401RE\lib_stm\libLibraries.a(timer.o)
 .ARM.attributes
                0x0000037c       0x39 D:\1_Studying\1_IoT\1_FUNIX\Libraries_Add\SDK_1.0.3_NUCLEO-F401RE\lib_stm\libLibraries.a(serial.o)
 .ARM.attributes
                0x000003b5       0x39 D:\1_Studying\1_IoT\1_FUNIX\Libraries_Add\SDK_1.0.3_NUCLEO-F401RE\lib_stm\libLibraries.a(Ucglib.o)
 .ARM.attributes
                0x000003ee       0x39 D:\1_Studying\1_IoT\1_FUNIX\Libraries_Add\SDK_1.0.3_NUCLEO-F401RE\lib_stm\libLibraries.a(ucg_box.o)
 .ARM.attributes
                0x00000427       0x39 D:\1_Studying\1_IoT\1_FUNIX\Libraries_Add\SDK_1.0.3_NUCLEO-F401RE\lib_stm\libLibraries.a(ucg_ccs.o)
 .ARM.attributes
                0x00000460       0x39 D:\1_Studying\1_IoT\1_FUNIX\Libraries_Add\SDK_1.0.3_NUCLEO-F401RE\lib_stm\libLibraries.a(ucg_dev_default_cb.o)
 .ARM.attributes
                0x00000499       0x39 D:\1_Studying\1_IoT\1_FUNIX\Libraries_Add\SDK_1.0.3_NUCLEO-F401RE\lib_stm\libLibraries.a(ucg_dev_ic_st7735.o)
 .ARM.attributes
                0x000004d2       0x39 D:\1_Studying\1_IoT\1_FUNIX\Libraries_Add\SDK_1.0.3_NUCLEO-F401RE\lib_stm\libLibraries.a(ucg_dev_msg_api.o)
 .ARM.attributes
                0x0000050b       0x39 D:\1_Studying\1_IoT\1_FUNIX\Libraries_Add\SDK_1.0.3_NUCLEO-F401RE\lib_stm\libLibraries.a(ucg_dev_tft_128x128_st7735.o)
 .ARM.attributes
                0x00000544       0x39 D:\1_Studying\1_IoT\1_FUNIX\Libraries_Add\SDK_1.0.3_NUCLEO-F401RE\lib_stm\libLibraries.a(ucg_font.o)
 .ARM.attributes
                0x0000057d       0x39 D:\1_Studying\1_IoT\1_FUNIX\Libraries_Add\SDK_1.0.3_NUCLEO-F401RE\lib_stm\libLibraries.a(ucg_init.o)
 .ARM.attributes
                0x000005b6       0x39 D:\1_Studying\1_IoT\1_FUNIX\Libraries_Add\SDK_1.0.3_NUCLEO-F401RE\lib_stm\libLibraries.a(ucg_line.o)
 .ARM.attributes
                0x000005ef       0x39 D:\1_Studying\1_IoT\1_FUNIX\Libraries_Add\SDK_1.0.3_NUCLEO-F401RE\lib_stm\libLibraries.a(ucg_pixel.o)
 .ARM.attributes
                0x00000628       0x39 D:\1_Studying\1_IoT\1_FUNIX\Libraries_Add\SDK_1.0.3_NUCLEO-F401RE\lib_stm\libLibraries.a(ucg_pixel_font_data.o)
 .ARM.attributes
                0x00000661       0x39 D:\1_Studying\1_IoT\1_FUNIX\Libraries_Add\SDK_1.0.3_NUCLEO-F401RE\lib_stm\libLibraries.a(ucg_rotate.o)
 .ARM.attributes
                0x0000069a       0x39 D:\1_Studying\1_IoT\1_FUNIX\Libraries_Add\SDK_1.0.3_NUCLEO-F401RE\lib_stm\libLibraries.a(buff.o)
 .ARM.attributes
                0x000006d3       0x39 D:\1_Studying\1_IoT\1_FUNIX\Libraries_Add\SDK_1.0.3_NUCLEO-F401RE\lib_stm\libLibraries.a(utilities.o)
 .ARM.attributes
                0x0000070c       0x39 D:\1_Studying\1_IoT\1_FUNIX\Libraries_Add\SDK_1.0.3_NUCLEO-F401RE\lib_stm\libLibraries.a(ucg_clip.o)
 .ARM.attributes
                0x00000745       0x39 D:\1_Studying\1_IoT\1_FUNIX\Libraries_Add\SDK_1.0.3_NUCLEO-F401RE\lib_stm\libLibraries.a(ucg_com_msg_api.o)
 .ARM.attributes
                0x0000077e       0x34 C:/ST/STM32CubeIDE_1.13.2/STM32CubeIDE/plugins/com.st.stm32cube.ide.mcu.externaltools.gnu-tools-for-stm32.12.3.rel1.win32_1.0.100.202403111256/tools/bin/../lib/gcc/arm-none-eabi/12.3.1/../../../../arm-none-eabi/lib/thumb/v7e-m+fp/hard\libc_nano.a(libc_a-findfp.o)
 .ARM.attributes
                0x000007b2       0x34 C:/ST/STM32CubeIDE_1.13.2/STM32CubeIDE/plugins/com.st.stm32cube.ide.mcu.externaltools.gnu-tools-for-stm32.12.3.rel1.win32_1.0.100.202403111256/tools/bin/../lib/gcc/arm-none-eabi/12.3.1/../../../../arm-none-eabi/lib/thumb/v7e-m+fp/hard\libc_nano.a(libc_a-fwalk.o)
 .ARM.attributes
                0x000007e6       0x34 C:/ST/STM32CubeIDE_1.13.2/STM32CubeIDE/plugins/com.st.stm32cube.ide.mcu.externaltools.gnu-tools-for-stm32.12.3.rel1.win32_1.0.100.202403111256/tools/bin/../lib/gcc/arm-none-eabi/12.3.1/../../../../arm-none-eabi/lib/thumb/v7e-m+fp/hard\libc_nano.a(libc_a-puts.o)
 .ARM.attributes
                0x0000081a       0x34 C:/ST/STM32CubeIDE_1.13.2/STM32CubeIDE/plugins/com.st.stm32cube.ide.mcu.externaltools.gnu-tools-for-stm32.12.3.rel1.win32_1.0.100.202403111256/tools/bin/../lib/gcc/arm-none-eabi/12.3.1/../../../../arm-none-eabi/lib/thumb/v7e-m+fp/hard\libc_nano.a(libc_a-sprintf.o)
 .ARM.attributes
                0x0000084e       0x34 C:/ST/STM32CubeIDE_1.13.2/STM32CubeIDE/plugins/com.st.stm32cube.ide.mcu.externaltools.gnu-tools-for-stm32.12.3.rel1.win32_1.0.100.202403111256/tools/bin/../lib/gcc/arm-none-eabi/12.3.1/../../../../arm-none-eabi/lib/thumb/v7e-m+fp/hard\libc_nano.a(libc_a-stdio.o)
 .ARM.attributes
                0x00000882       0x34 C:/ST/STM32CubeIDE_1.13.2/STM32CubeIDE/plugins/com.st.stm32cube.ide.mcu.externaltools.gnu-tools-for-stm32.12.3.rel1.win32_1.0.100.202403111256/tools/bin/../lib/gcc/arm-none-eabi/12.3.1/../../../../arm-none-eabi/lib/thumb/v7e-m+fp/hard\libc_nano.a(libc_a-wbuf.o)
 .ARM.attributes
                0x000008b6       0x34 C:/ST/STM32CubeIDE_1.13.2/STM32CubeIDE/plugins/com.st.stm32cube.ide.mcu.externaltools.gnu-tools-for-stm32.12.3.rel1.win32_1.0.100.202403111256/tools/bin/../lib/gcc/arm-none-eabi/12.3.1/../../../../arm-none-eabi/lib/thumb/v7e-m+fp/hard\libc_nano.a(libc_a-wsetup.o)
 .ARM.attributes
                0x000008ea       0x34 C:/ST/STM32CubeIDE_1.13.2/STM32CubeIDE/plugins/com.st.stm32cube.ide.mcu.externaltools.gnu-tools-for-stm32.12.3.rel1.win32_1.0.100.202403111256/tools/bin/../lib/gcc/arm-none-eabi/12.3.1/../../../../arm-none-eabi/lib/thumb/v7e-m+fp/hard\libc_nano.a(libc_a-memset.o)
 .ARM.attributes