../Src/main.c:72:5:main	8	static
../Src/main.c:86:6:AppInitCommon	16	static
../Src/main.c:107:13:SetStateApp	16	static
../Src/main.c:113:20:GetStateApp	4	static
../Src/main.c:120:13:AppStateManager	16	static
../Src/main.c:145:6:LoadConfiguration	16	static
../Src/main.c:153:6:DeviceStateMachine	24	static
../Src/main.c:342:5:Clamp	24	static
../Src/main.c:350:6:Increase_LedLevel	8	static
../Src/main.c:357:6:Decrease_LedLevel	8	static
../Src/main.c:364:6:MultiSensorScan	16	static
../Src/main.c:383:6:Task_multiSensorScan	16	static
