../Src/main_Asm1_IOT302.c:104:5:main	8	static
../Src/main_Asm1_IOT302.c:135:6:AppInitCommon	16	static
../Src/main_Asm1_IOT302.c:192:13:SetStateApp	16	static
../Src/main_Asm1_IOT302.c:209:20:GetStateApp	4	static
../Src/main_Asm1_IOT302.c:226:13:AppStateManager	16	static
../Src/main_Asm1_IOT302.c:261:6:LoadConfiguration	16	static
../Src/main_Asm1_IOT302.c:280:6:DeviceStateMachine	24	static
../Src/main_Asm1_IOT302.c:456:5:Clamp	24	static
../Src/main_Asm1_IOT302.c:474:6:Increase_LedLevel	8	static
../Src/main_Asm1_IOT302.c:491:6:Decrease_LedLevel	8	static
../Src/main_Asm1_IOT302.c:508:6:MultiSensorScan	16	static
../Src/main_Asm1_IOT302.c:538:6:Task_multiSensorScan	16	static
