../Src/main_Asm2_IOT302.c:117:5:main	8	static
../Src/main_Asm2_IOT302.c:147:6:AppInitCommon	16	static
../Src/main_Asm2_IOT302.c:188:13:SetStateApp	16	static
../Src/main_Asm2_IOT302.c:205:20:GetStateApp	4	static
../Src/main_Asm2_IOT302.c:222:13:AppStateManager	24	static
../Src/main_Asm2_IOT302.c:259:6:LoadConfiguration	16	static
../Src/main_Asm2_IOT302.c:280:6:DeviceStateMachine	24	static
../Src/main_Asm2_IOT302.c:476:5:Clamp	24	static
../Src/main_Asm2_IOT302.c:494:6:Increase_LedLevel	8	static
../Src/main_Asm2_IOT302.c:511:6:Decrease_LedLevel	8	static
../Src/main_Asm2_IOT302.c:528:6:MultiSensorScan	16	static
../Src/main_Asm2_IOT302.c:559:6:Task_multiSensorScan	16	static
../Src/main_Asm2_IOT302.c:602:6:LedCmdSetState	24	static
../Src/main_Asm2_IOT302.c:661:6:BuzzerCmdSetState	16	static
../Src/main_Asm2_IOT302.c:685:6:LcdCmdSetState	24	static
../Src/main_Asm2_IOT302.c:714:6:ButtonCmdSetState	24	static
