../Src/lcd.c:88:6:LCD_Init	16	static
../Src/lcd.c:109:6:LCD_ClearScreen	8	static
../Src/lcd.c:126:6:LCD_ClearBuffer	8	static
../Src/lcd.c:149:6:LCD_DisplayNetworkState	16	static
../Src/lcd.c:179:6:LCD_DisplayTempValue	16	static
../Src/lcd.c:204:6:LCD_DisplayHumiValue	16	static
../Src/lcd.c:229:6:LCD_DisplayLightValue	16	static
../Src/lcd.c:254:6:LCD_DisplayDetectionState	16	static
../Src/lcd.c:284:6:LCD_DisplayLedState	16	static
../Src/lcd.c:314:6:LCD_DisplayConnectionLedState	24	static
../Src/lcd.c:344:6:LCD_DisplayConnectionSensorState	24	static
../Src/lcd.c:374:6:LCD_ScreenLoadOnStartup	16	static
../Src/lcd.c:394:6:LCD_ScreenHome	16	static
../Src/lcd.c:422:6:LCD_ScreenDeviceManager	16	static
../Src/lcd.c:450:6:LCD_ScreenLedControl	16	static
../Src/lcd.c:477:6:LCD_ScreenSensorConfig	16	static
../Src/lcd.c:506:6:LCD_ScreenValueDistance	16	static
../Src/lcd.c:533:6:LCD_ScreenValueLatency	16	static
../Src/lcd.c:560:6:LCD_ScreenValueSensitivity	16	static
../Src/lcd.c:587:6:LCD_ScreenValueLight	16	static
../Src/lcd.c:614:6:LCD_ScreenMoveUp	8	static
../Src/lcd.c:654:6:LCD_ScreenMoveDown	8	static
../Src/lcd.c:696:6:LCD_ScreenMovePosition	16	static
../Src/lcd.c:741:6:LCD_ScreenNextAndSet	8	static
../Src/lcd.c:1001:6:LCD_ScreenBack	8	static
../Src/lcd.c:1069:6:LCD_ScreenSetLedState	16	static
../Src/lcd.c:1092:6:LCD_ScreenSetValueDistance	16	static
../Src/lcd.c:1115:6:LCD_ScreenSetValueLatency	16	static
../Src/lcd.c:1138:6:LCD_ScreenSetValueSensitivity	16	static
../Src/lcd.c:1161:6:LCD_ScreenSetValueLight	16	static
../Src/lcd.c:1184:6:LCD_ScreenValueSetMarker	16	static
../Src/lcd.c:1233:6:LCD_ScreenSelectPosition	24	static
../Src/lcd.c:1269:6:LCD_ScreenClearSelectPosition	24	static
../Src/lcd.c:1305:6:LCD_ScreenSetValue	24	static
../Src/lcd.c:1341:6:LCD_ScreenClearSetValue	24	static
../Src/lcd.c:1378:6:LCD_UpdateDeviceState	16	static
../Src/lcd.c:1413:14:LCD_GetCurrentScreen	4	static
../Src/lcd.c:1429:9:LCD_GetCurrentSelect	4	static
../Src/lcd.c:1445:15:LCD_GetLedStateSelected	4	static
../Src/lcd.c:1461:15:LCD_GetDistanceValueSelected	4	static
../Src/lcd.c:1477:15:LCD_GetLatencyValueSelected	4	static
../Src/lcd.c:1493:15:LCD_GetSensitivityValueSelected	4	static
../Src/lcd.c:1509:15:LCD_GetLightValueSelected	4	static
../Src/lcd.c:1525:6:LCD_GetNetworkStateReceived	16	static
../Src/lcd.c:1541:6:LCD_GetTempValueReceived	16	static
../Src/lcd.c:1557:6:LCD_GetHumiValueReceived	16	static
../Src/lcd.c:1573:6:LCD_GetLightValueReceived	16	static
../Src/lcd.c:1589:6:LCD_GetDetecStateReceived	16	static
../Src/lcd.c:1605:6:LCD_GetLedStateReceived	16	static
../Src/lcd.c:1622:9:LCD_ResetItemSelect	4	static
