../Src/main_Asm1_IOT303.c:135:5:main	8	static
../Src/main_Asm1_IOT303.c:161:6:AppInitManager	16	static
../Src/main_Asm1_IOT303.c:196:13:LedBuzzer_Init	16	static
../Src/main_Asm1_IOT303.c:240:13:Button_Init	32	static
../Src/main_Asm1_IOT303.c:310:6:LedControl_SetState	16	static
../Src/main_Asm1_IOT303.c:437:6:BlinkLed_StatusPower	8	static
../Src/main_Asm1_IOT303.c:463:6:BlinkLed_RGB	8	static
../Src/main_Asm1_IOT303.c:491:6:BuzzerControl_SetBeep	16	static
../Src/main_Asm1_IOT303.c:514:6:Buzzer_Play	8	static
../Src/main_Asm1_IOT303.c:532:6:LedBuzzer_SetStatus	16	static
../Src/main_Asm1_IOT303.c:565:10:CalculatorTime	24	static
../Src/main_Asm1_IOT303.c:592:6:EXTI4_IRQHandler	8	static
../Src/main_Asm1_IOT303.c:619:6:ScanB3	16	static
../Src/main_Asm1_IOT303.c:674:6:EXTI3_IRQHandler	8	static
../Src/main_Asm1_IOT303.c:701:6:ScanB2	16	static
../Src/main_Asm1_IOT303.c:758:6:EXTI0_IRQHandler	8	static
../Src/main_Asm1_IOT303.c:785:6:ScanB4	16	static
